[2025-08-05 16:25:42] [INFO] main: testadmin login
[2025-08-05 16:25:53] [INFO] main: testadmin create the add for testadmin3
[2025-08-05 16:26:08] [INFO] main: testadmin change state of vm postman-clone to start
[2025-08-05 16:26:20] [INFO] main: testadmin change state of vm postman-clone to shutdown
[2025-08-05 16:26:45] [INFO] main: testadmin listed all VM
[2025-08-05 16:26:58] [INFO] main: testadmin created Linux vm named postman-new2
[2025-08-05 16:27:46] [INFO] main: testadmin cloned Linux vm named postman-clone2
[2025-08-05 16:30:14] [INFO] main: testadmin listed all VM
[2025-08-05 16:30:28] [INFO] main: testadmin change state of vm postman-clone to shutdown
[2025-08-05 16:31:32] [INFO] main: testadmin change state of vm postman-new to destroy
[2025-08-05 16:31:38] [INFO] main: testadmin change state of vm postman-new2 to destroy
[2025-08-05 16:31:59] [INFO] main: testadmin change state of vm postman-clone to start
[2025-08-05 16:51:30] [INFO] main: testadmin login
[2025-08-05 16:51:33] [INFO] main: testadmin listed all VM
[2025-08-05 16:51:51] [INFO] main: testadmin listed all VM
[2025-08-05 16:53:33] [INFO] main: testadmin listed all VM
[2025-08-05 16:55:46] [INFO] main: testadmin listed all VM
[2025-08-05 16:56:22] [INFO] main: testadmin listed all VM
[2025-08-05 16:57:32] [INFO] main: testadmin listed all VM
[2025-08-05 16:57:48] [INFO] main: testadmin listed all VM
[2025-08-05 16:58:02] [INFO] main: testadmin listed all VM
[2025-08-05 17:01:33] [INFO] main: testadmin login
[2025-08-05 17:01:44] [INFO] main: testadmin change state of vm postman-clone to start
[2025-08-05 17:01:52] [INFO] main: testadmin change state of vm postman-clone to shutdown
[2025-08-05 17:02:00] [INFO] main: testadmin listed all VM
[2025-08-05 17:02:08] [INFO] main: testadmin created Linux vm named postman-new2
[2025-08-05 17:03:28] [INFO] main: testadmin cloned Linux vm named postman-clone2
[2025-08-05 17:24:11] [INFO] main: testadmin login
[2025-08-05 17:24:17] [INFO] main: testadmin listed all VM
[2025-08-05 17:24:53] [INFO] main: testuser login
[2025-08-05 17:25:06] [INFO] main: testuser listed all VM
[2025-08-05 17:38:53] [INFO] main: testuser login
[2025-08-05 17:39:42] [INFO] main: testuser listed all VM
[2025-08-05 17:39:48] [ERROR] main: testuser got error: Domain is already active when changing state of vm postman-clone to start
[2025-08-05 17:40:20] [ERROR] main: testuser got error: Domain is already active when changing state of vm postman-clone to start
[2025-08-05 17:40:38] [ERROR] main: testuser got error: Domain is already active when changing state of vm postman-clone to start
[2025-08-05 17:40:57] [INFO] main: testuser login
[2025-08-05 17:41:01] [ERROR] main: testuser got error: Domain is already active when changing state of vm postman-clone to start
[2025-08-05 17:41:22] [INFO] main: testadmin login
[2025-08-05 17:41:29] [ERROR] main: testadmin got ERROR    Could not use path '/home/postman-clone2.qcow2' for cloning: Clone onto existing storage volume is not currently supported: '/home/postman-clone2.qcow2' when cloning Linux vm named postman-clone2
[2025-08-05 17:41:46] [ERROR] main: testadmin got ERROR    Disk /home/postman-new2.qcow2 is already in use by other guests ['postman-new2']. (Use --check path_in_use=off or --check all=off to override) when creating Linux vm named postman-new2
[2025-08-05 17:41:52] [INFO] main: testadmin listed all VM
[2025-08-05 17:41:57] [ERROR] main: testadmin got error: Domain is already active when changing state of vm postman-clone to start
[2025-08-05 17:42:03] [ERROR] main: testadmin got 1062 (23000): Duplicate entry 'testadmin3' for key 'users.PRIMARY' when creating creating for testadmin3
[2025-08-05 17:42:15] [INFO] main: testadmin login
[2025-08-06 10:37:26] [INFO] main: testadmin login
[2025-08-06 10:38:18] [INFO] main: testadmin login
[2025-08-06 10:38:25] [INFO] main: testadmin listed all VM
[2025-08-06 10:38:30] [ERROR] main: testadmin got error: Domain is already active when changing state of vm postman-clone to start
[2025-08-06 10:38:36] [ERROR] main: testadmin got 1062 (23000): Duplicate entry 'testadmin3' for key 'users.PRIMARY' when creating creating for testadmin3
[2025-08-06 10:38:42] [ERROR] main: testadmin got ERROR    Disk /home/postman-new2.qcow2 is already in use by other guests ['postman-new2']. (Use --check path_in_use=off or --check all=off to override) when creating Linux vm named postman-new2
[2025-08-06 10:38:48] [ERROR] main: testadmin got ERROR    Could not use path '/home/postman-clone2.qcow2' for cloning: Clone onto existing storage volume is not currently supported: '/home/postman-clone2.qcow2' when cloning Linux vm named postman-clone2
[2025-08-06 10:39:10] [ERROR] main: testadmin got ERROR    Could not use path '/home/postman-clone.qcow2' for cloning: Clone onto existing storage volume is not currently supported: '/home/postman-clone.qcow2' when cloning Linux vm named postman-clone
[2025-08-06 10:39:57] [INFO] main: testadmin cloned Linux vm named postman-clone3
[2025-08-06 10:41:02] [INFO] main: testadmin change state of vm postman-clone3 to start
[2025-08-06 10:41:10] [ERROR] main: testadmin got ERROR    Could not use path '/home/postman-clone3.qcow2' for cloning: Clone onto existing storage volume is not currently supported: '/home/postman-clone3.qcow2' when cloning Linux vm named postman-clone3
[2025-08-06 11:32:22] [INFO] main: testadmin login
[2025-08-06 11:32:26] [INFO] main: testadmin listed all VM
[2025-08-06 12:01:04] [INFO] main: testadmin login
[2025-08-06 12:01:09] [INFO] main: testadmin listed all VM
[2025-08-06 12:02:19] [INFO] main: testadmin listed all VM
[2025-08-06 12:02:55] [INFO] main: testadmin listed all VM
[2025-08-06 12:03:23] [ERROR] main: testadmin got ERROR    Could not use path '/home/postman-clone3.qcow2' for cloning: Clone onto existing storage volume is not currently supported: '/home/postman-clone3.qcow2' when cloning Linux vm named postman-clone3
[2025-08-06 12:15:36] [INFO] main: testadmin cloned Linux vm named postman-clone3
[2025-08-06 12:16:48] [INFO] main: testadmin login
[2025-08-06 12:18:10] [INFO] main: testadmin cloned Windows vm named postman-clone
[2025-08-06 12:18:55] [INFO] main: testadmin change state of vm postman-clone3 to start
[2025-08-06 12:19:11] [ERROR] main: testadmin got error: Domain is already active when changing state of vm postman-clone3 to start
[2025-08-06 12:19:30] [INFO] main: testadmin change state of vm postman-clone to start
[2025-08-06 12:19:39] [ERROR] main: testadmin got error: failed to get domain 'postman-clone5' when changing state of vm postman-clone5 to start
[2025-08-06 12:19:46] [ERROR] main: Entered the state of VM
[2025-08-06 12:20:10] [ERROR] main: Entered the state of VM
[2025-08-06 12:20:22] [ERROR] main: testadmin got error: Domain is already active when changing state of vm postman-clone to start
[2025-08-06 13:40:09] [INFO] main: testadmin login
[2025-08-06 13:40:17] [INFO] main: testadmin listed all VM
[2025-08-06 15:14:41] [INFO] main: testadmin login
[2025-08-06 15:14:46] [INFO] main: testadmin listed all VM
[2025-08-06 15:14:53] [ERROR] main: testadmin got ERROR    Could not use path '/home/postman-clone.qcow2' for cloning: Clone onto existing storage volume is not currently supported: '/home/postman-clone.qcow2' when cloning Windows vm named postman-clone
[2025-08-06 15:16:14] [INFO] main: testadmin cloned Windows vm named postman-clone1
[2025-08-06 15:16:22] [INFO] main: testadmin listed all VM
[2025-08-06 15:17:31] [INFO] main: testadmin cloned Windows vm named postman-clone2
[2025-08-06 17:08:30] [INFO] main: testadmin login
[2025-08-06 17:09:27] [INFO] main: testadmin listed all VM
[2025-08-06 17:11:29] [INFO] main: testadmin login
[2025-08-07 16:02:56] [INFO] main: testadmin login
[2025-08-07 16:06:14] [INFO] main: testadmin login
[2025-08-07 16:10:36] [INFO] main: testadmin login
[2025-08-07 16:10:43] [INFO] main: testadmin login
[2025-08-07 16:11:04] [INFO] main: testadmin listed all VM
[2025-08-07 16:11:12] [INFO] main: testadmin listed all VM
[2025-08-07 16:11:27] [INFO] main: testadmin listed all VM
[2025-08-07 16:12:10] [INFO] main: testadmin listed all VM
[2025-08-07 16:14:47] [INFO] main: testadmin listed all VM
[2025-08-07 16:14:55] [INFO] main: testadmin listed all VM
[2025-08-07 16:15:21] [INFO] main: testadmin listed all VM
[2025-08-07 16:15:29] [INFO] main: testadmin listed all VM
[2025-08-07 16:16:03] [INFO] main: testadmin listed all VM
[2025-08-07 16:16:04] [INFO] main: testadmin listed all VM
[2025-08-07 16:16:07] [INFO] main: testadmin listed all VM
[2025-08-07 16:19:42] [INFO] main: testadmin listed all VM
[2025-08-07 16:20:22] [INFO] main: testadmin listed all VM
[2025-08-07 16:21:40] [INFO] main: testadmin listed all VM
[2025-08-07 16:21:40] [INFO] main: testadmin listed all VM
[2025-08-07 16:23:22] [INFO] main: testadmin listed all VM
[2025-08-07 16:23:30] [INFO] main: testadmin listed all VM
[2025-08-07 16:24:09] [INFO] main: testadmin listed all VM
[2025-08-07 16:24:15] [INFO] main: testadmin listed all VM
[2025-08-07 16:24:17] [INFO] main: testadmin listed all VM
[2025-08-07 16:28:11] [INFO] main: testadmin login
[2025-08-07 16:28:59] [INFO] main: testadmin listed all VM
[2025-08-07 16:28:59] [INFO] main: testadmin listed all VM
[2025-08-07 16:29:03] [INFO] main: testadmin listed all VM
[2025-08-07 16:29:29] [INFO] main: testadmin listed all VM
[2025-08-07 16:29:45] [INFO] main: testadmin listed all VM
[2025-08-07 16:29:48] [INFO] main: testadmin listed all VM
[2025-08-07 16:29:49] [INFO] main: testadmin listed all VM
[2025-08-07 16:29:52] [INFO] main: testadmin listed all VM
[2025-08-07 16:29:56] [INFO] main: testadmin listed all VM
[2025-08-07 16:30:30] [INFO] main: testadmin listed all VM
[2025-08-07 16:30:41] [INFO] main: testadmin listed all VM
[2025-08-07 16:30:58] [INFO] main: testadmin listed all VM
[2025-08-07 16:31:02] [INFO] main: testadmin listed all VM
[2025-08-07 16:31:50] [INFO] main: testadmin listed all VM
[2025-08-07 16:31:53] [INFO] main: testadmin listed all VM
[2025-08-07 16:37:57] [INFO] main: testadmin login
[2025-08-07 16:38:01] [INFO] main: testadmin listed all VM
[2025-08-07 16:39:30] [INFO] main: testadmin listed all VM
[2025-08-07 16:39:32] [INFO] main: testadmin listed all VM
[2025-08-07 16:39:36] [INFO] main: testadmin listed all VM
[2025-08-07 16:39:39] [INFO] main: testadmin listed all VM
[2025-08-07 16:40:18] [INFO] main: testadmin listed all VM
[2025-08-07 16:43:03] [INFO] main: testadmin listed all VM
[2025-08-07 16:43:49] [INFO] main: testadmin listed all VM
[2025-08-07 16:44:24] [INFO] main: testadmin listed all VM
[2025-08-07 16:44:46] [INFO] main: testadmin listed all VM
[2025-08-07 16:45:31] [INFO] main: testadmin listed all VM
[2025-08-11 13:26:33] [INFO] main: testadmin login
[2025-08-11 13:26:43] [ERROR] main: testadmin got 1062 (23000): Duplicate entry 'testadmin3' for key 'users.PRIMARY' when creating creating for testadmin3
[2025-08-11 13:26:50] [INFO] main: testadmin created Account for testadmin4
[2025-08-11 13:27:24] [INFO] main: testadmin listed all VM
[2025-08-11 13:27:32] [ERROR] main: testadmin got error: Domain is already active when changing state of vm postman-clone to start
[2025-08-11 13:27:47] [INFO] main: testadmin created Linux vm named postman-new2
[2025-08-11 13:27:54] [ERROR] main: testadmin got ERROR    Could not use path '/home/postman-clone2.qcow2' for cloning: Clone onto existing storage volume is not currently supported: '/home/postman-clone2.qcow2' when cloning Windows vm named postman-clone2
[2025-08-11 13:28:16] [ERROR] main: testadmin got ERROR    Could not use path '/home/postman-clone3.qcow2' for cloning: Clone onto existing storage volume is not currently supported: '/home/postman-clone3.qcow2' when cloning Windows vm named postman-clone3
[2025-08-11 13:30:00] [INFO] main: testadmin cloned Windows vm named postman-clone4
[2025-08-11 13:31:17] [INFO] main: testadmin listed all VM
[2025-08-11 13:31:39] [INFO] main: testadmin change state of vm postman-clone1 to start
[2025-08-11 13:36:42] [INFO] main: testadmin login
[2025-08-11 13:36:46] [ERROR] main: testadmin got 1062 (23000): Duplicate entry 'testadmin4' for key 'users.PRIMARY' when creating creating for testadmin4
[2025-08-11 13:36:51] [ERROR] main: testadmin got error: Domain is already active when changing state of vm postman-clone1 to start
[2025-08-11 13:36:58] [INFO] main: testadmin listed all VM
[2025-08-11 13:37:08] [ERROR] main: testadmin got ERROR    Disk /home/postman-new2.qcow2 is already in use by other guests ['postman-new2']. (Use --check path_in_use=off or --check all=off to override) when creating Linux vm named postman-new2
[2025-08-11 13:37:12] [ERROR] main: testadmin got ERROR    Could not use path '/home/postman-clone4.qcow2' for cloning: Clone onto existing storage volume is not currently supported: '/home/postman-clone4.qcow2' when cloning Windows vm named postman-clone4
[2025-08-12 11:25:10] [INFO] main: testadmin login
[2025-08-12 11:25:52] [INFO] main: testadmin listed all VM
[2025-08-12 11:31:34] [INFO] main: testadmin listed all VM
[2025-08-12 11:31:38] [INFO] main: testadmin listed all VM
[2025-08-12 11:32:28] [INFO] main: testadmin listed all VM
[2025-08-12 11:32:37] [INFO] main: testadmin listed all VM
[2025-08-12 11:33:11] [INFO] main: testadmin listed all VM
[2025-08-12 11:33:29] [INFO] main: testadmin listed all VM
[2025-08-12 11:34:17] [INFO] main: testadmin listed all VM
[2025-08-12 11:34:55] [INFO] main: testadmin listed all VM
[2025-08-12 11:36:13] [INFO] main: testadmin listed all VM
[2025-08-12 11:37:02] [INFO] main: testadmin listed all VM
[2025-08-12 11:37:09] [INFO] main: testadmin listed all VM
[2025-08-12 11:38:33] [INFO] main: testadmin listed all VM
[2025-08-12 11:48:07] [INFO] main: testadmin login
[2025-08-12 11:48:38] [INFO] main: testadmin login
[2025-08-12 11:48:54] [INFO] main: testadmin listed all VM
[2025-08-12 11:49:09] [INFO] main: testadmin listed all VM
[2025-08-12 11:49:29] [INFO] main: testadmin listed all VM
[2025-08-12 11:50:53] [INFO] main: testadmin listed all VM
[2025-08-12 12:03:09] [INFO] main: testadmin listed all VM
[2025-08-12 12:03:36] [INFO] main: testadmin listed all VM
[2025-08-12 16:21:27] [INFO] main: testadmin login
[2025-08-12 16:23:09] [INFO] main: testadmin listed all VM
[2025-08-12 16:23:10] [INFO] main: testadmin listed all VM
[2025-08-12 16:27:33] [INFO] main: testadmin listed all VM
[2025-08-12 16:27:44] [INFO] main: testadmin listed all VM
[2025-08-12 16:27:48] [INFO] main: testadmin listed all VM
[2025-08-12 16:29:44] [INFO] main: testadmin listed all VM
[2025-08-12 16:30:51] [INFO] main: testadmin listed all VM
[2025-08-12 16:31:03] [INFO] main: testadmin listed all VM
[2025-08-12 16:31:14] [INFO] main: testadmin listed all VM
[2025-08-12 16:31:20] [INFO] main: testadmin listed all VM
[2025-08-12 16:31:25] [INFO] main: testadmin listed all VM
[2025-08-12 16:31:32] [INFO] main: testadmin listed all VM
[2025-08-12 16:31:38] [INFO] main: testadmin listed all VM
[2025-08-12 16:31:48] [INFO] main: testadmin listed all VM
[2025-08-12 16:31:53] [INFO] main: testadmin listed all VM
[2025-08-12 16:31:55] [INFO] main: testadmin listed all VM
[2025-08-12 16:31:56] [INFO] main: testadmin listed all VM
[2025-08-12 16:32:05] [INFO] main: testadmin listed all VM
[2025-08-12 16:32:18] [INFO] main: testadmin listed all VM
[2025-08-12 16:32:26] [INFO] main: testadmin listed all VM
[2025-08-12 16:32:31] [INFO] main: testadmin listed all VM
[2025-08-12 16:32:36] [INFO] main: testadmin listed all VM
[2025-08-12 16:32:39] [INFO] main: testadmin listed all VM
[2025-08-13 10:51:51] [INFO] main: testadmin login
[2025-08-13 10:52:27] [INFO] main: testadmin login
[2025-08-13 10:53:05] [INFO] main: testadmin login
[2025-08-13 10:53:06] [INFO] main: testadmin listed all VM
[2025-08-13 10:54:36] [ERROR] main: testadmin entered wrong password
[2025-08-13 10:55:09] [INFO] main: testadmin login
[2025-08-13 10:55:09] [INFO] main: testadmin listed all VM
[2025-08-13 10:55:26] [INFO] main: testadmin login
[2025-08-13 10:55:27] [INFO] main: testadmin listed all VM
[2025-08-13 10:56:16] [INFO] main: testadmin login
[2025-08-13 10:56:16] [INFO] main: testadmin listed all VM
[2025-08-13 11:18:30] [INFO] main: testadmin login
[2025-08-13 11:19:26] [INFO] main: testadmin login
[2025-08-13 11:19:26] [INFO] main: testadmin listed all VM
[2025-08-13 11:23:54] [INFO] main: testadmin login
[2025-08-13 11:23:54] [INFO] main: testadmin listed all VM
[2025-08-13 11:26:34] [INFO] main: testadmin login
[2025-08-13 11:26:34] [INFO] main: testadmin listed all VM
[2025-08-13 11:27:00] [INFO] main: testadmin login
[2025-08-13 11:27:01] [INFO] main: testadmin listed all VM
[2025-08-13 13:01:28] [INFO] main: testadmin login
[2025-08-13 13:01:44] [INFO] main: testadmin listed all VM
[2025-08-13 13:01:55] [INFO] main: testadmin listed all VM
[2025-08-13 13:01:56] [INFO] main: testadmin listed all VM
[2025-08-13 13:02:04] [INFO] main: testadmin listed all VM
[2025-08-13 13:02:09] [INFO] main: testadmin listed all VM
[2025-08-13 13:02:21] [INFO] main: testadmin listed all VM
[2025-08-13 13:02:30] [INFO] main: testadmin listed all VM
[2025-08-13 13:02:41] [INFO] main: testadmin listed all VM
[2025-08-13 13:02:46] [INFO] main: testadmin listed all VM
[2025-08-13 13:03:42] [INFO] main: testadmin listed all VM
[2025-08-13 13:03:54] [INFO] main: testadmin listed all VM
[2025-08-13 13:07:40] [INFO] main: testadmin login
[2025-08-13 13:07:40] [INFO] main: testadmin listed all VM
[2025-08-13 13:07:41] [INFO] main: testadmin listed all VM
[2025-08-13 13:08:11] [INFO] main: testadmin listed all VM
[2025-08-13 13:08:35] [INFO] main: testadmin login
[2025-08-13 13:08:35] [INFO] main: testadmin listed all VM
[2025-08-13 13:55:17] [ERROR] main: testadmin entered wrong password
[2025-08-13 13:55:24] [INFO] main: testadmin login
[2025-08-13 13:58:10] [INFO] main: testadmin login
[2025-08-13 13:59:19] [INFO] main: testadmin login
[2025-08-13 14:00:01] [INFO] main: testadmin login
[2025-08-13 14:00:39] [INFO] main: testadmin login
[2025-08-13 14:00:56] [INFO] main: testadmin listed all VM
[2025-08-13 14:01:12] [INFO] main: testadmin login
[2025-08-13 14:01:12] [INFO] main: testadmin listed all VM
[2025-08-13 14:01:24] [INFO] main: testadmin listed all VM
[2025-08-13 14:01:25] [INFO] main: testadmin listed all VM
[2025-08-13 14:10:55] [INFO] main: testadmin listed all VM
[2025-08-13 14:11:28] [INFO] main: testadmin listed all VM
[2025-08-13 14:11:51] [ERROR] main: testadmin entered wrong password
[2025-08-13 14:11:53] [ERROR] main: testadmin entered wrong password
[2025-08-13 14:12:01] [INFO] main: testadmin login
[2025-08-13 14:12:01] [INFO] main: testadmin listed all VM
[2025-08-13 14:12:22] [INFO] main: testuser login
[2025-08-13 14:12:22] [INFO] main: testuser listed all VM
[2025-08-13 14:13:00] [INFO] main: testadmin login
[2025-08-13 14:13:01] [INFO] main: testadmin listed all VM
[2025-08-13 14:13:52] [INFO] main: testadmin listed all VM
[2025-08-13 14:14:18] [INFO] main: testadmin login
[2025-08-13 14:14:18] [INFO] main: testadmin listed all VM
[2025-08-13 14:16:27] [INFO] main: testadmin listed all VM
[2025-08-13 14:17:29] [INFO] main: testadmin listed all VM
[2025-08-13 14:23:13] [INFO] main: testadmin listed all VM
[2025-08-13 16:25:00] [INFO] main: testadmin login
[2025-08-13 16:25:03] [INFO] main: testadmin listed all VM
[2025-08-13 16:25:48] [INFO] main: testadmin listed all VM
[2025-08-13 16:26:07] [INFO] main: testadmin listed all VM
[2025-08-13 16:27:02] [INFO] main: testadmin login
[2025-08-13 16:27:02] [INFO] main: testadmin listed all VM
[2025-08-13 16:27:09] [INFO] main: testadmin listed all VM
[2025-08-13 16:27:20] [INFO] main: testadmin listed all VM
[2025-08-13 16:29:39] [INFO] main: testadmin listed all VM
[2025-08-13 16:30:49] [INFO] main: testadmin listed all VM
[2025-08-13 16:31:33] [INFO] main: testadmin listed all VM
[2025-08-13 16:32:12] [INFO] main: testadmin login
[2025-08-13 16:32:12] [INFO] main: testadmin listed all VM
[2025-08-13 16:32:16] [INFO] main: testadmin listed all VM
[2025-08-13 16:32:54] [INFO] main: testadmin login
[2025-08-13 16:32:55] [INFO] main: testadmin listed all VM
[2025-08-13 16:32:58] [INFO] main: testadmin listed all VM
[2025-08-13 16:33:02] [INFO] main: testadmin listed all VM
[2025-08-13 17:20:46] [INFO] main: testadmin login
[2025-08-13 17:20:47] [INFO] main: testadmin listed all VM
[2025-08-13 17:20:57] [INFO] main: testadmin listed all VM
[2025-08-13 17:28:42] [INFO] main: testadmin listed all VM
[2025-08-13 17:28:47] [INFO] main: testadmin listed all VM
[2025-08-13 18:08:21] [INFO] main: testadmin login
[2025-08-13 18:08:21] [INFO] main: testadmin login
[2025-08-13 18:08:21] [INFO] main: testadmin login
[2025-08-13 18:08:21] [INFO] main: testadmin login
[2025-08-13 18:08:21] [INFO] main: testadmin listed all VM
[2025-08-13 18:08:21] [INFO] main: testadmin listed all VM
[2025-08-13 18:08:26] [INFO] main: testadmin listed all VM
[2025-08-13 18:08:26] [INFO] main: testadmin listed all VM
[2025-08-13 18:09:53] [INFO] main: testadmin listed all VM
[2025-08-13 18:10:01] [INFO] main: testadmin listed all VM
[2025-08-13 18:10:51] [INFO] main: testadmin login
[2025-08-13 18:10:51] [INFO] main: testadmin listed all VM
[2025-08-13 22:52:31] [INFO] main: testadmin login
[2025-08-13 23:03:31] [INFO] main: testadmin login
[2025-08-13 23:14:02] [INFO] main: testadmin login
[2025-08-13 23:14:03] [INFO] main: testadmin listed all VM
[2025-08-14 11:12:07] [INFO] main: testadmin listed all VM
[2025-08-14 12:42:15] [INFO] main: testadmin login
[2025-08-14 12:43:18] [INFO] main: testadmin login
[2025-08-14 12:43:46] [INFO] main: testadmin login
[2025-08-14 13:09:24] [INFO] main: testadmin login
[2025-08-14 13:15:49] [INFO] main: testadmin login
[2025-08-19 10:55:03] [INFO] main: testadmin login
[2025-08-19 10:55:23] [INFO] main: testadmin login
[2025-08-19 10:55:45] [INFO] main: testadmin login
[2025-08-19 11:12:44] [INFO] main: testadmin login
[2025-08-19 17:01:02] [INFO] main: testadmin login
[2025-08-19 17:01:03] [INFO] main: testadmin listed all VM
[2025-08-19 17:02:19] [INFO] main: testadmin login
[2025-08-19 17:02:51] [ERROR] main: Entered invalid vm type
[2025-08-19 17:03:45] [INFO] main: testadmin cloned Linux vm named postman-clone
[2025-08-19 17:04:17] [INFO] main: testadmin change state of vm postman-clone to start
[2025-08-19 17:04:25] [INFO] main: testadmin listed all VM
[2025-08-19 17:05:41] [INFO] main: testadmin login
[2025-08-19 17:05:41] [INFO] main: testadmin listed all VM
[2025-08-19 17:09:01] [INFO] main: testadmin login
[2025-08-19 17:09:01] [INFO] main: testadmin listed all VM
[2025-08-19 17:10:05] [INFO] main: testadmin listed all VM
[2025-08-19 17:11:15] [INFO] main: testadmin login
[2025-08-19 17:11:16] [INFO] main: testadmin listed all VM
[2025-08-19 17:12:23] [INFO] main: testadmin listed all VM
[2025-08-19 17:15:18] [INFO] main: testadmin listed all VM
[2025-08-19 17:17:11] [INFO] main: testadmin listed all VM
[2025-08-19 17:17:20] [INFO] main: testadmin listed all VM
[2025-08-19 17:17:24] [INFO] main: testadmin listed all VM
[2025-08-19 17:18:55] [INFO] main: testadmin listed all VM
[2025-08-19 17:21:35] [ERROR] main: testadmin got error: Domain is already active when changing state of vm postman-clone to start
[2025-08-19 17:27:56] [INFO] main: testadmin listed all VM
[2025-08-19 17:27:57] [INFO] main: testadmin listed all VM
[2025-08-19 17:28:18] [INFO] main: testadmin change state of vm win-template to shutdown
[2025-08-19 17:29:13] [INFO] main: testadmin listed all VM
[2025-08-19 17:29:16] [INFO] main: testadmin listed all VM
[2025-08-19 17:29:22] [INFO] main: testadmin change state of vm postman-clone to shutdown
[2025-08-19 17:29:39] [INFO] main: testadmin listed all VM
[2025-08-19 17:29:43] [INFO] main: testadmin change state of vm win-template to reboot
[2025-08-19 17:30:02] [INFO] main: testadmin listed all VM
[2025-08-19 17:30:03] [INFO] main: testadmin listed all VM
[2025-08-19 17:30:04] [INFO] main: testadmin listed all VM
[2025-08-19 17:30:05] [INFO] main: testadmin listed all VM
[2025-08-19 17:30:06] [INFO] main: testadmin listed all VM
[2025-08-19 17:30:07] [INFO] main: testadmin listed all VM
[2025-08-19 17:30:09] [INFO] main: testadmin listed all VM
[2025-08-19 17:30:09] [INFO] main: testadmin listed all VM
[2025-08-19 17:30:10] [INFO] main: testadmin listed all VM
[2025-08-19 17:30:21] [INFO] main: testadmin change state of vm postman-clone to start
[2025-08-19 17:31:51] [INFO] main: testadmin listed all VM
[2025-08-19 17:31:54] [INFO] main: testadmin change state of vm postman-clone to shutdown
[2025-08-19 17:33:23] [ERROR] main: testadmin got error: Failed to shutdown domain 'postman-clone'
error: Requested operation is not valid: domain is not running when changing state of vm postman-clone to shutdown
[2025-08-19 17:33:27] [INFO] main: testadmin listed all VM
[2025-08-19 17:34:26] [INFO] main: testadmin listed all VM
[2025-08-19 17:34:29] [INFO] main: testadmin change state of vm postman-clone to start
[2025-08-19 17:34:30] [INFO] main: testadmin listed all VM
[2025-08-19 17:34:49] [INFO] main: testadmin change state of vm postman-clone to shutdown
[2025-08-19 17:34:50] [INFO] main: testadmin listed all VM
[2025-08-19 17:36:06] [ERROR] main: testadmin got error: Failed to shutdown domain 'postman-clone'
error: Requested operation is not valid: domain is not running when changing state of vm postman-clone to shutdown
[2025-08-19 17:36:07] [INFO] main: testadmin listed all VM
[2025-08-19 17:36:09] [INFO] main: testadmin change state of vm win-template to shutdown
[2025-08-19 17:36:09] [INFO] main: testadmin listed all VM
[2025-08-19 17:36:41] [INFO] main: testadmin listed all VM
[2025-08-19 17:36:45] [INFO] main: testadmin change state of vm postman-clone to start
[2025-08-19 17:36:45] [INFO] main: testadmin listed all VM
[2025-08-19 17:46:00] [INFO] main: testadmin login
[2025-08-19 17:52:01] [INFO] main: testadmin login
[2025-08-19 17:52:01] [INFO] main: testadmin listed all VM
[2025-08-19 17:52:13] [INFO] main: testadmin change state of vm postman-clone to shutdown
[2025-08-19 17:52:14] [INFO] main: testadmin listed all VM
[2025-08-19 17:52:20] [ERROR] main: testadmin got error: Failed to shutdown domain 'postman-clone'
error: Requested operation is not valid: domain is not running when changing state of vm postman-clone to shutdown
[2025-08-19 17:52:21] [INFO] main: testadmin listed all VM
[2025-08-19 17:52:25] [INFO] main: testadmin change state of vm linux-template to start
[2025-08-19 17:52:26] [INFO] main: testadmin listed all VM
[2025-08-19 17:52:28] [INFO] main: testadmin change state of vm linux-template to shutdown
[2025-08-19 17:52:28] [INFO] main: testadmin listed all VM
[2025-08-19 17:53:43] [INFO] main: testadmin change state of vm linux-template to shutdown
[2025-08-19 17:53:44] [INFO] main: testadmin listed all VM
[2025-08-19 17:53:46] [ERROR] main: testadmin got error: Failed to shutdown domain 'linux-template'
error: Requested operation is not valid: domain is not running when changing state of vm linux-template to shutdown
[2025-08-19 17:53:47] [INFO] main: testadmin listed all VM
[2025-08-19 17:54:11] [INFO] main: testadmin listed all VM
[2025-08-19 17:55:07] [INFO] main: testadmin change state of vm linux-template to start
[2025-08-19 17:55:08] [INFO] main: testadmin listed all VM
[2025-08-19 17:55:10] [INFO] main: testadmin listed all VM
[2025-08-19 17:55:11] [INFO] main: testadmin listed all VM
[2025-08-19 17:55:12] [INFO] main: testadmin listed all VM
[2025-08-19 17:55:12] [INFO] main: testadmin listed all VM
[2025-08-19 17:55:13] [INFO] main: testadmin listed all VM
[2025-08-19 17:55:14] [INFO] main: testadmin listed all VM
[2025-08-19 17:56:47] [INFO] main: testadmin listed all VM
[2025-08-19 17:56:51] [INFO] main: testadmin change state of vm linux-template to shutdown
[2025-08-19 17:56:52] [INFO] main: testadmin listed all VM
[2025-08-19 17:56:57] [ERROR] main: testadmin got error: Failed to shutdown domain 'linux-template'
error: Requested operation is not valid: domain is not running when changing state of vm linux-template to shutdown
[2025-08-19 17:56:58] [INFO] main: testadmin listed all VM
[2025-08-19 17:57:14] [INFO] main: testadmin listed all VM
[2025-08-19 17:57:20] [INFO] main: testadmin change state of vm linux-template to start
[2025-08-19 17:58:03] [INFO] main: testadmin listed all VM
[2025-08-19 17:58:09] [INFO] main: testadmin change state of vm linux-template to shutdown
[2025-08-19 17:58:25] [INFO] main: testadmin listed all VM
[2025-08-19 17:58:29] [INFO] main: testadmin change state of vm linux-template to start
[2025-08-19 17:59:01] [INFO] main: testadmin listed all VM
[2025-08-19 17:59:53] [INFO] main: testadmin listed all VM
[2025-08-19 18:04:02] [INFO] main: testadmin listed all VM
[2025-08-19 18:04:06] [INFO] main: testadmin listed all VM
[2025-08-19 18:04:12] [INFO] main: testadmin listed all VM
[2025-08-19 18:04:16] [INFO] main: testadmin listed all VM
[2025-08-19 18:14:28] [INFO] main: testadmin change state of vm linux-template to shutdown
[2025-08-19 18:14:38] [INFO] main: testadmin listed all VM
[2025-08-19 18:14:41] [INFO] main: testadmin change state of vm linux-template to start
[2025-08-19 18:14:49] [INFO] main: testadmin listed all VM
[2025-08-19 18:15:05] [INFO] main: testadmin listed all VM
[2025-08-19 18:15:07] [INFO] main: testadmin change state of vm linux-template to shutdown
[2025-08-19 18:15:07] [INFO] main: testadmin listed all VM
[2025-08-19 18:15:09] [INFO] main: testadmin change state of vm linux-template to shutdown
[2025-08-19 18:15:10] [INFO] main: testadmin listed all VM
[2025-08-19 18:15:12] [INFO] main: testadmin change state of vm linux-template to start
[2025-08-19 18:15:12] [INFO] main: testadmin listed all VM
[2025-08-19 18:15:32] [INFO] main: testadmin change state of vm linux-template to shutdown
[2025-08-19 18:15:33] [INFO] main: testadmin listed all VM
[2025-08-19 18:15:58] [INFO] main: testadmin listed all VM
[2025-08-19 18:16:07] [INFO] main: testadmin change state of vm postman-clone to start
[2025-08-19 18:16:07] [INFO] main: testadmin listed all VM
[2025-08-19 18:23:18] [INFO] main: testadmin listed all VM
[2025-08-20 09:48:29] [INFO] main: testadmin login
[2025-08-20 09:48:29] [INFO] main: testadmin listed all VM
[2025-08-20 09:48:35] [INFO] main: testadmin change state of vm postman-clone to shutdown
[2025-08-20 09:48:35] [INFO] main: testadmin listed all VM
[2025-08-20 09:48:42] [INFO] main: testadmin listed all VM
[2025-08-20 09:48:44] [INFO] main: testadmin listed all VM
[2025-08-20 09:48:45] [INFO] main: testadmin listed all VM
[2025-08-20 09:48:46] [INFO] main: testadmin listed all VM
[2025-08-20 09:48:53] [INFO] main: testadmin change state of vm postman-clone to start
[2025-08-20 09:48:53] [INFO] main: testadmin listed all VM
[2025-08-20 09:50:52] [INFO] main: testadmin listed all VM
[2025-08-20 09:50:57] [INFO] main: testadmin change state of vm postman-clone to reboot
[2025-08-20 09:50:58] [INFO] main: testadmin listed all VM
[2025-08-20 09:51:00] [INFO] main: testadmin listed all VM
[2025-08-20 09:51:01] [INFO] main: testadmin listed all VM
[2025-08-20 09:51:18] [INFO] main: testadmin change state of vm postman-clone to shutdown
[2025-08-20 09:51:19] [INFO] main: testadmin listed all VM
[2025-08-20 09:51:33] [INFO] main: testadmin listed all VM
[2025-08-20 09:51:37] [INFO] main: testadmin change state of vm postman-clone to start
[2025-08-20 09:51:38] [INFO] main: testadmin listed all VM
[2025-08-20 09:51:50] [INFO] main: testadmin listed all VM
[2025-08-20 09:55:08] [INFO] main: testadmin login
[2025-08-20 09:55:08] [INFO] main: testadmin listed all VM
[2025-08-20 09:55:09] [INFO] main: testadmin listed all VM
[2025-08-20 09:55:09] [INFO] main: testadmin listed all VM
[2025-08-20 09:55:10] [INFO] main: testadmin listed all VM
[2025-08-20 09:55:10] [INFO] main: testadmin listed all VM
[2025-08-20 09:55:10] [INFO] main: testadmin listed all VM
[2025-08-20 09:55:11] [INFO] main: testadmin listed all VM
[2025-08-20 09:55:11] [INFO] main: testadmin listed all VM
[2025-08-20 09:55:12] [INFO] main: testadmin listed all VM
[2025-08-20 09:55:12] [INFO] main: testadmin listed all VM
[2025-08-20 09:55:12] [INFO] main: testadmin listed all VM
[2025-08-20 09:55:13] [INFO] main: testadmin listed all VM
[2025-08-20 09:55:13] [INFO] main: testadmin listed all VM
[2025-08-20 09:55:14] [INFO] main: testadmin listed all VM
[2025-08-20 09:55:14] [INFO] main: testadmin listed all VM
[2025-08-20 09:55:14] [INFO] main: testadmin listed all VM
[2025-08-20 09:55:15] [INFO] main: testadmin listed all VM
[2025-08-20 09:55:15] [INFO] main: testadmin listed all VM
[2025-08-20 09:55:16] [INFO] main: testadmin listed all VM
[2025-08-20 09:55:16] [INFO] main: testadmin listed all VM
[2025-08-20 09:55:17] [INFO] main: testadmin listed all VM
[2025-08-20 09:55:17] [INFO] main: testadmin listed all VM
[2025-08-20 09:55:17] [INFO] main: testadmin listed all VM
[2025-08-20 09:55:18] [INFO] main: testadmin listed all VM
[2025-08-20 09:55:18] [INFO] main: testadmin listed all VM
[2025-08-20 09:55:19] [INFO] main: testadmin listed all VM
[2025-08-20 09:55:19] [INFO] main: testadmin listed all VM
[2025-08-20 09:55:19] [INFO] main: testadmin listed all VM
[2025-08-20 09:55:20] [INFO] main: testadmin listed all VM
[2025-08-20 09:55:20] [INFO] main: testadmin listed all VM
[2025-08-20 09:55:21] [INFO] main: testadmin listed all VM
[2025-08-20 09:55:21] [INFO] main: testadmin listed all VM
[2025-08-20 09:55:21] [INFO] main: testadmin listed all VM
[2025-08-20 09:55:22] [INFO] main: testadmin listed all VM
[2025-08-20 09:55:22] [INFO] main: testadmin listed all VM
[2025-08-20 09:55:23] [INFO] main: testadmin listed all VM
[2025-08-20 09:55:23] [INFO] main: testadmin listed all VM
[2025-08-20 09:55:24] [INFO] main: testadmin listed all VM
[2025-08-20 09:55:24] [INFO] main: testadmin listed all VM
[2025-08-20 09:55:24] [INFO] main: testadmin listed all VM
[2025-08-20 09:55:25] [INFO] main: testadmin listed all VM
[2025-08-20 10:01:05] [INFO] main: testadmin login
[2025-08-20 10:01:06] [INFO] main: testadmin listed all VM
[2025-08-20 10:01:12] [INFO] main: testadmin listed all VM
[2025-08-20 10:01:20] [INFO] main: testadmin listed all VM
[2025-08-20 10:02:54] [INFO] main: testadmin login
[2025-08-20 10:02:54] [INFO] main: testadmin listed all VM
[2025-08-20 10:03:07] [INFO] main: testadmin listed all VM
[2025-08-20 10:03:29] [INFO] main: testadmin listed all VM
[2025-08-20 10:03:34] [INFO] main: testadmin listed all VM
[2025-08-20 10:09:15] [INFO] main: testadmin login
[2025-08-20 10:09:15] [INFO] main: testadmin listed all VM
[2025-08-20 10:09:22] [INFO] main: testadmin listed all VM
[2025-08-20 10:09:37] [INFO] main: testadmin listed all VM
[2025-08-20 10:09:43] [INFO] main: testadmin listed all VM
[2025-08-20 10:09:46] [INFO] main: testadmin listed all VM
[2025-08-20 10:09:50] [INFO] main: testadmin listed all VM
[2025-08-20 10:09:55] [INFO] main: testadmin listed all VM
[2025-08-20 10:09:59] [INFO] main: testadmin listed all VM
[2025-08-20 10:14:52] [INFO] main: testadmin login
[2025-08-20 10:14:52] [INFO] main: testadmin listed all VM
[2025-08-20 14:37:01] [INFO] main: testadmin login
[2025-08-20 14:40:32] [INFO] main: testadmin login
[2025-08-20 14:52:24] [INFO] main: testadmin login
[2025-08-20 14:53:00] [INFO] main: testadmin listed all VM
[2025-08-20 14:53:53] [INFO] main: testadmin login
[2025-08-20 14:53:54] [INFO] main: testadmin listed all VM
[2025-08-20 14:56:02] [INFO] main: testadmin login
[2025-08-20 14:56:02] [INFO] main: testadmin listed all VM
[2025-08-20 14:56:23] [INFO] main: testadmin change state of vm linux-template to start
[2025-08-20 14:56:24] [INFO] main: testadmin listed all VM
[2025-08-20 14:57:04] [INFO] main: testadmin change state of vm win-template to start
[2025-08-20 14:57:04] [INFO] main: testadmin listed all VM
[2025-08-20 14:57:29] [INFO] main: testadmin change state of vm linux-template to shutdown
[2025-08-20 14:57:30] [INFO] main: testadmin listed all VM
[2025-08-20 14:57:47] [INFO] main: testadmin change state of vm postman-clone to shutdown
[2025-08-20 14:57:47] [INFO] main: testadmin listed all VM
[2025-08-20 14:58:31] [INFO] main: testadmin listed all VM
[2025-08-20 14:59:20] [ERROR] main: testadmin got error: Failed to shutdown domain 'linux-template'
error: Requested operation is not valid: domain is not running when changing state of vm linux-template to shutdown
[2025-08-20 14:59:20] [INFO] main: testadmin listed all VM
[2025-08-20 15:01:24] [INFO] main: testadmin login
[2025-08-20 15:01:24] [INFO] main: testadmin listed all VM
[2025-08-20 15:01:31] [INFO] main: testadmin listed all VM
[2025-08-20 15:27:52] [INFO] main: testadmin login
[2025-08-20 15:27:52] [INFO] main: testadmin listed all VM
[2025-08-20 15:28:20] [INFO] main: testadmin change state of vm linux-template to start
[2025-08-20 15:28:21] [INFO] main: testadmin listed all VM
[2025-08-20 15:28:23] [INFO] main: testadmin change state of vm postman-clone to start
[2025-08-20 15:28:23] [INFO] main: testadmin listed all VM
[2025-08-20 15:28:35] [INFO] main: testadmin change state of vm linux-template to reboot
[2025-08-20 15:28:35] [INFO] main: testadmin listed all VM
[2025-08-20 15:28:37] [INFO] main: testadmin change state of vm postman-clone to reboot
[2025-08-20 15:28:38] [INFO] main: testadmin listed all VM
[2025-08-20 15:28:45] [INFO] main: testadmin change state of vm linux-template to shutdown
[2025-08-20 15:28:46] [INFO] main: testadmin listed all VM
[2025-08-20 15:28:47] [INFO] main: testadmin change state of vm postman-clone to shutdown
[2025-08-20 15:28:48] [INFO] main: testadmin listed all VM
[2025-08-20 15:28:55] [ERROR] main: testadmin got error: Domain is already active when changing state of vm linux-template to start
[2025-08-20 15:28:55] [INFO] main: testadmin listed all VM
[2025-08-20 15:28:57] [ERROR] main: testadmin got error: Domain is already active when changing state of vm postman-clone to start
[2025-08-20 15:28:57] [INFO] main: testadmin listed all VM
[2025-08-20 15:29:17] [INFO] main: testadmin listed all VM
[2025-08-20 15:29:23] [INFO] main: testadmin change state of vm linux-template to shutdown
[2025-08-20 15:29:24] [INFO] main: testadmin listed all VM
[2025-08-20 15:29:30] [INFO] main: testadmin listed all VM
[2025-08-20 15:30:10] [INFO] main: testadmin change state of vm postman-clone to shutdown
[2025-08-20 15:30:10] [INFO] main: testadmin listed all VM
[2025-08-20 15:30:13] [INFO] main: testadmin listed all VM
[2025-08-20 15:30:20] [INFO] main: testadmin change state of vm postman-clone to start
[2025-08-20 15:30:21] [INFO] main: testadmin listed all VM
[2025-08-20 15:31:37] [INFO] main: testadmin listed all VM
[2025-08-20 15:32:03] [INFO] main: testadmin listed all VM
[2025-08-20 15:37:12] [INFO] main: testuser login
[2025-08-20 15:37:12] [INFO] main: testuser listed all VM
[2025-08-20 15:37:30] [INFO] main: testuser change state of vm postman-clone to shutdown
[2025-08-20 15:37:30] [INFO] main: testuser listed all VM
[2025-08-20 15:37:33] [INFO] main: testuser listed all VM
[2025-08-20 15:42:42] [INFO] main: testuser change state of vm linux-template to start
[2025-08-20 15:42:43] [INFO] main: testuser listed all VM
[2025-08-20 15:42:50] [INFO] main: testuser change state of vm postman-clone to start
[2025-08-20 15:42:50] [INFO] main: testuser listed all VM
[2025-08-20 15:42:55] [INFO] main: testuser change state of vm linux-template to shutdown
[2025-08-20 15:42:56] [INFO] main: testuser listed all VM
[2025-08-20 15:42:58] [INFO] main: testuser change state of vm postman-clone to shutdown
[2025-08-20 15:42:58] [INFO] main: testuser listed all VM
[2025-08-20 15:43:04] [INFO] main: testuser listed all VM
[2025-08-20 15:43:08] [INFO] main: testuser listed all VM
[2025-08-20 15:43:09] [INFO] main: testuser listed all VM
[2025-08-20 15:43:11] [INFO] main: testuser listed all VM
[2025-08-20 15:43:12] [INFO] main: testuser listed all VM
[2025-08-20 15:43:13] [INFO] main: testuser listed all VM
[2025-08-20 15:43:15] [INFO] main: testuser change state of vm postman-clone to shutdown
[2025-08-20 15:43:15] [INFO] main: testuser listed all VM
[2025-08-20 15:43:26] [INFO] main: testuser listed all VM
[2025-08-20 15:43:28] [INFO] main: testuser listed all VM
[2025-08-20 15:43:31] [INFO] main: testuser change state of vm linux-template to start
[2025-08-20 15:43:31] [INFO] main: testuser listed all VM
[2025-08-20 15:43:33] [INFO] main: testuser change state of vm postman-clone to start
[2025-08-20 15:43:33] [INFO] main: testuser listed all VM
[2025-08-20 15:43:35] [INFO] main: testuser listed all VM
[2025-08-20 15:43:44] [INFO] main: testuser change state of vm linux-template to shutdown
[2025-08-20 15:43:44] [INFO] main: testuser listed all VM
[2025-08-20 15:43:52] [INFO] main: testuser change state of vm postman-clone to shutdown
[2025-08-20 15:43:53] [INFO] main: testuser listed all VM
[2025-08-20 15:44:00] [INFO] main: testuser listed all VM
[2025-08-20 15:52:55] [INFO] main: testuser listed all VM
[2025-08-20 15:54:03] [INFO] main: testuser listed all VM
[2025-08-20 16:02:42] [INFO] main: testuser listed all VM
[2025-08-20 16:24:45] [INFO] main: testuser listed all VM
[2025-08-20 16:24:49] [INFO] main: testuser listed all VM
[2025-08-20 16:24:55] [INFO] main: testuser listed all VM
[2025-08-20 16:35:09] [INFO] main: testuser listed all VM
[2025-08-20 17:43:43] [INFO] main: testuser listed all VM
[2025-08-21 15:01:17] [ERROR] main: testadmin entered wrong password
[2025-08-21 15:01:29] [INFO] main: testadmin login
[2025-08-21 15:19:02] [INFO] main: testadmin login
[2025-08-21 15:20:10] [INFO] main: testadmin listed all VM
[2025-08-21 17:14:06] [ERROR] main: testadmin got Could not process parameters: str(admin), it must be of type list, tuple or dict when creating creating for apiuser
[2025-08-21 17:16:11] [ERROR] main: testadmin got Unread result found when creating creating for apiuser
[2025-08-21 17:17:22] [ERROR] main: testadmin got Unread result found when creating creating for apiuser
[2025-08-21 17:20:00] [ERROR] main: testadmin got 'NoneType' object is not subscriptable when creating creating for apiuser
[2025-08-21 17:21:23] [ERROR] main: testadmin got 'NoneType' object is not subscriptable when creating creating for apiuser
[2025-08-21 17:22:10] [ERROR] main: testadmin got 'NoneType' object is not subscriptable when creating creating for apiuser
[2025-08-21 17:26:32] [INFO] main: testadmin login
[2025-08-21 17:26:35] [ERROR] main: testadmin got 1452 (23000): Cannot add or update a child row: a foreign key constraint fails (`kvmserver`.`users`, CONSTRAINT `users_ibfk_1` FOREIGN KEY (`role_id`) REFERENCES `roles` (`id`)) when creating for apiuser
[2025-08-21 17:27:35] [INFO] main: testadmin created Account for apiuser
[2025-08-21 17:27:42] [ERROR] main: testadmin got 1062 (23000): Duplicate entry 'apiuser' for key 'users.username' when creating for apiuser
[2025-08-21 17:28:41] [INFO] main: testadmin created Account for apiadmin
[2025-08-21 17:28:49] [ERROR] main: testadmin got 1062 (23000): Duplicate entry 'apiadmin' for key 'users.username' when creating for apiadmin
[2025-08-21 17:31:33] [INFO] main: testadmin created Account for apiadmin
[2025-08-21 17:39:08] [ERROR] main: testadmin got ERROR    Validating install media '/var/lib/libvirt/iso/iso-share/CentOS-Stream-9-latest-x86_64-dvd1.iso' failed: Could not start storage pool: cannot open directory '/var/lib/libvirt/iso/iso-share': No such file or directory when creating Linux vm named postman-new2
[2025-08-21 17:39:52] [INFO] main: testadmin created Linux vm named postman-new2
[2025-08-21 17:40:03] [ERROR] main: testadmin got ERROR    Disk /home/postman-new2.qcow2 is already in use by other guests ['postman-new2']. (Use --check path_in_use=off or --check all=off to override) when creating Windows vm named postman-new2
[2025-08-21 17:40:14] [INFO] main: testadmin created Windows vm named postman-new3
[2025-08-21 17:41:17] [INFO] main: testadmin cloned Linux vm named postman-clone2
[2025-08-21 17:44:03] [INFO] main: testadmin cloned Windows vm named postman-clone3
[2025-08-21 17:44:31] [INFO] main: testadmin listed all VM
[2025-08-21 17:44:53] [INFO] main: testadmin change state of vm postman-clone to start
[2025-08-21 17:44:58] [ERROR] main: testadmin got error: Domain is already active when changing state of vm postman-clone to start
[2025-08-21 17:45:11] [INFO] main: testadmin login
[2025-08-21 17:45:15] [INFO] main: testadmin listed all VM
[2025-08-21 17:47:05] [INFO] main: apiuser login
[2025-08-21 17:47:06] [INFO] main: apiuser listed all VM
[2025-08-21 17:47:15] [INFO] main: apiuser change state of vm postman-clone to shutdown
[2025-08-21 17:47:15] [INFO] main: apiuser listed all VM
[2025-08-21 17:47:19] [INFO] main: apiuser listed all VM
[2025-08-21 17:47:22] [INFO] main: apiuser change state of vm postman-new3 to shutdown
[2025-08-21 17:47:23] [INFO] main: apiuser listed all VM
[2025-08-21 17:47:25] [INFO] main: apiuser change state of vm postman-new2 to shutdown
[2025-08-21 17:47:25] [INFO] main: apiuser listed all VM
[2025-08-21 17:49:17] [ERROR] main: apiuser got error: Failed to reboot domain 'postman-new2'
error: Requested operation is not valid: domain is not running when changing state of vm postman-new2 to reboot
[2025-08-21 17:49:17] [INFO] main: apiuser listed all VM
[2025-08-21 17:49:24] [INFO] main: apiuser change state of vm postman-new3 to shutdown
[2025-08-21 17:49:25] [INFO] main: apiuser listed all VM
[2025-08-21 17:49:28] [INFO] main: apiuser listed all VM
[2025-08-21 17:49:30] [INFO] main: apiuser listed all VM
[2025-08-21 17:49:31] [INFO] main: apiuser listed all VM
[2025-08-21 17:49:34] [INFO] main: apiuser listed all VM
[2025-08-21 17:49:35] [INFO] main: apiuser listed all VM
[2025-08-21 17:49:36] [INFO] main: apiuser listed all VM
[2025-08-21 17:49:37] [INFO] main: apiuser listed all VM
[2025-08-21 17:49:38] [INFO] main: apiuser listed all VM
[2025-08-21 17:53:34] [INFO] main: testadmin created Windows vm named postman-new4
[2025-08-21 17:56:51] [INFO] main: testadmin created Windows vm named postman-new4
[2025-08-21 17:57:33] [INFO] main: testadmin created Linux vm named postman-new5
[2025-08-21 17:59:28] [INFO] main: apiuser listed all VM
[2025-08-21 17:59:35] [INFO] main: apiuser change state of vm linux-template to start
[2025-08-21 17:59:36] [INFO] main: apiuser listed all VM
[2025-08-21 17:59:38] [INFO] main: apiuser change state of vm postman-clone to start
[2025-08-21 17:59:38] [INFO] main: apiuser listed all VM
[2025-08-21 17:59:41] [INFO] main: apiuser change state of vm postman-clone2 to start
[2025-08-21 17:59:41] [INFO] main: apiuser listed all VM
[2025-08-21 17:59:43] [INFO] main: apiuser change state of vm postman-clone3 to start
[2025-08-21 17:59:43] [INFO] main: apiuser listed all VM
[2025-08-21 17:59:47] [INFO] main: apiuser change state of vm postman-new2 to start
[2025-08-21 17:59:47] [INFO] main: apiuser listed all VM
[2025-08-21 17:59:50] [INFO] main: apiuser change state of vm postman-new3 to start
[2025-08-21 17:59:51] [INFO] main: apiuser listed all VM
[2025-08-21 17:59:54] [INFO] main: apiuser change state of vm postman-new4 to start
[2025-08-21 17:59:54] [INFO] main: apiuser listed all VM
[2025-08-21 17:59:57] [INFO] main: apiuser change state of vm postman-new5 to start
[2025-08-21 17:59:58] [INFO] main: apiuser listed all VM
[2025-08-21 18:00:00] [INFO] main: apiuser change state of vm win-template to start
[2025-08-21 18:00:01] [INFO] main: apiuser listed all VM
[2025-08-21 18:00:04] [INFO] main: apiuser change state of vm win-template-test to start
[2025-08-21 18:00:04] [INFO] main: apiuser listed all VM
[2025-08-21 18:00:08] [INFO] main: apiuser change state of vm linux-template to shutdown
[2025-08-21 18:00:08] [INFO] main: apiuser listed all VM
[2025-08-21 18:00:13] [INFO] main: apiuser change state of vm postman-clone to shutdown
[2025-08-21 18:00:13] [INFO] main: apiuser listed all VM
[2025-08-21 18:00:19] [INFO] main: apiuser listed all VM
[2025-08-21 18:00:56] [INFO] main: apiadmin login
[2025-08-21 18:00:57] [INFO] main: apiadmin listed all VM
[2025-08-21 18:01:13] [INFO] main: apiadmin change state of vm win-template-test to shutdown
[2025-08-21 18:01:14] [INFO] main: apiadmin listed all VM
[2025-08-21 18:01:21] [INFO] main: apiadmin change state of vm win-template to shutdown
[2025-08-21 18:01:22] [INFO] main: apiadmin listed all VM
[2025-08-21 18:01:26] [INFO] main: apiadmin change state of vm postman-new5 to shutdown
[2025-08-21 18:01:27] [INFO] main: apiadmin listed all VM
[2025-08-21 18:01:28] [INFO] main: apiadmin change state of vm postman-new3 to shutdown
[2025-08-21 18:01:29] [INFO] main: apiadmin listed all VM
[2025-08-21 18:01:30] [INFO] main: apiadmin change state of vm postman-new2 to shutdown
[2025-08-21 18:01:31] [INFO] main: apiadmin listed all VM
[2025-08-21 18:01:32] [INFO] main: apiadmin change state of vm postman-clone3 to shutdown
[2025-08-21 18:01:33] [INFO] main: apiadmin listed all VM
[2025-08-21 18:01:35] [INFO] main: apiadmin change state of vm postman-clone2 to shutdown
[2025-08-21 18:01:35] [INFO] main: apiadmin listed all VM
[2025-08-21 18:02:27] [INFO] main: apiadmin listed all VM
[2025-08-21 18:02:44] [INFO] main: apiadmin change state of vm win-template-test to shutdown
[2025-08-21 18:02:45] [INFO] main: apiadmin listed all VM
[2025-08-21 18:02:46] [INFO] main: apiadmin change state of vm postman-new5 to shutdown
[2025-08-21 18:02:46] [INFO] main: apiadmin listed all VM
[2025-08-21 18:02:47] [INFO] main: apiadmin change state of vm postman-new4 to shutdown
[2025-08-21 18:02:48] [INFO] main: apiadmin listed all VM
[2025-08-21 18:02:49] [INFO] main: apiadmin change state of vm postman-new3 to shutdown
[2025-08-21 18:02:50] [INFO] main: apiadmin listed all VM
[2025-08-21 18:02:51] [INFO] main: apiadmin change state of vm postman-new2 to shutdown
[2025-08-21 18:02:52] [INFO] main: apiadmin listed all VM
[2025-08-21 18:05:15] [INFO] main: apiadmin listed all VM
[2025-08-22 14:14:18] [ERROR] main: testadmin entered wrong password
[2025-08-22 14:14:24] [ERROR] main: testadmin entered wrong password
[2025-08-22 14:15:00] [INFO] main: testadmin login
[2025-08-22 14:15:01] [INFO] main: testadmin listed all VM
[2025-08-22 14:20:32] [ERROR] main: testadmin entered wrong password
[2025-08-22 14:20:35] [ERROR] main: testadmin entered wrong password
[2025-08-22 14:33:58] [ERROR] main: Entered wrong password
[2025-08-22 14:35:16] [ERROR] main: Entered wrong password
[2025-08-22 14:36:38] [ERROR] main: Entered wrong password
[2025-08-22 14:36:51] [ERROR] main: Entered wrong password
[2025-08-22 14:38:04] [ERROR] main: Entered wrong password
[2025-08-22 14:43:17] [ERROR] main: Entered wrong password
[2025-08-22 14:45:20] [ERROR] main: Entered wrong password
[2025-08-25 09:47:57] [INFO] main: testadmin login
[2025-08-25 09:47:58] [INFO] main: testadmin listed all VM
[2025-08-25 09:48:22] [ERROR] main: Entered wrong password
[2025-08-25 09:48:24] [ERROR] main: Entered wrong password
[2025-08-25 09:48:26] [INFO] main: testuser login
[2025-08-25 09:48:26] [INFO] main: testuser listed all VM
[2025-08-25 09:48:42] [INFO] main: apiuser login
[2025-08-25 09:48:42] [INFO] main: apiuser listed all VM
[2025-08-25 09:49:07] [INFO] main: apiadmin login
[2025-08-25 09:49:07] [INFO] main: apiadmin listed all VM
[2025-08-25 15:07:59] [ERROR] main: Entered wrong password
[2025-08-25 15:08:31] [ERROR] main: Entered wrong password
[2025-08-25 15:08:33] [ERROR] main: Entered wrong password
[2025-08-25 15:08:35] [ERROR] main: Entered wrong password
[2025-08-25 15:08:40] [ERROR] main: Entered wrong password
[2025-08-25 15:08:42] [ERROR] main: Entered wrong password
[2025-08-25 15:08:47] [ERROR] main: Entered wrong password
[2025-08-25 15:08:56] [ERROR] main: Entered wrong password
[2025-08-25 15:09:17] [INFO] main: testadmin login
[2025-08-25 15:09:17] [INFO] main: testadmin listed all VM
[2025-08-26 10:32:28] [INFO] main: testadmin login
[2025-08-26 10:32:29] [INFO] main: testadmin listed all VM
[2025-08-26 10:33:39] [INFO] main: testadmin listed all VM
[2025-08-26 10:37:40] [INFO] main: testadmin listed all VM
[2025-08-26 10:38:04] [ERROR] main: Entered wrong password
[2025-08-26 10:38:39] [INFO] main: testadmin login
[2025-08-26 10:38:39] [INFO] main: testadmin listed all VM
[2025-08-26 11:31:20] [ERROR] main: Entered wrong password
[2025-08-26 11:31:34] [INFO] main: testadmin login
[2025-08-26 11:31:34] [INFO] main: testadmin listed all VM
[2025-08-26 11:41:22] [INFO] main: testadmin login
[2025-08-26 11:41:22] [INFO] main: testadmin listed all VM
[2025-08-26 11:58:46] [INFO] main: testadmin login
[2025-08-26 11:58:46] [INFO] main: testadmin listed all VM
[2025-08-26 12:04:37] [INFO] main: testadmin login
[2025-08-26 12:04:37] [INFO] main: testadmin listed all VM
[2025-08-26 12:19:15] [INFO] main: testadmin login
[2025-08-26 12:20:25] [ERROR] main: Entered wrong password
[2025-08-26 12:20:40] [INFO] main: testadmin login
[2025-08-26 12:21:13] [INFO] main: testadmin listed all VM
[2025-08-26 12:22:32] [INFO] main: testadmin listed all VM
[2025-08-26 12:22:38] [INFO] main: testadmin listed all VM
[2025-08-26 12:22:42] [INFO] main: testadmin listed all VM
[2025-08-26 12:22:45] [INFO] main: testadmin listed all VM
[2025-08-26 12:35:24] [INFO] main: testadmin listed all VM
[2025-08-26 12:36:08] [INFO] main: testadmin listed all VM
[2025-08-26 12:40:33] [INFO] main: testadmin change state of vm linux-template to start
[2025-08-26 12:40:34] [INFO] main: testadmin listed all VM
[2025-08-26 12:46:51] [INFO] main: testadmin change state of vm linux-template to shutdown
[2025-08-26 12:46:52] [INFO] main: testadmin listed all VM
[2025-08-26 12:46:56] [INFO] main: testadmin listed all VM
[2025-08-26 12:48:31] [INFO] main: testadmin listed all VM
[2025-08-26 12:48:34] [INFO] main: testadmin change state of vm linux-template to start
[2025-08-26 12:48:35] [INFO] main: testadmin listed all VM
[2025-08-26 12:48:36] [INFO] main: testadmin change state of vm linux-template to shutdown
[2025-08-26 12:48:37] [INFO] main: testadmin listed all VM
[2025-08-26 12:48:43] [INFO] main: testadmin listed all VM
[2025-08-26 12:49:45] [INFO] main: testadmin listed all VM
[2025-08-26 12:49:51] [INFO] main: testadmin change state of vm linux-template to shutdown
[2025-08-26 12:49:52] [INFO] main: testadmin listed all VM
[2025-08-26 12:49:58] [INFO] main: testadmin listed all VM
[2025-08-26 12:51:18] [INFO] main: testadmin listed all VM
[2025-08-26 12:51:52] [INFO] main: testadmin listed all VM
[2025-08-26 12:53:20] [INFO] main: testadmin listed all VM
[2025-08-26 12:53:46] [INFO] main: testadmin listed all VM
[2025-08-26 12:54:14] [INFO] main: testadmin listed all VM
[2025-08-26 12:54:33] [INFO] main: testadmin listed all VM
[2025-08-26 12:54:35] [ERROR] main: testadmin got error: Failed to reboot domain 'linux-template'
error: Requested operation is not valid: domain is not running when changing state of vm linux-template to reboot
[2025-08-26 12:54:36] [INFO] main: testadmin listed all VM
[2025-08-26 12:59:20] [INFO] main: testadmin listed all VM
[2025-08-26 13:04:52] [INFO] main: testadmin listed all VM
[2025-08-26 13:05:57] [INFO] main: testadmin listed all VM
[2025-08-26 13:06:01] [INFO] main: testadmin change state of vm linux-template to start
[2025-08-26 13:06:02] [INFO] main: testadmin listed all VM
[2025-08-26 13:06:18] [INFO] main: testadmin change state of vm linux-template to shutdown
[2025-08-26 13:06:18] [INFO] main: testadmin listed all VM
[2025-08-26 13:06:21] [INFO] main: testadmin listed all VM
[2025-08-26 13:10:08] [INFO] main: testadmin listed all VM
[2025-08-26 13:10:14] [INFO] main: testadmin listed all VM
[2025-08-26 13:10:19] [INFO] main: testadmin listed all VM
[2025-08-26 13:21:14] [INFO] main: testadmin listed all VM
[2025-08-26 13:22:44] [INFO] main: testadmin login
[2025-08-26 13:22:45] [INFO] main: testadmin listed all VM
[2025-08-26 13:23:16] [INFO] main: testadmin listed all VM
[2025-08-26 13:28:04] [INFO] main: testadmin listed all VM
[2025-08-26 13:29:28] [INFO] main: testadmin listed all VM
[2025-08-26 13:32:42] [INFO] main: testadmin listed all VM
[2025-08-26 13:32:45] [INFO] main: testadmin listed all VM
[2025-08-26 13:32:50] [INFO] main: testadmin listed all VM
[2025-08-26 13:34:59] [INFO] main: testadmin listed all VM
[2025-08-26 13:35:03] [INFO] main: testadmin listed all VM
[2025-08-26 14:36:44] [ERROR] main: Entered wrong password
[2025-08-26 16:04:38] [INFO] main: testuser login
[2025-08-26 16:04:38] [INFO] main: testuser listed all VM
[2025-08-26 16:06:50] [INFO] main: testuser listed all VM
[2025-08-26 16:06:51] [INFO] main: testuser listed all VM
[2025-08-26 16:09:36] [INFO] main: testuser listed all VM
[2025-08-26 16:09:59] [INFO] main: testuser listed all VM
[2025-08-26 16:10:41] [INFO] main: testuser listed all VM
[2025-08-26 16:11:06] [INFO] main: testuser listed all VM
[2025-08-26 16:11:28] [INFO] main: testuser listed all VM
[2025-08-26 16:11:30] [INFO] main: testuser listed all VM
[2025-08-26 16:14:29] [INFO] main: testuser listed all VM
[2025-08-26 16:15:16] [INFO] main: testuser listed all VM
[2025-08-26 16:16:04] [ERROR] main: Entered wrong password
[2025-08-26 16:16:10] [INFO] main: testadmin login
[2025-08-26 16:16:10] [INFO] main: testadmin listed all VM
[2025-08-26 16:16:26] [INFO] main: testuser login
[2025-08-26 16:16:27] [INFO] main: testuser listed all VM
[2025-08-26 16:44:11] [INFO] main: testuser change state of vm linux-template to start
[2025-08-26 16:44:12] [INFO] main: testuser listed all VM
[2025-08-26 16:44:17] [INFO] main: testuser change state of vm linux-template to shutdown
[2025-08-26 16:44:18] [INFO] main: testuser listed all VM
[2025-08-26 16:44:23] [INFO] main: testuser listed all VM
[2025-08-26 16:44:45] [INFO] main: testuser listed all VM
[2025-08-26 16:45:23] [INFO] main: testuser listed all VM
[2025-08-26 16:45:58] [INFO] main: testuser change state of vm linux-template to shutdown
[2025-08-26 16:45:58] [INFO] main: testuser listed all VM
[2025-08-26 16:46:08] [INFO] main: testuser listed all VM
[2025-08-26 16:46:17] [INFO] main: testuser change state of vm linux-template to start
[2025-08-26 16:46:17] [INFO] main: testuser listed all VM
[2025-08-26 16:46:25] [INFO] main: testuser change state of vm linux-template to shutdown
[2025-08-26 16:46:25] [INFO] main: testuser listed all VM
[2025-08-26 16:46:43] [INFO] main: testuser change state of vm linux-template to shutdown
[2025-08-26 16:46:43] [INFO] main: testuser listed all VM
[2025-08-26 16:46:52] [INFO] main: testuser listed all VM
[2025-08-26 16:46:54] [INFO] main: testuser change state of vm linux-template to start
[2025-08-26 16:46:55] [INFO] main: testuser listed all VM
[2025-08-26 16:47:25] [INFO] main: testuser change state of vm linux-template to shutdown
[2025-08-26 16:47:26] [INFO] main: testuser listed all VM
[2025-08-26 16:47:31] [INFO] main: testuser listed all VM
[2025-08-26 16:52:43] [INFO] main: testadmin login
[2025-08-26 16:54:17] [INFO] main: testadmin listed all VM
[2025-08-26 16:54:48] [INFO] main: testadmin login
[2025-08-26 16:54:48] [INFO] main: testadmin listed all VM
[2025-08-26 16:56:32] [INFO] main: testadmin login
[2025-08-26 16:56:33] [INFO] main: testadmin listed all VM
[2025-08-26 16:56:59] [INFO] main: testadmin login
[2025-08-26 16:56:59] [INFO] main: testadmin listed all VM
[2025-08-26 16:58:05] [INFO] main: testuser login
[2025-08-26 16:58:05] [INFO] main: testuser listed all VM
[2025-08-26 16:58:37] [INFO] main: testuser listed all VM
[2025-08-26 17:01:01] [INFO] main: testuser login
[2025-08-26 17:01:02] [INFO] main: testuser listed all VM
[2025-08-26 17:03:22] [INFO] main: testadmin login
[2025-08-26 17:03:22] [INFO] main: testadmin listed all VM
[2025-08-26 17:03:52] [INFO] main: testadmin listed all VM
[2025-08-26 18:13:10] [INFO] main: testadmin login
[2025-08-26 18:13:10] [INFO] main: testadmin listed all VM
[2025-08-27 09:33:07] [INFO] main: testadmin login
[2025-08-27 09:33:07] [INFO] main: testadmin listed all VM
[2025-08-27 09:33:30] [INFO] main: testadmin listed all VM
[2025-08-27 09:51:15] [INFO] main: testadmin login
[2025-08-27 09:51:16] [INFO] main: testadmin listed all VM
[2025-08-27 09:57:04] [INFO] main: testadmin listed all VM
[2025-08-27 09:57:29] [INFO] main: testadmin listed all VM
[2025-08-27 09:58:59] [INFO] main: testadmin listed all VM
[2025-08-27 10:03:03] [INFO] main: testadmin listed all VM
[2025-08-27 10:03:19] [INFO] main: testadmin listed all VM
[2025-08-27 10:03:31] [INFO] main: testadmin listed all VM
[2025-08-27 10:05:19] [INFO] main: testadmin listed all VM
[2025-08-27 10:05:28] [INFO] main: testadmin change state of vm linux-template to start
[2025-08-27 10:05:29] [INFO] main: testadmin listed all VM
[2025-08-27 10:05:44] [INFO] main: testadmin change state of vm linux-template to shutdown
[2025-08-27 10:05:45] [INFO] main: testadmin listed all VM
[2025-08-27 10:05:56] [INFO] main: testadmin listed all VM
[2025-08-27 10:05:58] [INFO] main: testadmin listed all VM
[2025-08-27 10:24:38] [INFO] main: testadmin login
[2025-08-27 10:24:38] [INFO] main: testadmin listed all VM
[2025-08-27 10:24:49] [INFO] main: testadmin listed all VM
[2025-08-27 15:33:49] [INFO] main: testadmin login
[2025-08-27 15:33:49] [INFO] main: testadmin listed all VM
[2025-08-27 15:34:03] [INFO] main: testadmin change state of vm linux-template to start
[2025-08-27 15:34:04] [INFO] main: testadmin listed all VM
[2025-08-27 15:34:45] [INFO] main: testadmin change state of vm linux-template to shutdown
[2025-08-27 15:34:46] [INFO] main: testadmin listed all VM
[2025-08-27 15:38:01] [INFO] main: testadmin login
[2025-08-27 15:38:02] [INFO] main: testadmin listed all VM
[2025-08-27 15:41:38] [INFO] main: testadmin listed all VM
[2025-08-27 15:43:56] [INFO] main: testadmin listed all VM
[2025-08-27 15:43:57] [INFO] main: testadmin listed all VM
[2025-08-27 15:47:49] [INFO] main: testadmin listed all VM
[2025-08-27 15:48:27] [INFO] main: testadmin change state of vm win-template to start
[2025-08-27 15:48:27] [INFO] main: testadmin listed all VM
[2025-08-27 15:50:01] [INFO] main: testadmin login
[2025-08-27 15:50:23] [ERROR] main: testadmin got ERROR    Domain to clone must be shutoff. when cloning Windows vm named win-clone1
[2025-08-27 15:50:29] [INFO] main: testadmin change state of vm win-template to shutdown
[2025-08-27 15:50:30] [INFO] main: testadmin listed all VM
[2025-08-27 15:50:33] [INFO] main: testadmin listed all VM
[2025-08-27 15:50:58] [INFO] main: testadmin listed all VM
[2025-08-27 15:52:12] [INFO] main: testadmin cloned Windows vm named win-clone1
[2025-08-27 15:54:06] [INFO] main: testadmin listed all VM
[2025-08-27 15:55:16] [INFO] main: testadmin cloned Windows vm named win-clone2
[2025-08-27 15:55:53] [INFO] main: testadmin listed all VM
[2025-08-27 15:56:20] [INFO] main: testadmin listed all VM
[2025-08-27 15:56:21] [INFO] main: testadmin listed all VM
[2025-08-27 15:56:22] [INFO] main: testadmin listed all VM
[2025-08-27 15:56:23] [INFO] main: testadmin listed all VM
[2025-08-27 15:56:23] [INFO] main: testadmin listed all VM
[2025-08-27 15:56:23] [INFO] main: testadmin listed all VM
[2025-08-27 15:56:24] [INFO] main: testadmin listed all VM
[2025-08-27 15:56:24] [INFO] main: testadmin listed all VM
[2025-08-27 15:56:25] [INFO] main: testadmin listed all VM
[2025-08-27 15:57:08] [INFO] main: testadmin cloned Windows vm named win-clone3
[2025-08-27 15:57:19] [INFO] main: testadmin listed all VM
[2025-08-27 15:57:36] [INFO] main: testadmin cloned Linux vm named linux-clone1
[2025-08-27 16:01:42] [INFO] main: testadmin change state of vm linux-clone1 to start
[2025-08-27 16:01:43] [INFO] main: testadmin listed all VM
[2025-08-27 16:02:14] [INFO] main: testadmin change state of vm linux-clone1 to shutdown
[2025-08-27 16:02:14] [INFO] main: testadmin listed all VM
[2025-08-27 16:02:41] [INFO] main: testadmin listed all VM
[2025-08-27 16:02:58] [INFO] main: testadmin cloned Linux vm named linux-clone2
[2025-08-27 16:03:12] [INFO] main: testadmin listed all VM
[2025-08-27 16:03:14] [INFO] main: testadmin change state of vm linux-clone1 to start
[2025-08-27 16:03:15] [INFO] main: testadmin listed all VM
[2025-08-27 16:03:24] [INFO] main: testadmin change state of vm linux-clone1 to shutdown
[2025-08-27 16:03:24] [INFO] main: testadmin listed all VM
[2025-08-27 16:03:28] [INFO] main: testadmin listed all VM
[2025-08-27 16:03:29] [INFO] main: testadmin listed all VM
[2025-08-27 16:03:30] [INFO] main: testadmin listed all VM
[2025-08-27 16:03:31] [INFO] main: testadmin listed all VM
[2025-08-27 16:03:39] [INFO] main: testadmin listed all VM
[2025-08-27 16:03:41] [INFO] main: testadmin change state of vm linux-clone1 to shutdown
[2025-08-27 16:03:41] [INFO] main: testadmin listed all VM
[2025-08-27 16:03:49] [INFO] main: testadmin listed all VM
[2025-08-27 16:04:03] [INFO] main: testadmin listed all VM
[2025-08-27 16:04:37] [INFO] main: testadmin listed all VM
[2025-08-27 16:04:40] [INFO] main: testadmin change state of vm linux-clone1 to start
[2025-08-27 16:04:40] [INFO] main: testadmin listed all VM
[2025-08-27 16:10:11] [INFO] main: testadmin listed all VM
[2025-08-27 16:18:21] [INFO] main: testadmin change state of vm linux-clone2 to start
[2025-08-27 16:18:22] [INFO] main: testadmin listed all VM
[2025-08-27 16:18:27] [INFO] main: testadmin change state of vm win-clone2 to start
[2025-08-27 16:18:27] [INFO] main: testadmin listed all VM
[2025-08-27 17:02:21] [ERROR] main: Entered wrong password
[2025-08-27 17:02:50] [INFO] main: testadmin login
[2025-08-27 17:05:04] [INFO] main: testadmin login
[2025-08-27 17:06:45] [INFO] main: testadmin login
[2025-08-28 12:30:19] [INFO] main: testadmin login
[2025-08-28 12:30:24] [INFO] main: testadmin listed all VM
[2025-08-28 12:30:42] [INFO] main: testadmin login
[2025-08-28 12:30:43] [INFO] main: testadmin listed all VM
[2025-08-28 15:57:27] [ERROR] main: Entered wrong password
[2025-08-28 15:57:39] [ERROR] main: Entered wrong password
[2025-08-28 15:57:41] [ERROR] main: Entered wrong password
[2025-08-28 15:57:41] [ERROR] main: Entered wrong password
[2025-08-28 15:57:42] [ERROR] main: Entered wrong password
[2025-08-28 15:57:43] [ERROR] main: Entered wrong password
[2025-08-28 15:57:44] [ERROR] main: Entered wrong password
[2025-08-28 15:57:44] [ERROR] main: Entered wrong password
[2025-08-28 15:57:45] [ERROR] main: Entered wrong password
[2025-08-28 15:57:45] [ERROR] main: Entered wrong password
[2025-08-28 15:57:46] [ERROR] main: Entered wrong password
[2025-08-28 15:57:46] [ERROR] main: Entered wrong password
[2025-08-28 15:57:47] [ERROR] main: Entered wrong password
[2025-08-28 15:57:48] [ERROR] main: Entered wrong password
[2025-08-28 15:58:59] [ERROR] main: Entered wrong password
[2025-08-28 16:00:47] [ERROR] main: testadmin Entered wrong password
[2025-08-28 16:00:52] [ERROR] main: testadmin Entered wrong password
[2025-08-28 16:05:46] [ERROR] main:  Entered wrong password
[2025-08-28 16:06:08] [ERROR] main: ahfgkg Entered wrong password
[2025-08-28 16:32:11] [INFO] main: testadmin login
[2025-08-28 16:32:12] [INFO] main: testadmin listed all VM
[2025-08-28 16:33:15] [INFO] main: testadmin change state of vm win-clone2 to shutdown
[2025-08-28 16:33:16] [INFO] main: testadmin listed all VM
[2025-08-28 16:33:20] [INFO] main: testadmin change state of vm linux-clone2 to shutdown
[2025-08-28 16:33:21] [INFO] main: testadmin listed all VM
[2025-08-28 16:33:36] [INFO] main: testadmin listed all VM
[2025-08-28 16:33:43] [INFO] main: testadmin listed all VM
[2025-08-28 16:33:44] [INFO] main: testadmin listed all VM
[2025-08-28 16:33:45] [INFO] main: testadmin listed all VM
[2025-08-28 16:33:45] [INFO] main: testadmin listed all VM
[2025-08-28 16:33:46] [INFO] main: testadmin listed all VM
[2025-08-28 16:35:03] [INFO] main: testadmin listed all VM
[2025-08-28 16:38:47] [INFO] main: testadmin listed all VM
[2025-08-28 16:38:53] [INFO] main: testadmin change state of vm win-clone2 to shutdown
[2025-08-28 16:38:53] [INFO] main: testadmin change state of vm win-clone2 to shutdown
[2025-08-28 16:38:53] [INFO] main: testadmin change state of vm win-clone2 to shutdown
[2025-08-28 16:38:53] [INFO] main: testadmin change state of vm win-clone2 to shutdown
[2025-08-28 16:38:53] [INFO] main: testadmin change state of vm win-clone2 to shutdown
[2025-08-28 16:38:54] [INFO] main: testadmin listed all VM
[2025-08-28 16:38:56] [INFO] main: testadmin listed all VM
[2025-08-28 16:38:58] [INFO] main: testadmin listed all VM
[2025-08-28 16:39:38] [INFO] main: testadmin listed all VM
[2025-08-28 16:39:48] [INFO] main: testadmin change state of vm linux-clone1 to shutdown
[2025-08-28 16:39:49] [INFO] main: testadmin listed all VM
[2025-08-28 16:40:18] [INFO] main: testadmin listed all VM
[2025-08-28 16:41:38] [INFO] main: testadmin change state of vm linux-clone1 to start
[2025-08-28 16:41:39] [INFO] main: testadmin listed all VM
[2025-08-28 16:42:20] [INFO] main: testadmin change state of vm linux-clone1 to shutdown
[2025-08-28 16:42:20] [INFO] main: testadmin listed all VM
[2025-08-28 16:44:44] [INFO] main: testadmin listed all VM
[2025-08-28 16:44:51] [INFO] main: testadmin change state of vm linux-clone1 to start
[2025-08-28 16:44:52] [INFO] main: testadmin listed all VM
[2025-08-28 16:44:55] [INFO] main: testadmin change state of vm linux-clone1 to shutdown
[2025-08-28 16:44:56] [INFO] main: testadmin listed all VM
[2025-08-28 16:45:49] [INFO] main: testadmin listed all VM
[2025-08-28 16:45:51] [INFO] main: testadmin change state of vm linux-clone1 to shutdown
[2025-08-28 16:45:52] [INFO] main: testadmin listed all VM
[2025-08-28 16:45:55] [INFO] main: testadmin listed all VM
[2025-08-28 16:46:22] [INFO] main: testadmin change state of vm linux-clone2 to start
[2025-08-28 16:46:23] [INFO] main: testadmin listed all VM
[2025-08-28 16:47:45] [INFO] main: testadmin change state of vm linux-clone2 to shutdown
[2025-08-28 16:47:46] [INFO] main: testadmin listed all VM
[2025-08-28 16:48:06] [INFO] main: testadmin listed all VM
[2025-08-28 16:55:02] [INFO] main: testadmin listed all VM
[2025-08-28 16:55:27] [INFO] main: testadmin change state of vm win-clone1 to start
[2025-08-28 16:55:36] [INFO] main: testadmin listed all VM
[2025-08-28 16:55:52] [INFO] main: testadmin change state of vm win-clone1 to shutdown
[2025-08-28 17:00:10] [INFO] main: testuser login
[2025-08-28 17:00:11] [INFO] main: testuser listed all VM
[2025-08-28 17:11:11] [INFO] main: testadmin cloned Linux vm named linux-clone3
[2025-08-28 17:50:33] [INFO] main: testadmin login
[2025-08-28 17:50:33] [INFO] main: testadmin listed all VM
[2025-08-29 12:25:39] [INFO] main: testadmin listed all VM
[2025-08-29 12:31:48] [INFO] main: testadmin listed all VM
[2025-08-29 12:32:50] [INFO] main: testadmin listed all VM
[2025-08-29 12:38:15] [INFO] main: testadmin listed all VM
[2025-08-29 12:45:14] [INFO] main: testadmin login
[2025-08-29 12:45:37] [INFO] main: testadmin listed all VM
[2025-08-29 12:45:42] [INFO] main: testadmin change state of vm linux-clone3 to start
[2025-08-29 12:45:43] [INFO] main: testadmin listed all VM
[2025-08-29 12:45:45] [INFO] main: testadmin change state of vm win-clone3 to shutdown
[2025-08-29 12:45:46] [INFO] main: testadmin listed all VM
[2025-08-29 12:45:48] [INFO] main: testadmin change state of vm linux-clone3 to shutdown
[2025-08-29 12:45:48] [INFO] main: testadmin listed all VM
[2025-08-29 12:46:41] [INFO] main: testadmin listed all VM
[2025-08-29 12:46:45] [INFO] main: testadmin change state of vm win-clone3 to shutdown
[2025-08-29 12:46:45] [INFO] main: testadmin listed all VM
[2025-08-29 12:47:05] [ERROR] main: testadmin got error: Failed to shutdown domain 'win-clone3'
error: Requested operation is not valid: domain is not running when changing state of vm win-clone3 to shutdown
[2025-08-29 12:47:06] [INFO] main: testadmin listed all VM
[2025-08-29 12:47:11] [INFO] main: testadmin change state of vm linux-clone3 to shutdown
[2025-08-29 12:47:11] [INFO] main: testadmin listed all VM
[2025-08-29 12:47:17] [INFO] main: testadmin listed all VM
[2025-08-29 12:47:22] [INFO] main: testadmin change state of vm win-clone3 to start
[2025-08-29 12:47:23] [INFO] main: testadmin listed all VM
[2025-08-29 12:47:24] [INFO] main: testadmin change state of vm linux-clone3 to start
[2025-08-29 12:47:24] [INFO] main: testadmin listed all VM
[2025-08-29 12:47:27] [INFO] main: testadmin change state of vm win-clone1 to start
[2025-08-29 12:47:27] [INFO] main: testadmin listed all VM
[2025-08-29 12:47:58] [INFO] main: testadmin change state of vm win-clone3 to shutdown
[2025-08-29 12:47:59] [INFO] main: testadmin listed all VM
[2025-08-29 12:48:06] [INFO] main: testadmin change state of vm win-clone1 to shutdown
[2025-08-29 12:48:07] [INFO] main: testadmin listed all VM
[2025-08-29 12:48:10] [INFO] main: testadmin change state of vm linux-clone3 to shutdown
[2025-08-29 12:48:10] [INFO] main: testadmin listed all VM
[2025-08-29 12:48:20] [INFO] main: testadmin listed all VM
[2025-08-29 15:05:23] [INFO] main: testadmin listed all VM
[2025-08-29 15:05:51] [INFO] main: testadmin listed all VM
[2025-08-29 15:09:46] [INFO] main: testadmin listed all VM
[2025-08-29 15:09:53] [INFO] main: testadmin listed all VM
[2025-08-29 15:10:36] [INFO] main: testadmin listed all VM
[2025-08-29 15:20:54] [INFO] main: testadmin listed all VM
[2025-08-29 15:21:03] [INFO] main: testadmin listed all VM
[2025-08-29 15:21:07] [INFO] main: testadmin listed all VM
[2025-08-29 15:21:13] [INFO] main: testadmin listed all VM
[2025-08-29 15:23:12] [INFO] main: testadmin listed all VM
[2025-08-29 15:25:53] [INFO] main: testadmin listed all VM
[2025-08-29 15:25:56] [INFO] main: testadmin listed all VM
[2025-09-01 16:35:56] [INFO] main: testadmin login
[2025-09-01 16:35:56] [INFO] main: testadmin listed all VM
[2025-09-01 16:37:04] [INFO] main: testadmin listed all VM
[2025-09-01 16:38:59] [INFO] main: testadmin listed all VM
[2025-09-01 16:39:49] [INFO] main: testadmin listed all VM
[2025-09-01 16:40:27] [INFO] main: testadmin change state of vm linux-clone1 to start
[2025-09-01 16:40:27] [INFO] main: testadmin listed all VM
[2025-09-01 16:42:00] [INFO] main: testadmin listed all VM
[2025-09-01 16:42:43] [INFO] main: testadmin change state of vm linux-clone1 to shutdown
[2025-09-01 16:48:35] [INFO] main: testadmin listed all VM
[2025-09-01 16:48:37] [INFO] main: testadmin change state of vm linux-clone1 to start
[2025-09-01 16:48:58] [INFO] main: testadmin listed all VM
[2025-09-01 16:49:01] [INFO] main: testadmin change state of vm linux-clone1 to shutdown
[2025-09-01 17:12:58] [INFO] main: testadmin listed all VM
[2025-09-01 17:13:00] [INFO] main: testadmin change state of vm linux-clone1 to start
[2025-09-01 17:13:14] [INFO] main: testadmin listed all VM
[2025-09-01 17:13:16] [INFO] main: testadmin change state of vm linux-clone1 to shutdown
[2025-09-01 17:15:13] [INFO] main: testadmin listed all VM
[2025-09-01 17:15:15] [INFO] main: testadmin change state of vm linux-clone1 to shutdown
[2025-09-01 17:16:07] [INFO] main: testadmin listed all VM
[2025-09-01 17:16:10] [INFO] main: testadmin change state of vm linux-clone1 to start
[2025-09-01 17:16:30] [INFO] main: testadmin listed all VM
[2025-09-01 17:16:31] [INFO] main: testadmin change state of vm linux-clone1 to shutdown
[2025-09-01 17:17:54] [INFO] main: testadmin listed all VM
[2025-09-01 17:17:58] [INFO] main: testadmin change state of vm linux-clone1 to start
[2025-09-01 17:18:27] [INFO] main: testadmin listed all VM
[2025-09-01 17:18:42] [INFO] main: testadmin listed all VM
[2025-09-01 17:18:52] [INFO] main: testadmin listed all VM
[2025-09-01 17:19:54] [INFO] main: testadmin listed all VM
[2025-09-01 17:19:56] [INFO] main: testadmin change state of vm linux-clone1 to shutdown
[2025-09-01 17:20:00] [INFO] main: testadmin change state of vm linux-clone3 to start
[2025-09-01 17:20:20] [INFO] main: testadmin listed all VM
[2025-09-01 17:20:23] [INFO] main: testadmin change state of vm linux-clone3 to shutdown
[2025-09-01 17:20:29] [INFO] main: testadmin change state of vm linux-clone3 to start
[2025-09-01 17:21:38] [INFO] main: testadmin listed all VM
[2025-09-01 17:21:40] [INFO] main: testadmin change state of vm linux-clone3 to shutdown
[2025-09-01 17:21:41] [ERROR] main: testadmin got error: Domain is already active when changing state of vm linux-clone3 to start
[2025-09-01 17:21:43] [ERROR] main: testadmin got error: Failed to shutdown domain 'linux-clone3'
error: Requested operation is not valid: domain is not running when changing state of vm linux-clone3 to shutdown
[2025-09-01 17:21:45] [INFO] main: testadmin change state of vm linux-clone3 to start
[2025-09-01 17:21:49] [INFO] main: testadmin change state of vm linux-clone3 to shutdown
[2025-09-01 17:21:53] [INFO] main: testadmin listed all VM
[2025-09-01 17:22:23] [INFO] main: testadmin change state of vm linux-clone2 to start
[2025-09-01 17:22:25] [INFO] main: testadmin change state of vm linux-clone2 to shutdown
[2025-09-01 17:22:28] [INFO] main: testadmin change state of vm linux-clone3 to shutdown
[2025-09-01 17:30:30] [INFO] main: testadmin change state of vm linux-clone3 to start
[2025-09-01 17:30:49] [INFO] main: testadmin change state of vm linux-clone3 to shutdown
[2025-09-01 17:31:19] [INFO] main: testadmin change state of vm linux-clone3 to start
[2025-09-01 17:32:10] [INFO] main: testadmin change state of vm linux-clone3 to shutdown
[2025-09-01 17:32:39] [INFO] main: testadmin change state of vm linux-clone3 to start
[2025-09-01 17:33:48] [INFO] main: testadmin change state of vm linux-clone3 to shutdown
[2025-09-01 17:34:41] [INFO] main: testadmin change state of vm linux-clone3 to start
[2025-09-01 17:35:46] [INFO] main: testadmin change state of vm linux-clone3 to shutdown
[2025-09-01 17:36:55] [INFO] main: testadmin listed all VM
[2025-09-01 17:37:00] [INFO] main: testadmin change state of vm linux-clone2 to shutdown
[2025-09-01 17:38:09] [INFO] main: testadmin listed all VM
[2025-09-01 17:38:19] [INFO] main: testadmin listed all VM
[2025-09-01 17:41:29] [INFO] main: testadmin listed all VM
[2025-09-01 17:48:03] [INFO] main: testadmin listed all VM
[2025-09-01 17:48:05] [INFO] main: testadmin change state of vm linux-clone1 to start
[2025-09-01 17:48:05] [INFO] main: testadmin listed all VM
[2025-09-01 17:48:56] [INFO] main: testadmin listed all VM
[2025-09-01 17:49:04] [INFO] main: testadmin change state of vm linux-clone1 to shutdown
[2025-09-01 17:49:04] [INFO] main: testadmin listed all VM
[2025-09-01 17:49:14] [INFO] main: testadmin change state of vm linux-clone1 to start
[2025-09-01 17:49:14] [INFO] main: testadmin listed all VM
[2025-09-01 17:49:27] [INFO] main: testadmin change state of vm linux-clone1 to shutdown
[2025-09-01 17:49:27] [INFO] main: testadmin listed all VM
[2025-09-05 10:39:33] [INFO] main: testadmin login
[2025-09-05 10:39:33] [INFO] main: testadmin listed all VM
[2025-09-05 10:41:10] [INFO] main: testadmin change state of vm linux-clone2 to start
[2025-09-05 10:41:10] [INFO] main: testadmin listed all VM
[2025-09-05 10:41:37] [INFO] main: testadmin change state of vm linux-clone2 to shutdown
[2025-09-05 10:41:37] [INFO] main: testadmin listed all VM
[2025-09-05 10:42:11] [INFO] main: testadmin change state of vm linux-clone2 to start
[2025-09-05 10:42:12] [INFO] main: testadmin listed all VM
[2025-09-05 10:42:42] [INFO] main: testadmin change state of vm linux-clone2 to shutdown
[2025-09-05 10:42:42] [INFO] main: testadmin listed all VM
[2025-09-05 10:56:36] [INFO] main: testuser login
[2025-09-05 10:56:36] [INFO] main: testuser listed all VM
[2025-09-05 10:57:14] [INFO] main: testuser listed all VM
[2025-09-05 10:57:18] [INFO] main: testuser listed all VM
[2025-09-05 10:57:20] [INFO] main: testuser listed all VM
[2025-09-05 10:57:24] [INFO] main: testuser listed all VM
[2025-09-05 11:00:35] [INFO] main: testuser listed all VM
[2025-09-05 11:00:50] [INFO] main: testuser listed all VM
[2025-09-05 11:01:44] [INFO] main: testuser listed all VM
[2025-09-05 11:01:48] [INFO] main: testuser listed all VM
[2025-09-05 11:01:52] [INFO] main: testuser listed all VM
[2025-09-05 11:01:56] [INFO] main: testuser listed all VM
[2025-09-05 11:02:00] [INFO] main: testuser listed all VM
[2025-09-05 11:06:54] [INFO] main: testuser change state of vm linux-clone2 to start
[2025-09-05 11:06:54] [INFO] main: testuser listed all VM
[2025-09-05 11:07:05] [INFO] main: testuser change state of vm linux-clone2 to reboot
[2025-09-05 11:07:05] [INFO] main: testuser listed all VM
[2025-09-05 11:07:14] [INFO] main: testuser listed all VM
[2025-09-05 11:07:16] [INFO] main: testuser change state of vm linux-clone2 to shutdown
[2025-09-05 11:07:16] [INFO] main: testuser listed all VM
[2025-09-05 11:10:37] [INFO] main: testuser change state of vm win-template to start
[2025-09-05 11:10:38] [INFO] main: testuser listed all VM
[2025-09-05 11:10:47] [INFO] main: testuser listed all VM
[2025-09-05 11:10:51] [INFO] main: testuser change state of vm win-template to reboot
[2025-09-05 11:10:51] [INFO] main: testuser listed all VM
[2025-09-05 11:10:58] [INFO] main: testuser listed all VM
[2025-09-05 11:11:00] [INFO] main: testuser change state of vm win-template to shutdown
[2025-09-05 11:11:01] [INFO] main: testuser listed all VM
[2025-09-05 11:11:03] [INFO] main: testuser listed all VM
[2025-09-05 11:11:07] [INFO] main: testuser listed all VM
[2025-09-05 11:11:08] [INFO] main: testuser listed all VM
[2025-09-05 11:11:10] [INFO] main: testuser listed all VM
[2025-09-05 11:11:11] [INFO] main: testuser listed all VM
[2025-09-05 11:11:34] [INFO] main: testuser change state of vm win-template to shutdown
[2025-09-05 11:11:34] [INFO] main: testuser listed all VM
[2025-09-05 11:11:40] [INFO] main: testuser listed all VM
[2025-09-05 11:11:44] [INFO] main: testuser change state of vm linux-clone2 to start
[2025-09-05 11:11:45] [INFO] main: testuser listed all VM
[2025-09-05 11:12:15] [INFO] main: testuser change state of vm linux-clone2 to reboot
[2025-09-05 11:12:16] [INFO] main: testuser listed all VM
[2025-09-05 11:12:45] [INFO] main: testuser change state of vm linux-clone2 to shutdown
[2025-09-05 11:12:46] [INFO] main: testuser listed all VM
[2025-09-05 11:13:55] [INFO] main: testuser change state of vm win-template to start
[2025-09-05 11:13:55] [INFO] main: testuser listed all VM
[2025-09-05 11:14:15] [INFO] main: testuser listed all VM
[2025-09-05 11:14:30] [INFO] main: testuser change state of vm win-template to shutdown
[2025-09-05 11:14:30] [INFO] main: testuser listed all VM
[2025-09-05 11:14:36] [INFO] main: testuser listed all VM
[2025-09-05 11:14:40] [INFO] main: testuser change state of vm linux-clone1 to start
[2025-09-05 11:14:40] [INFO] main: testuser listed all VM
[2025-09-05 11:14:44] [INFO] main: testuser listed all VM
[2025-09-05 11:22:26] [INFO] main: testuser listed all VM
[2025-09-05 11:22:34] [INFO] main: testuser listed all VM
[2025-09-05 11:22:37] [INFO] main: testuser listed all VM
[2025-09-05 11:23:06] [INFO] main: testadmin login
[2025-09-05 11:23:06] [INFO] main: testadmin listed all VM
[2025-09-05 11:30:26] [ERROR] main: DGacjkABSC Entered wrong password
[2025-09-05 11:37:17] [ERROR] main: vavkhsDk Entered wrong password
[2025-09-05 11:38:26] [ERROR] main: cjdgckas Entered wrong password
[2025-09-05 11:38:41] [INFO] main: testadmin login
[2025-09-05 11:38:41] [INFO] main: testadmin listed all VM
[2025-09-05 11:38:44] [INFO] main: testadmin change state of vm linux-clone1 to shutdown
[2025-09-05 11:38:44] [INFO] main: testadmin listed all VM
[2025-09-05 16:02:14] [ERROR] main: jcjkas Entered wrong password
[2025-09-05 16:02:24] [ERROR] main: testuser Entered wrong password
[2025-09-05 16:05:13] [ERROR] main:  Entered wrong password
[2025-09-05 16:05:42] [ERROR] main:  Entered wrong password
[2025-09-05 16:06:57] [ERROR] main:  Entered wrong password
[2025-09-05 16:07:04] [ERROR] main:  Entered wrong password
[2025-09-05 16:07:05] [ERROR] main:  Entered wrong password
[2025-09-05 16:07:10] [ERROR] main:  Entered wrong password
[2025-09-05 16:07:11] [ERROR] main:  Entered wrong password
[2025-09-05 16:07:11] [ERROR] main:  Entered wrong password
[2025-09-05 16:07:11] [ERROR] main:  Entered wrong password
[2025-09-05 16:07:12] [ERROR] main:  Entered wrong password
[2025-09-05 16:07:37] [INFO] main: testadmin login
[2025-09-05 16:08:29] [INFO] main: testadmin login
[2025-09-05 17:52:23] [INFO] main: testadmin listed all VM
[2025-09-05 17:52:31] [INFO] main: testadmin listed all VM
[2025-09-05 17:52:47] [INFO] main: testadmin listed all VM
[2025-09-05 17:53:00] [ERROR] main: testadmin Entered wrong password
[2025-09-05 17:53:01] [ERROR] main:  Entered wrong password
[2025-09-05 17:55:26] [ERROR] main: saczbm Entered wrong password
[2025-09-05 17:57:00] [ERROR] main: testuser Entered wrong password
[2025-09-05 17:57:09] [INFO] main: testuser login
[2025-09-05 17:57:09] [INFO] main: testuser listed all VM
[2025-09-05 18:02:37] [INFO] main: testadmin login
[2025-09-05 18:02:37] [INFO] main: testadmin listed all VM
[2025-09-05 18:07:19] [ERROR] main: tesadnqlkf., Entered wrong password
[2025-09-05 18:07:58] [INFO] main: testadmin login
[2025-09-05 18:07:58] [INFO] main: testadmin listed all VM
[2025-09-08 09:35:39] [ERROR] main: cgasjb Entered wrong password
[2025-09-08 09:35:44] [ERROR] main: vm s Entered wrong password
[2025-09-08 09:35:57] [INFO] main: testadmin login
[2025-09-08 09:35:58] [INFO] main: testadmin listed all VM
[2025-09-08 09:38:10] [INFO] main: testadmin listed all VM
[2025-09-08 09:38:25] [INFO] main: testadmin listed all VM
[2025-09-08 09:38:31] [INFO] main: testadmin listed all VM
[2025-09-08 09:38:40] [INFO] main: testadmin listed all VM
[2025-09-08 09:38:53] [INFO] main: testadmin change state of vm linux-clone1 to start
[2025-09-08 09:38:53] [INFO] main: testadmin listed all VM
[2025-09-08 09:39:02] [INFO] main: testadmin change state of vm linux-clone1 to shutdown
[2025-09-08 09:39:02] [INFO] main: testadmin listed all VM
[2025-09-08 09:39:17] [INFO] main: testadmin listed all VM
[2025-09-08 09:39:22] [INFO] main: testadmin listed all VM
[2025-09-08 09:39:33] [INFO] main: testadmin listed all VM
[2025-09-08 09:39:39] [INFO] main: testadmin listed all VM
[2025-09-08 09:40:08] [INFO] main: testadmin listed all VM
[2025-09-08 09:40:09] [INFO] main: testadmin listed all VM
[2025-09-08 09:40:10] [INFO] main: testadmin listed all VM
[2025-09-08 09:40:11] [INFO] main: testadmin change state of vm linux-clone1 to shutdown
[2025-09-08 09:40:12] [INFO] main: testadmin listed all VM
[2025-09-08 11:23:44] [INFO] main: testadmin listed all VM
[2025-09-08 14:19:57] [INFO] main: testadmin listed all VM
[2025-09-08 14:20:34] [INFO] main: testadmin listed all VM
[2025-09-08 14:54:11] [INFO] main: testadmin listed all VM
[2025-09-08 20:19:35] [INFO] main: testadmin login
[2025-09-08 20:20:23] [INFO] main: testadmin listed all VM
[2025-09-08 20:20:30] [INFO] main: testadmin listed all VM
[2025-09-08 21:35:12] [ERROR] vm router: SSH connection failed: An unexpected error occurred: [WinError 10060] A connection attempt failed because the connected party did not properly respond after a period of time, or established connection failed because connected host has failed to respond
[2025-09-08 21:35:12] [ERROR] vm router: Failed to execute SSH command: virsh list --all
Traceback (most recent call last):
  File "C:\Users\mdudi\OneDrive - WatchGuard Technologies Inc\Desktop\KVM-Server\backend\src\services\list_vms.py", line 13, in execute_ssh_command
    stdin, stdout, stderr = client.exec_command(command_to_execute)
                            ^^^^^^^^^^^^^^^^^^^
AttributeError: 'str' object has no attribute 'exec_command'
[2025-09-08 21:35:12] [ERROR] vm router: Unexpected error occurred while retrieving VM info
Traceback (most recent call last):
  File "C:\Users\mdudi\OneDrive - WatchGuard Technologies Inc\Desktop\KVM-Server\backend\src\services\list_vms.py", line 13, in execute_ssh_command
    stdin, stdout, stderr = client.exec_command(command_to_execute)
                            ^^^^^^^^^^^^^^^^^^^
AttributeError: 'str' object has no attribute 'exec_command'

During handling of the above exception, another exception occurred:

Traceback (most recent call last):
  File "C:\Users\mdudi\OneDrive - WatchGuard Technologies Inc\Desktop\KVM-Server\backend\src\services\list_vms.py", line 49, in list_all_vm
    output, error = execute_ssh_command(client, command)
                    ~~~~~~~~~~~~~~~~~~~^^^^^^^^^^^^^^^^^
  File "C:\Users\mdudi\OneDrive - WatchGuard Technologies Inc\Desktop\KVM-Server\backend\src\services\list_vms.py", line 19, in execute_ssh_command
    raise HTTPException(status_code=500, details="SSH command execution failed")
          ~~~~~~~~~~~~~^^^^^^^^^^^^^^^^^^^^^^^^^^^^^^^^^^^^^^^^^^^^^^^^^^^^^^^^^
TypeError: HTTPException.__init__() got an unexpected keyword argument 'details'. Did you mean 'detail'?
[2025-09-08 21:35:22] [INFO] main: testadmin login
[2025-09-08 21:37:33] [ERROR] vm router: SSH connection failed: An unexpected error occurred: [WinError 10060] A connection attempt failed because the connected party did not properly respond after a period of time, or established connection failed because connected host has failed to respond
[2025-09-08 21:37:33] [ERROR] vm router: Failed to execute SSH command: virsh list --all
Traceback (most recent call last):
  File "C:\Users\mdudi\OneDrive - WatchGuard Technologies Inc\Desktop\KVM-Server\backend\src\services\list_vms.py", line 13, in execute_ssh_command
    stdin, stdout, stderr = client.exec_command(command_to_execute)
                            ^^^^^^^^^^^^^^^^^^^
AttributeError: 'str' object has no attribute 'exec_command'
[2025-09-08 21:37:33] [ERROR] vm router: Unexpected error occurred while retrieving VM info
Traceback (most recent call last):
  File "C:\Users\mdudi\OneDrive - WatchGuard Technologies Inc\Desktop\KVM-Server\backend\src\services\list_vms.py", line 13, in execute_ssh_command
    stdin, stdout, stderr = client.exec_command(command_to_execute)
                            ^^^^^^^^^^^^^^^^^^^
AttributeError: 'str' object has no attribute 'exec_command'

During handling of the above exception, another exception occurred:

Traceback (most recent call last):
  File "C:\Users\mdudi\OneDrive - WatchGuard Technologies Inc\Desktop\KVM-Server\backend\src\services\list_vms.py", line 49, in list_all_vm
    output, error = execute_ssh_command(client, command)
                    ~~~~~~~~~~~~~~~~~~~^^^^^^^^^^^^^^^^^
  File "C:\Users\mdudi\OneDrive - WatchGuard Technologies Inc\Desktop\KVM-Server\backend\src\services\list_vms.py", line 19, in execute_ssh_command
    raise HTTPException(status_code=500, details="SSH command execution failed")
          ~~~~~~~~~~~~~^^^^^^^^^^^^^^^^^^^^^^^^^^^^^^^^^^^^^^^^^^^^^^^^^^^^^^^^^
TypeError: HTTPException.__init__() got an unexpected keyword argument 'details'. Did you mean 'detail'?
[2025-09-08 21:38:25] [ERROR] vm router: SSH connection failed: An unexpected error occurred: [WinError 10060] A connection attempt failed because the connected party did not properly respond after a period of time, or established connection failed because connected host has failed to respond
[2025-09-08 21:38:25] [ERROR] vm router: Failed to execute SSH command: virsh list --all
Traceback (most recent call last):
  File "C:\Users\mdudi\OneDrive - WatchGuard Technologies Inc\Desktop\KVM-Server\backend\src\services\list_vms.py", line 13, in execute_ssh_command
    stdin, stdout, stderr = client.exec_command(command_to_execute)
                            ^^^^^^^^^^^^^^^^^^^
AttributeError: 'str' object has no attribute 'exec_command'
[2025-09-08 21:38:25] [ERROR] vm router: Unexpected error occurred while retrieving VM info
Traceback (most recent call last):
  File "C:\Users\mdudi\OneDrive - WatchGuard Technologies Inc\Desktop\KVM-Server\backend\src\services\list_vms.py", line 13, in execute_ssh_command
    stdin, stdout, stderr = client.exec_command(command_to_execute)
                            ^^^^^^^^^^^^^^^^^^^
AttributeError: 'str' object has no attribute 'exec_command'

During handling of the above exception, another exception occurred:

Traceback (most recent call last):
  File "C:\Users\mdudi\OneDrive - WatchGuard Technologies Inc\Desktop\KVM-Server\backend\src\services\list_vms.py", line 49, in list_all_vm
    output, error = execute_ssh_command(client, command)
                    ~~~~~~~~~~~~~~~~~~~^^^^^^^^^^^^^^^^^
  File "C:\Users\mdudi\OneDrive - WatchGuard Technologies Inc\Desktop\KVM-Server\backend\src\services\list_vms.py", line 19, in execute_ssh_command
    raise HTTPException(status_code=500, details="SSH command execution failed")
          ~~~~~~~~~~~~~^^^^^^^^^^^^^^^^^^^^^^^^^^^^^^^^^^^^^^^^^^^^^^^^^^^^^^^^^
TypeError: HTTPException.__init__() got an unexpected keyword argument 'details'. Did you mean 'detail'?
[2025-09-08 21:39:19] [ERROR] vm router: SSH connection failed: An unexpected error occurred: [WinError 10060] A connection attempt failed because the connected party did not properly respond after a period of time, or established connection failed because connected host has failed to respond
[2025-09-08 21:39:19] [ERROR] vm router: Failed to execute SSH command: virsh list --all
Traceback (most recent call last):
  File "C:\Users\mdudi\OneDrive - WatchGuard Technologies Inc\Desktop\KVM-Server\backend\src\services\list_vms.py", line 13, in execute_ssh_command
    stdin, stdout, stderr = client.exec_command(command_to_execute)
                            ^^^^^^^^^^^^^^^^^^^
AttributeError: 'str' object has no attribute 'exec_command'
[2025-09-08 21:40:00] [ERROR] vm router: Failed to execute SSH command: virsh list --all
Traceback (most recent call last):
  File "C:\Users\mdudi\OneDrive - WatchGuard Technologies Inc\Desktop\KVM-Server\backend\src\services\list_vms.py", line 13, in execute_ssh_command
    stdin, stdout, stderr = client.exec_command(command_to_execute)
                                                ^^^^^^^^^^^^^^^^^^
NameError: name 'command_to_execute' is not defined
[2025-09-08 21:40:06] [ERROR] vm router: Failed to execute SSH command: virsh list --all
Traceback (most recent call last):
  File "C:\Users\mdudi\OneDrive - WatchGuard Technologies Inc\Desktop\KVM-Server\backend\src\services\list_vms.py", line 13, in execute_ssh_command
    stdin, stdout, stderr = client.exec_command(command_to_execute)
                                                ^^^^^^^^^^^^^^^^^^
NameError: name 'command_to_execute' is not defined
[2025-09-08 21:40:36] [INFO] vm router: testadmin retrieved VM info successfully
[2025-09-08 21:41:39] [INFO] vm router: testadmin retrieved VM info successfully
[2025-09-08 21:42:03] [INFO] vm router: testadmin retrieved VM info successfully
[2025-09-08 21:42:18] [INFO] vm router: testadmin retrieved VM info successfully
[2025-09-08 21:45:15] [INFO] vm router: testadmin retrieved VM info successfully
[2025-09-08 21:45:52] [INFO] vm router: testadmin retrieved VM info successfully
[2025-09-08 21:45:57] [INFO] vm router: testadmin retrieved VM info successfully
[2025-09-08 21:46:05] [INFO] vm router: testadmin retrieved VM info successfully
[2025-09-08 22:29:35] [INFO] login endpoint: User 'testadmin' logged in successfully
[2025-09-08 22:30:01] [ERROR] vm endpoint: SSH connection failed: An unexpected error occurred: [WinError 10060] A connection attempt failed because the connected party did not properly respond after a period of time, or established connection failed because connected host has failed to respond
[2025-09-08 22:31:37] [INFO] vm endpoint: testadmin retrieved VM info successfully
[2025-09-08 22:31:48] [INFO] vm endpoint: testadmin retrieved VM info successfully
[2025-09-08 22:31:54] [ERROR] register endpoint: Unexpected error while creating user 'apiadmin'
Traceback (most recent call last):
  File "C:\Users\mdudi\OneDrive - WatchGuard Technologies Inc\Desktop\KVM-Server\backend\src\services\register.py", line 27, in register
    with OpenDb(commit=True) as cursor:  # auto-commit transaction
         ~~~~~~^^^^^^^^^^^^^
TypeError: OpenDb.__init__() got an unexpected keyword argument 'commit'
[2025-09-08 22:32:07] [ERROR] register endpoint: Unexpected error while creating user 'apiadmin2'
Traceback (most recent call last):
  File "C:\Users\mdudi\OneDrive - WatchGuard Technologies Inc\Desktop\KVM-Server\backend\src\services\register.py", line 27, in register
    with OpenDb(commit=True) as cursor:  # auto-commit transaction
         ~~~~~~^^^^^^^^^^^^^
TypeError: OpenDb.__init__() got an unexpected keyword argument 'commit'
[2025-09-08 22:34:21] [INFO] register endpoint: Admin testadmin created account for user 'apiadmin2'
[2025-09-08 22:34:24] [ERROR] register endpoint: Unexpected error while creating user 'apiadmin2'
Traceback (most recent call last):
  File "C:\Users\mdudi\OneDrive - WatchGuard Technologies Inc\Desktop\KVM-Server\.venv\Lib\site-packages\mysql\connector\connection_cext.py", line 772, in cmd_query
    self._cmysql.query(
    ~~~~~~~~~~~~~~~~~~^
        query,
        ^^^^^^
    ...<3 lines>...
        query_attrs=self.query_attrs,
        ^^^^^^^^^^^^^^^^^^^^^^^^^^^^^
    )
    ^
_mysql_connector.MySQLInterfaceError: Duplicate entry 'apiadmin2' for key 'users.username'

The above exception was the direct cause of the following exception:

Traceback (most recent call last):
  File "C:\Users\mdudi\OneDrive - WatchGuard Technologies Inc\Desktop\KVM-Server\backend\src\services\register.py", line 37, in register
    cursor.execute(
    ~~~~~~~~~~~~~~^
        """
        ^^^
    ...<3 lines>...
        (user_id, username, hashed_password, role_id),
        ^^^^^^^^^^^^^^^^^^^^^^^^^^^^^^^^^^^^^^^^^^^^^^
    )
    ^
  File "C:\Users\mdudi\OneDrive - WatchGuard Technologies Inc\Desktop\KVM-Server\.venv\Lib\site-packages\mysql\connector\cursor_cext.py", line 353, in execute
    self._connection.cmd_query(
    ~~~~~~~~~~~~~~~~~~~~~~~~~~^
        self._stmt_partition["mappable_stmt"],
        ^^^^^^^^^^^^^^^^^^^^^^^^^^^^^^^^^^^^^^
    ...<2 lines>...
        raw_as_string=self._raw_as_string,
        ^^^^^^^^^^^^^^^^^^^^^^^^^^^^^^^^^^
    )
    ^
  File "C:\Users\mdudi\OneDrive - WatchGuard Technologies Inc\Desktop\KVM-Server\.venv\Lib\site-packages\mysql\connector\opentelemetry\context_propagation.py", line 97, in wrapper
    return method(cnx, *args, **kwargs)
  File "C:\Users\mdudi\OneDrive - WatchGuard Technologies Inc\Desktop\KVM-Server\.venv\Lib\site-packages\mysql\connector\connection_cext.py", line 781, in cmd_query
    raise get_mysql_exception(
        err.errno, msg=err.msg, sqlstate=err.sqlstate
    ) from err
mysql.connector.errors.IntegrityError: 1062 (23000): Duplicate entry 'apiadmin2' for key 'users.username'
[2025-09-08 22:35:09] [ERROR] register endpoint: Unexpected error while creating user 'apiadmin2'
Traceback (most recent call last):
  File "C:\Users\mdudi\OneDrive - WatchGuard Technologies Inc\Desktop\KVM-Server\.venv\Lib\site-packages\mysql\connector\connection_cext.py", line 772, in cmd_query
    self._cmysql.query(
    ~~~~~~~~~~~~~~~~~~^
        query,
        ^^^^^^
    ...<3 lines>...
        query_attrs=self.query_attrs,
        ^^^^^^^^^^^^^^^^^^^^^^^^^^^^^
    )
    ^
_mysql_connector.MySQLInterfaceError: Duplicate entry 'apiadmin2' for key 'users.username'

The above exception was the direct cause of the following exception:

Traceback (most recent call last):
  File "C:\Users\mdudi\OneDrive - WatchGuard Technologies Inc\Desktop\KVM-Server\backend\src\services\register.py", line 37, in register
    cursor.execute(
    ~~~~~~~~~~~~~~^
        """
        ^^^
    ...<3 lines>...
        (user_id, username, hashed_password, role_id),
        ^^^^^^^^^^^^^^^^^^^^^^^^^^^^^^^^^^^^^^^^^^^^^^
    )
    ^
  File "C:\Users\mdudi\OneDrive - WatchGuard Technologies Inc\Desktop\KVM-Server\.venv\Lib\site-packages\mysql\connector\cursor_cext.py", line 353, in execute
    self._connection.cmd_query(
    ~~~~~~~~~~~~~~~~~~~~~~~~~~^
        self._stmt_partition["mappable_stmt"],
        ^^^^^^^^^^^^^^^^^^^^^^^^^^^^^^^^^^^^^^
    ...<2 lines>...
        raw_as_string=self._raw_as_string,
        ^^^^^^^^^^^^^^^^^^^^^^^^^^^^^^^^^^
    )
    ^
  File "C:\Users\mdudi\OneDrive - WatchGuard Technologies Inc\Desktop\KVM-Server\.venv\Lib\site-packages\mysql\connector\opentelemetry\context_propagation.py", line 97, in wrapper
    return method(cnx, *args, **kwargs)
  File "C:\Users\mdudi\OneDrive - WatchGuard Technologies Inc\Desktop\KVM-Server\.venv\Lib\site-packages\mysql\connector\connection_cext.py", line 781, in cmd_query
    raise get_mysql_exception(
        err.errno, msg=err.msg, sqlstate=err.sqlstate
    ) from err
mysql.connector.errors.IntegrityError: 1062 (23000): Duplicate entry 'apiadmin2' for key 'users.username'
[2025-09-08 22:36:04] [ERROR] main: testadmin got error: Failed to shutdown domain 'win-clone1'
error: Requested operation is not valid: domain is not running when changing state of vm win-clone1 to shutdown
[2025-09-08 22:36:21] [INFO] main: testadmin change state of vm win-clone1 to start
[2025-09-08 22:37:12] [ERROR] vm_clone: testadmin encountered error while cloning Linux VM 'linux-clone3': ERROR    Could not use path '/home/linux-clone3.qcow2' for cloning: Clone onto existing storage volume is not currently supported: '/home/linux-clone3.qcow2'
[2025-09-08 22:37:46] [INFO] vm_clone: testadmin cloned Linux VM successfully: linux-clone4
[2025-09-08 22:38:06] [INFO] vm endpoint: testadmin retrieved VM info successfully
[2025-09-08 22:38:13] [INFO] vm endpoint: testadmin retrieved VM info successfully
[2025-09-08 22:38:41] [INFO] main: testadmin change state of vm win-clone1 to shutdown
[2025-09-08 22:38:59] [INFO] vm endpoint: testadmin retrieved VM info successfully
[2025-09-08 22:39:08] [INFO] vm endpoint: testadmin retrieved VM info successfully
[2025-09-08 22:39:13] [INFO] vm endpoint: testadmin retrieved VM info successfully
[2025-09-08 22:56:01] [ERROR] main: Entered the state of VM
[2025-09-08 22:57:16] [ERROR] main: Entered the state of VM
[2025-09-08 22:58:28] [ERROR] main: Entered the state of VM
[2025-09-08 22:59:37] [INFO] register endpoint: Admin testadmin created account for user 'apiadmin1'
[2025-09-08 22:59:47] [WARNING] register endpoint: Invalid role 'admin1' provided by testadmin
[2025-09-08 22:59:56] [INFO] register endpoint: Admin testadmin created account for user 'apiadmin3'
[2025-09-08 23:00:00] [ERROR] register endpoint: Unexpected error while creating user 'apiadmin3'
Traceback (most recent call last):
  File "C:\Users\mdudi\OneDrive - WatchGuard Technologies Inc\Desktop\KVM-Server\.venv\Lib\site-packages\mysql\connector\connection_cext.py", line 772, in cmd_query
    self._cmysql.query(
    ~~~~~~~~~~~~~~~~~~^
        query,
        ^^^^^^
    ...<3 lines>...
        query_attrs=self.query_attrs,
        ^^^^^^^^^^^^^^^^^^^^^^^^^^^^^
    )
    ^
_mysql_connector.MySQLInterfaceError: Duplicate entry 'apiadmin3' for key 'users.username'

The above exception was the direct cause of the following exception:

Traceback (most recent call last):
  File "C:\Users\mdudi\OneDrive - WatchGuard Technologies Inc\Desktop\KVM-Server\backend\src\services\register.py", line 37, in register
    cursor.execute(
    ~~~~~~~~~~~~~~^
        """
        ^^^
    ...<3 lines>...
        (user_id, username, hashed_password, role_id),
        ^^^^^^^^^^^^^^^^^^^^^^^^^^^^^^^^^^^^^^^^^^^^^^
    )
    ^
  File "C:\Users\mdudi\OneDrive - WatchGuard Technologies Inc\Desktop\KVM-Server\.venv\Lib\site-packages\mysql\connector\cursor_cext.py", line 353, in execute
    self._connection.cmd_query(
    ~~~~~~~~~~~~~~~~~~~~~~~~~~^
        self._stmt_partition["mappable_stmt"],
        ^^^^^^^^^^^^^^^^^^^^^^^^^^^^^^^^^^^^^^
    ...<2 lines>...
        raw_as_string=self._raw_as_string,
        ^^^^^^^^^^^^^^^^^^^^^^^^^^^^^^^^^^
    )
    ^
  File "C:\Users\mdudi\OneDrive - WatchGuard Technologies Inc\Desktop\KVM-Server\.venv\Lib\site-packages\mysql\connector\opentelemetry\context_propagation.py", line 97, in wrapper
    return method(cnx, *args, **kwargs)
  File "C:\Users\mdudi\OneDrive - WatchGuard Technologies Inc\Desktop\KVM-Server\.venv\Lib\site-packages\mysql\connector\connection_cext.py", line 781, in cmd_query
    raise get_mysql_exception(
        err.errno, msg=err.msg, sqlstate=err.sqlstate
    ) from err
mysql.connector.errors.IntegrityError: 1062 (23000): Duplicate entry 'apiadmin3' for key 'users.username'
[2025-09-08 23:04:29] [ERROR] main: testadmin got error: Domain is already active when changing state of vm win-clone1 to start
[2025-09-08 23:04:45] [INFO] vm endpoint: testadmin retrieved VM info successfully
[2025-09-08 23:05:01] [INFO] main: testadmin change state of vm win-clone1 to shutdown
[2025-09-08 23:07:02] [ERROR] vm state endpoint: testadmin got error: Failed to shutdown domain 'win-clone1'
error: Requested operation is not valid: domain is not running when changing state of vm win-clone1 to shutdown
[2025-09-08 23:26:49] [INFO] vm endpoint: testadmin retrieved VM info successfully
[2025-09-08 23:27:01] [INFO] vm endpoint: testadmin retrieved VM info successfully
[2025-09-08 23:27:07] [ERROR] vm state endpoint: testadmin got error: Failed to shutdown domain 'win-clone1'
error: Requested operation is not valid: domain is not running when changing state of vm win-clone1 to shutdown
[2025-09-08 23:27:16] [INFO] vm endpoint: testadmin retrieved VM info successfully
[2025-09-08 23:27:34] [ERROR] register endpoint: Unexpected error while creating user 'apiadmin3'
Traceback (most recent call last):
  File "C:\Users\mdudi\OneDrive - WatchGuard Technologies Inc\Desktop\KVM-Server\.venv\Lib\site-packages\mysql\connector\connection_cext.py", line 772, in cmd_query
    self._cmysql.query(
    ~~~~~~~~~~~~~~~~~~^
        query,
        ^^^^^^
    ...<3 lines>...
        query_attrs=self.query_attrs,
        ^^^^^^^^^^^^^^^^^^^^^^^^^^^^^
    )
    ^
_mysql_connector.MySQLInterfaceError: Duplicate entry 'apiadmin3' for key 'users.username'

The above exception was the direct cause of the following exception:

Traceback (most recent call last):
  File "C:\Users\mdudi\OneDrive - WatchGuard Technologies Inc\Desktop\KVM-Server\backend\src\services\register.py", line 37, in register
    cursor.execute(
    ~~~~~~~~~~~~~~^
        """
        ^^^
    ...<3 lines>...
        (user_id, username, hashed_password, role_id),
        ^^^^^^^^^^^^^^^^^^^^^^^^^^^^^^^^^^^^^^^^^^^^^^
    )
    ^
  File "C:\Users\mdudi\OneDrive - WatchGuard Technologies Inc\Desktop\KVM-Server\.venv\Lib\site-packages\mysql\connector\cursor_cext.py", line 353, in execute
    self._connection.cmd_query(
    ~~~~~~~~~~~~~~~~~~~~~~~~~~^
        self._stmt_partition["mappable_stmt"],
        ^^^^^^^^^^^^^^^^^^^^^^^^^^^^^^^^^^^^^^
    ...<2 lines>...
        raw_as_string=self._raw_as_string,
        ^^^^^^^^^^^^^^^^^^^^^^^^^^^^^^^^^^
    )
    ^
  File "C:\Users\mdudi\OneDrive - WatchGuard Technologies Inc\Desktop\KVM-Server\.venv\Lib\site-packages\mysql\connector\opentelemetry\context_propagation.py", line 97, in wrapper
    return method(cnx, *args, **kwargs)
  File "C:\Users\mdudi\OneDrive - WatchGuard Technologies Inc\Desktop\KVM-Server\.venv\Lib\site-packages\mysql\connector\connection_cext.py", line 781, in cmd_query
    raise get_mysql_exception(
        err.errno, msg=err.msg, sqlstate=err.sqlstate
    ) from err
mysql.connector.errors.IntegrityError: 1062 (23000): Duplicate entry 'apiadmin3' for key 'users.username'
[2025-09-08 23:33:34] [WARNING] register endpoint: user with username 'apiadmin3' found in DB
[2025-09-08 23:33:37] [WARNING] register endpoint: user with username 'apiadmin3' found in DB
[2025-09-08 23:33:54] [WARNING] register endpoint: Invalid role 'admin1' provided by testadmin
[2025-09-08 23:34:01] [WARNING] register endpoint: user with username 'apiadmin3' found in DB
[2025-09-08 23:36:55] [INFO] login endpoint: User 'testadmin' logged in successfully
[2025-09-08 23:36:55] [INFO] vm endpoint: testadmin retrieved VM info successfully
[2025-09-08 23:37:06] [INFO] vm state endpoint: testadmin change state of vm linux-clone1 to start
[2025-09-08 23:37:06] [INFO] vm endpoint: testadmin retrieved VM info successfully
[2025-09-08 23:38:20] [INFO] vm state endpoint: testadmin change state of vm linux-clone1 to shutdown
[2025-09-08 23:38:21] [INFO] vm endpoint: testadmin retrieved VM info successfully
[2025-09-08 23:38:49] [INFO] vm endpoint: testadmin retrieved VM info successfully
[2025-09-08 23:38:51] [INFO] vm endpoint: testadmin retrieved VM info successfully
[2025-09-09 11:15:23] [INFO] login endpoint: User 'testadmin' logged in successfully
[2025-09-09 11:15:24] [INFO] vm endpoint: testadmin retrieved VM info successfully
[2025-09-09 11:15:59] [ERROR] vm state endpoint: testadmin got error: Domain is already active when changing state of vm linux-clone1 to start
[2025-09-09 11:16:03] [ERROR] vm state endpoint: testadmin got error: Domain is already active when changing state of vm linux-clone1 to start
[2025-09-09 11:16:20] [INFO] vm endpoint: testadmin retrieved VM info successfully
[2025-09-09 11:16:32] [ERROR] vm state endpoint: testadmin got error: Domain is already active when changing state of vm linux-clone2 to start
[2025-09-09 11:16:40] [INFO] vm endpoint: testadmin retrieved VM info successfully
[2025-09-09 11:24:19] [INFO] vm state endpoint: testadmin change state of vm linux-clone2 to shutdown
[2025-09-09 11:24:19] [INFO] vm endpoint: testadmin retrieved VM info successfully
[2025-09-09 11:25:50] [INFO] vm endpoint: testadmin retrieved VM info successfully
[2025-09-09 12:33:49] [INFO] vm endpoint: testadmin retrieved VM info successfully
[2025-09-09 12:33:52] [INFO] vm state endpoint: testadmin change state of vm linux-clone3 to shutdown
[2025-09-09 12:33:52] [INFO] vm endpoint: testadmin retrieved VM info successfully
[2025-09-09 12:33:53] [INFO] vm state endpoint: testadmin change state of vm linux-clone4 to shutdown
[2025-09-09 12:33:54] [INFO] vm endpoint: testadmin retrieved VM info successfully
[2025-09-09 12:33:55] [INFO] vm state endpoint: testadmin change state of vm linux-clone1 to shutdown
[2025-09-09 12:33:55] [INFO] vm endpoint: testadmin retrieved VM info successfully
[2025-09-09 12:34:02] [ERROR] vm state endpoint: testadmin got error: Domain is already active when changing state of vm linux-clone2 to start
[2025-09-09 12:34:05] [INFO] vm endpoint: testadmin retrieved VM info successfully
[2025-09-09 12:40:19] [ERROR] vm state endpoint: testadmin got error: Domain is already active when changing state of vm linux-clone3 to start
[2025-09-09 12:41:15] [INFO] vm endpoint: testadmin retrieved VM info successfully
[2025-09-09 12:41:28] [INFO] vm state endpoint: testadmin change state of vm linux-clone2 to shutdown
[2025-09-09 12:41:28] [INFO] vm endpoint: testadmin retrieved VM info successfully
[2025-09-09 12:42:18] [INFO] vm endpoint: testadmin retrieved VM info successfully
[2025-09-09 12:42:24] [ERROR] vm state endpoint: testadmin got error: Domain is already active when changing state of vm linux-clone2 to start
[2025-09-09 12:42:34] [INFO] vm endpoint: testadmin retrieved VM info successfully
[2025-09-09 12:42:40] [ERROR] vm state endpoint: testadmin got error: Domain is already active when changing state of vm linux-clone4 to start
[2025-09-09 12:47:44] [INFO] vm endpoint: testadmin retrieved VM info successfully
[2025-09-09 12:47:46] [INFO] vm state endpoint: testadmin change state of vm linux-clone4 to shutdown
[2025-09-09 12:47:46] [INFO] vm endpoint: testadmin retrieved VM info successfully
[2025-09-09 12:47:47] [INFO] vm state endpoint: testadmin change state of vm linux-clone3 to shutdown
[2025-09-09 12:47:47] [INFO] vm endpoint: testadmin retrieved VM info successfully
[2025-09-09 12:47:48] [INFO] vm state endpoint: testadmin change state of vm linux-clone2 to shutdown
[2025-09-09 12:47:48] [INFO] vm endpoint: testadmin retrieved VM info successfully
[2025-09-09 12:47:50] [INFO] vm endpoint: testadmin retrieved VM info successfully
[2025-09-09 12:47:52] [INFO] vm endpoint: testadmin retrieved VM info successfully
[2025-09-09 12:47:53] [INFO] vm endpoint: testadmin retrieved VM info successfully
[2025-09-09 12:47:54] [INFO] vm endpoint: testadmin retrieved VM info successfully
[2025-09-09 12:47:54] [INFO] vm endpoint: testadmin retrieved VM info successfully
[2025-09-09 12:47:55] [INFO] vm endpoint: testadmin retrieved VM info successfully
[2025-09-09 12:47:55] [INFO] vm endpoint: testadmin retrieved VM info successfully
[2025-09-09 12:47:55] [INFO] vm endpoint: testadmin retrieved VM info successfully
[2025-09-09 12:47:56] [INFO] vm endpoint: testadmin retrieved VM info successfully
[2025-09-09 12:47:56] [INFO] vm endpoint: testadmin retrieved VM info successfully
[2025-09-09 12:47:56] [INFO] vm endpoint: testadmin retrieved VM info successfully
[2025-09-09 12:48:41] [INFO] vm endpoint: testadmin retrieved VM info successfully
[2025-09-09 12:48:44] [ERROR] vm state endpoint: testadmin got error: Domain is already active when changing state of vm linux-clone2 to start
[2025-09-09 12:49:50] [INFO] vm endpoint: testadmin retrieved VM info successfully
[2025-09-09 12:49:53] [ERROR] vm state endpoint: testadmin got error: Domain is already active when changing state of vm linux-clone3 to start
[2025-09-09 12:51:01] [ERROR] vm state endpoint: testadmin got error: Domain is already active when changing state of vm linux-clone3 to start
[2025-09-09 12:51:30] [INFO] vm endpoint: testadmin retrieved VM info successfully
[2025-09-09 12:51:37] [INFO] vm state endpoint: testadmin change state of vm linux-clone4 to start
[2025-09-09 12:51:38] [INFO] vm endpoint: testadmin retrieved VM info successfully
[2025-09-09 12:51:45] [INFO] vm endpoint: testadmin retrieved VM info successfully
[2025-09-09 12:51:50] [INFO] vm state endpoint: testadmin change state of vm linux-clone2 to shutdown
[2025-09-09 12:51:50] [INFO] vm endpoint: testadmin retrieved VM info successfully
[2025-09-09 12:51:54] [INFO] vm state endpoint: testadmin change state of vm linux-clone3 to shutdown
[2025-09-09 12:51:54] [INFO] vm endpoint: testadmin retrieved VM info successfully
[2025-09-09 12:52:04] [INFO] vm state endpoint: testadmin change state of vm linux-clone4 to shutdown
[2025-09-09 12:52:05] [INFO] vm endpoint: testadmin retrieved VM info successfully
[2025-09-09 12:52:11] [INFO] vm state endpoint: testadmin change state of vm linux-clone1 to start
[2025-09-09 12:52:12] [INFO] vm endpoint: testadmin retrieved VM info successfully
[2025-09-09 12:52:16] [INFO] vm state endpoint: testadmin change state of vm win-clone1 to start
[2025-09-09 12:52:16] [INFO] vm endpoint: testadmin retrieved VM info successfully
[2025-09-09 12:52:19] [INFO] vm state endpoint: testadmin change state of vm linux-clone3 to start
[2025-09-09 12:52:19] [INFO] vm endpoint: testadmin retrieved VM info successfully
[2025-09-09 12:52:44] [INFO] vm state endpoint: testadmin change state of vm linux-clone1 to shutdown
[2025-09-09 12:52:45] [INFO] vm endpoint: testadmin retrieved VM info successfully
[2025-09-09 12:52:55] [INFO] vm state endpoint: testadmin change state of vm win-clone1 to shutdown
[2025-09-09 12:52:55] [INFO] vm endpoint: testadmin retrieved VM info successfully
[2025-09-09 12:53:00] [INFO] vm state endpoint: testadmin change state of vm linux-clone3 to shutdown
[2025-09-09 12:53:00] [INFO] vm endpoint: testadmin retrieved VM info successfully
[2025-09-09 12:53:09] [INFO] vm endpoint: testadmin retrieved VM info successfully
[2025-09-09 13:10:42] [INFO] vm endpoint: testadmin retrieved VM info successfully
[2025-09-09 14:32:04] [INFO] login endpoint: User 'testadmin' logged in successfully
[2025-09-09 14:32:04] [INFO] vm endpoint: testadmin retrieved VM info successfully
[2025-09-09 14:32:19] [INFO] vm state endpoint: testadmin change state of vm linux-clone2 to start
[2025-09-09 14:32:19] [INFO] vm endpoint: testadmin retrieved VM info successfully
[2025-09-09 14:32:35] [INFO] vm state endpoint: testadmin change state of vm linux-clone2 to shutdown
[2025-09-09 14:32:35] [INFO] vm endpoint: testadmin retrieved VM info successfully
[2025-09-09 14:32:43] [INFO] vm endpoint: testadmin retrieved VM info successfully
[2025-09-09 14:32:44] [INFO] vm endpoint: testadmin retrieved VM info successfully
[2025-09-09 14:32:52] [INFO] vm endpoint: testadmin retrieved VM info successfully
[2025-09-09 14:32:58] [INFO] vm endpoint: testadmin retrieved VM info successfully
[2025-09-09 16:49:34] [INFO] login endpoint: User 'testadmin' logged in successfully
[2025-09-09 16:49:35] [INFO] vm endpoint: testadmin retrieved VM info successfully
[2025-09-09 16:49:37] [INFO] vm state endpoint: testadmin change state of vm linux-clone1 to start
[2025-09-09 16:49:37] [INFO] vm endpoint: testadmin retrieved VM info successfully
[2025-09-09 16:49:43] [INFO] vm state endpoint: testadmin change state of vm linux-clone1 to shutdown
[2025-09-09 16:49:44] [INFO] vm endpoint: testadmin retrieved VM info successfully
[2025-09-12 11:32:13] [INFO] login endpoint: User 'testadmin' logged in successfully
[2025-09-12 11:32:13] [INFO] vm endpoint: testadmin retrieved VM info successfully
[2025-09-12 11:32:21] [INFO] vm endpoint: testadmin retrieved VM info successfully
[2025-09-12 11:33:51] [INFO] vm endpoint: testadmin retrieved VM info successfully
[2025-09-12 11:35:34] [INFO] vm endpoint: testadmin retrieved VM info successfully
[2025-09-12 11:35:43] [INFO] vm endpoint: testadmin retrieved VM info successfully
[2025-09-12 11:36:04] [INFO] login endpoint: User 'testuser' logged in successfully
[2025-09-12 11:36:04] [INFO] vm endpoint: testuser retrieved VM info successfully
[2025-09-12 11:37:52] [WARNING] login endpoint: Failed login attempt for username: testuser
[2025-09-12 11:58:30] [INFO] login endpoint: User 'testuser' logged in successfully
[2025-09-12 11:58:31] [INFO] vm endpoint: testuser retrieved VM info successfully
[2025-09-12 11:59:29] [WARNING] login endpoint: Failed login attempt for username: 
[2025-09-12 11:59:31] [WARNING] login endpoint: Failed login attempt for username: 
[2025-09-12 11:59:32] [WARNING] login endpoint: Failed login attempt for username: 
[2025-09-12 11:59:33] [WARNING] login endpoint: Failed login attempt for username: 
[2025-09-12 11:59:37] [WARNING] login endpoint: Failed login attempt for username: 
[2025-09-12 11:59:38] [WARNING] login endpoint: Failed login attempt for username: 
[2025-09-12 11:59:40] [WARNING] login endpoint: Failed login attempt for username: 
[2025-09-12 11:59:48] [WARNING] login endpoint: Failed login attempt for username: testuser
[2025-09-12 11:59:48] [WARNING] login endpoint: Failed login attempt for username: 
[2025-09-12 11:59:48] [WARNING] login endpoint: Failed login attempt for username: 
[2025-09-12 11:59:49] [WARNING] login endpoint: Failed login attempt for username: 
[2025-09-12 11:59:49] [WARNING] login endpoint: Failed login attempt for username: 
[2025-09-12 11:59:49] [WARNING] login endpoint: Failed login attempt for username: 
[2025-09-12 11:59:49] [WARNING] login endpoint: Failed login attempt for username: 
[2025-09-12 11:59:50] [WARNING] login endpoint: Failed login attempt for username: 
[2025-09-12 11:59:55] [WARNING] login endpoint: Failed login attempt for username: 
[2025-09-12 12:00:10] [WARNING] login endpoint: Failed login attempt for username: testuser
[2025-09-12 12:00:15] [WARNING] login endpoint: Failed login attempt for username: 
[2025-09-12 12:00:15] [WARNING] login endpoint: Failed login attempt for username: 
[2025-09-12 12:00:16] [WARNING] login endpoint: Failed login attempt for username: 
[2025-09-12 12:00:16] [WARNING] login endpoint: Failed login attempt for username: 
[2025-09-12 12:00:16] [WARNING] login endpoint: Failed login attempt for username: 
[2025-09-12 12:00:16] [WARNING] login endpoint: Failed login attempt for username: 
[2025-09-12 12:00:16] [WARNING] login endpoint: Failed login attempt for username: 
[2025-09-12 12:00:16] [WARNING] login endpoint: Failed login attempt for username: 
[2025-09-12 12:00:17] [WARNING] login endpoint: Failed login attempt for username: 
[2025-09-12 12:00:17] [WARNING] login endpoint: Failed login attempt for username: 
[2025-09-12 12:00:17] [WARNING] login endpoint: Failed login attempt for username: 
[2025-09-12 12:00:52] [INFO] login endpoint: User 'testuser' logged in successfully
[2025-09-12 12:00:52] [INFO] vm endpoint: testuser retrieved VM info successfully
[2025-09-12 12:00:59] [WARNING] login endpoint: Failed login attempt for username: 
[2025-09-12 12:01:12] [INFO] login endpoint: User 'testuser' logged in successfully
[2025-09-12 12:01:13] [INFO] vm endpoint: testuser retrieved VM info successfully
[2025-09-12 12:02:29] [WARNING] login endpoint: Failed login attempt for username: 
[2025-09-12 12:02:42] [WARNING] login endpoint: Failed login attempt for username: 
[2025-09-12 12:21:47] [INFO] login endpoint: User 'testuser' logged in successfully
[2025-09-12 12:21:47] [INFO] vm endpoint: testuser retrieved VM info successfully
[2025-09-12 12:21:51] [INFO] vm state endpoint: testuser change state of vm linux-clone1 to shutdown
[2025-09-12 12:21:51] [INFO] vm endpoint: testuser retrieved VM info successfully
[2025-09-12 12:21:55] [INFO] vm endpoint: testuser retrieved VM info successfully
[2025-09-12 12:21:56] [INFO] vm endpoint: testuser retrieved VM info successfully
[2025-09-12 12:21:57] [INFO] vm endpoint: testuser retrieved VM info successfully
[2025-09-12 12:21:58] [INFO] vm endpoint: testuser retrieved VM info successfully
[2025-09-12 12:22:26] [INFO] vm endpoint: testuser retrieved VM info successfully
[2025-09-12 12:22:37] [INFO] vm endpoint: testuser retrieved VM info successfully
[2025-09-12 12:24:22] [INFO] vm state endpoint: testuser change state of vm linux-clone1 to start
[2025-09-12 12:24:22] [INFO] vm endpoint: testuser retrieved VM info successfully
[2025-09-12 12:24:34] [INFO] vm state endpoint: testuser change state of vm linux-clone1 to shutdown
[2025-09-12 12:24:35] [INFO] vm endpoint: testuser retrieved VM info successfully
[2025-09-12 12:24:37] [INFO] vm endpoint: testuser retrieved VM info successfully
[2025-09-12 12:24:41] [INFO] vm endpoint: testuser retrieved VM info successfully
[2025-09-12 12:24:46] [INFO] vm state endpoint: testuser change state of vm linux-clone1 to start
[2025-09-12 12:24:46] [INFO] vm endpoint: testuser retrieved VM info successfully
[2025-09-12 12:24:48] [INFO] vm state endpoint: testuser change state of vm linux-clone1 to shutdown
[2025-09-12 12:24:48] [INFO] vm endpoint: testuser retrieved VM info successfully
[2025-09-12 12:24:49] [INFO] vm endpoint: testuser retrieved VM info successfully
[2025-09-12 12:24:51] [INFO] vm endpoint: testuser retrieved VM info successfully
[2025-09-12 12:24:52] [INFO] vm endpoint: testuser retrieved VM info successfully
[2025-09-12 12:24:53] [INFO] vm endpoint: testuser retrieved VM info successfully
[2025-09-12 12:24:54] [INFO] vm endpoint: testuser retrieved VM info successfully
[2025-09-12 12:24:55] [INFO] vm endpoint: testuser retrieved VM info successfully
[2025-09-12 12:24:56] [INFO] vm state endpoint: testuser change state of vm linux-clone1 to shutdown
[2025-09-12 12:24:57] [INFO] vm endpoint: testuser retrieved VM info successfully
[2025-09-12 12:24:58] [INFO] vm endpoint: testuser retrieved VM info successfully
[2025-09-12 12:25:00] [INFO] vm endpoint: testuser retrieved VM info successfully
[2025-09-12 12:25:01] [INFO] vm endpoint: testuser retrieved VM info successfully
[2025-09-12 12:25:02] [INFO] vm endpoint: testuser retrieved VM info successfully
[2025-09-12 12:25:02] [INFO] vm endpoint: testuser retrieved VM info successfully
[2025-09-12 12:25:04] [INFO] vm endpoint: testuser retrieved VM info successfully
[2025-09-12 12:25:05] [INFO] vm endpoint: testuser retrieved VM info successfully
[2025-09-12 12:25:06] [INFO] vm endpoint: testuser retrieved VM info successfully
[2025-09-12 12:25:07] [INFO] vm endpoint: testuser retrieved VM info successfully
[2025-09-12 12:25:09] [INFO] vm state endpoint: testuser change state of vm linux-clone1 to shutdown
[2025-09-12 12:25:09] [INFO] vm endpoint: testuser retrieved VM info successfully
[2025-09-12 12:25:11] [INFO] vm endpoint: testuser retrieved VM info successfully
[2025-09-12 12:25:13] [INFO] vm endpoint: testuser retrieved VM info successfully
[2025-09-12 12:25:14] [INFO] vm endpoint: testuser retrieved VM info successfully
[2025-09-12 12:25:17] [INFO] vm endpoint: testuser retrieved VM info successfully
[2025-09-12 12:27:23] [INFO] vm endpoint: testuser retrieved VM info successfully
[2025-09-12 12:27:39] [INFO] vm endpoint: testuser retrieved VM info successfully
[2025-09-12 12:28:47] [INFO] vm endpoint: testuser retrieved VM info successfully
[2025-09-12 12:29:02] [INFO] vm endpoint: testuser retrieved VM info successfully
[2025-09-12 12:34:07] [INFO] vm endpoint: testuser retrieved VM info successfully
[2025-09-12 12:34:11] [INFO] vm endpoint: testuser retrieved VM info successfully
[2025-09-12 12:34:11] [INFO] vm endpoint: testuser retrieved VM info successfully
[2025-09-12 12:34:11] [INFO] vm endpoint: testuser retrieved VM info successfully
[2025-09-12 12:34:24] [INFO] vm endpoint: testuser retrieved VM info successfully
[2025-09-12 12:34:25] [INFO] vm endpoint: testuser retrieved VM info successfully
[2025-09-12 12:51:42] [INFO] vm endpoint: testuser retrieved VM info successfully
[2025-09-12 12:51:42] [INFO] vm endpoint: testuser retrieved VM info successfully
[2025-09-12 12:53:31] [INFO] vm endpoint: testuser retrieved VM info successfully
[2025-09-12 12:53:41] [INFO] vm endpoint: testuser retrieved VM info successfully
[2025-09-12 12:54:12] [INFO] vm endpoint: testuser retrieved VM info successfully
[2025-09-12 12:54:34] [INFO] vm endpoint: testuser retrieved VM info successfully
[2025-09-12 12:54:45] [INFO] vm endpoint: testuser retrieved VM info successfully
[2025-09-12 12:54:52] [INFO] vm endpoint: testuser retrieved VM info successfully
[2025-09-12 12:57:49] [INFO] vm endpoint: testuser retrieved VM info successfully
[2025-09-12 12:58:21] [INFO] vm endpoint: testuser retrieved VM info successfully
[2025-09-12 12:58:35] [INFO] vm endpoint: testuser retrieved VM info successfully
[2025-09-12 12:59:09] [INFO] vm endpoint: testuser retrieved VM info successfully
[2025-09-12 12:59:32] [INFO] vm endpoint: testuser retrieved VM info successfully
[2025-09-12 12:59:56] [INFO] vm endpoint: testuser retrieved VM info successfully
[2025-09-12 12:59:57] [INFO] vm endpoint: testuser retrieved VM info successfully
[2025-09-12 14:00:55] [INFO] vm endpoint: testuser retrieved VM info successfully
[2025-09-12 14:00:57] [INFO] vm endpoint: testuser retrieved VM info successfully
[2025-09-12 14:01:57] [INFO] vm endpoint: testuser retrieved VM info successfully
[2025-09-12 14:01:57] [INFO] vm endpoint: testuser retrieved VM info successfully
[2025-09-12 14:02:20] [INFO] vm endpoint: testuser retrieved VM info successfully
[2025-09-12 14:02:56] [INFO] vm endpoint: testuser retrieved VM info successfully
[2025-09-12 14:02:56] [INFO] vm endpoint: testuser retrieved VM info successfully
[2025-09-12 14:03:08] [INFO] vm endpoint: testuser retrieved VM info successfully
[2025-09-12 14:03:08] [INFO] vm endpoint: testuser retrieved VM info successfully
[2025-09-12 14:03:18] [INFO] vm endpoint: testuser retrieved VM info successfully
[2025-09-12 14:03:42] [INFO] vm endpoint: testuser retrieved VM info successfully
[2025-09-12 14:03:44] [INFO] vm endpoint: testuser retrieved VM info successfully
[2025-09-12 14:03:58] [INFO] vm endpoint: testuser retrieved VM info successfully
[2025-09-12 14:06:00] [INFO] vm endpoint: testuser retrieved VM info successfully
[2025-09-12 14:07:17] [INFO] vm endpoint: testuser retrieved VM info successfully
[2025-09-12 14:07:21] [INFO] vm endpoint: testuser retrieved VM info successfully
[2025-09-12 14:07:22] [INFO] vm endpoint: testuser retrieved VM info successfully
[2025-09-12 14:07:35] [INFO] vm endpoint: testuser retrieved VM info successfully
[2025-09-12 14:07:49] [INFO] vm endpoint: testuser retrieved VM info successfully
[2025-09-12 14:08:22] [INFO] vm endpoint: testuser retrieved VM info successfully
[2025-09-12 14:08:45] [INFO] vm endpoint: testuser retrieved VM info successfully
[2025-09-12 14:09:25] [INFO] vm endpoint: testuser retrieved VM info successfully
[2025-09-12 14:11:22] [INFO] vm endpoint: testuser retrieved VM info successfully
[2025-09-12 14:11:41] [INFO] vm endpoint: testuser retrieved VM info successfully
[2025-09-12 14:11:50] [INFO] vm endpoint: testuser retrieved VM info successfully
[2025-09-12 14:12:47] [INFO] vm endpoint: testuser retrieved VM info successfully
[2025-09-12 14:13:33] [INFO] vm endpoint: testuser retrieved VM info successfully
[2025-09-12 14:13:59] [INFO] vm endpoint: testuser retrieved VM info successfully
[2025-09-12 14:14:26] [INFO] vm endpoint: testuser retrieved VM info successfully
[2025-09-12 14:14:35] [INFO] vm endpoint: testuser retrieved VM info successfully
[2025-09-12 14:14:56] [INFO] vm endpoint: testuser retrieved VM info successfully
[2025-09-12 14:15:08] [INFO] vm endpoint: testuser retrieved VM info successfully
[2025-09-12 14:15:40] [INFO] vm endpoint: testuser retrieved VM info successfully
[2025-09-12 14:16:51] [INFO] vm endpoint: testuser retrieved VM info successfully
[2025-09-12 14:17:14] [INFO] vm endpoint: testuser retrieved VM info successfully
[2025-09-12 14:17:16] [INFO] vm endpoint: testuser retrieved VM info successfully
[2025-09-12 14:17:16] [INFO] vm endpoint: testuser retrieved VM info successfully
[2025-09-12 14:17:17] [INFO] vm endpoint: testuser retrieved VM info successfully
[2025-09-12 14:17:17] [INFO] vm endpoint: testuser retrieved VM info successfully
[2025-09-12 14:17:17] [INFO] vm endpoint: testuser retrieved VM info successfully
[2025-09-12 14:17:26] [INFO] vm endpoint: testuser retrieved VM info successfully
[2025-09-12 14:17:43] [INFO] vm endpoint: testuser retrieved VM info successfully
[2025-09-12 14:18:06] [INFO] vm endpoint: testuser retrieved VM info successfully
[2025-09-12 14:18:09] [INFO] vm endpoint: testuser retrieved VM info successfully
[2025-09-12 14:19:20] [INFO] vm endpoint: testuser retrieved VM info successfully
[2025-09-12 14:19:34] [INFO] vm endpoint: testuser retrieved VM info successfully
[2025-09-12 14:19:36] [INFO] vm endpoint: testuser retrieved VM info successfully
[2025-09-12 14:19:45] [INFO] vm endpoint: testuser retrieved VM info successfully
[2025-09-12 14:19:47] [INFO] vm endpoint: testuser retrieved VM info successfully
[2025-09-12 14:20:01] [INFO] vm endpoint: testuser retrieved VM info successfully
[2025-09-12 14:20:59] [INFO] vm endpoint: testuser retrieved VM info successfully
[2025-09-12 14:21:12] [INFO] vm endpoint: testuser retrieved VM info successfully
[2025-09-12 14:23:59] [INFO] vm endpoint: testuser retrieved VM info successfully
[2025-09-12 14:25:24] [INFO] vm endpoint: testuser retrieved VM info successfully
[2025-09-12 14:30:44] [INFO] vm endpoint: testuser retrieved VM info successfully
[2025-09-12 14:37:28] [INFO] vm endpoint: testuser retrieved VM info successfully
[2025-09-12 14:37:31] [INFO] vm state endpoint: testuser change state of vm linux-clone1 to start
[2025-09-12 14:37:31] [INFO] vm endpoint: testuser retrieved VM info successfully
[2025-09-12 14:38:02] [INFO] vm endpoint: testuser retrieved VM info successfully
[2025-09-12 14:39:53] [INFO] vm state endpoint: testuser change state of vm linux-clone1 to shutdown
[2025-09-12 14:39:53] [INFO] vm endpoint: testuser retrieved VM info successfully
[2025-09-12 14:42:37] [INFO] vm endpoint: testuser retrieved VM info successfully
[2025-09-12 14:44:08] [INFO] vm endpoint: testuser retrieved VM info successfully
[2025-09-12 14:44:17] [INFO] vm state endpoint: testuser change state of vm linux-clone1 to start
[2025-09-12 14:45:17] [INFO] vm endpoint: testuser retrieved VM info successfully
[2025-09-12 14:46:34] [INFO] vm endpoint: testuser retrieved VM info successfully
[2025-09-12 14:46:54] [INFO] vm endpoint: testuser retrieved VM info successfully
[2025-09-12 14:46:57] [INFO] vm state endpoint: testuser change state of vm linux-clone1 to shutdown
[2025-09-12 14:47:57] [INFO] vm endpoint: testuser retrieved VM info successfully
[2025-09-12 14:48:10] [INFO] vm endpoint: testuser retrieved VM info successfully
[2025-09-12 14:48:13] [INFO] vm state endpoint: testuser change state of vm linux-clone1 to start
[2025-09-12 14:49:13] [INFO] vm endpoint: testuser retrieved VM info successfully
[2025-09-12 14:50:49] [INFO] vm endpoint: testuser retrieved VM info successfully
[2025-09-12 14:50:51] [INFO] vm state endpoint: testuser change state of vm linux-clone1 to shutdown
[2025-09-12 14:51:52] [INFO] vm endpoint: testuser retrieved VM info successfully
[2025-09-12 14:52:49] [INFO] vm endpoint: testuser retrieved VM info successfully
[2025-09-12 14:52:52] [INFO] vm state endpoint: testuser change state of vm linux-clone1 to start
[2025-09-12 14:53:53] [INFO] vm endpoint: testuser retrieved VM info successfully
[2025-09-12 14:54:30] [INFO] vm endpoint: testuser retrieved VM info successfully
[2025-09-12 14:55:42] [INFO] vm state endpoint: testuser change state of vm linux-clone1 to shutdown
[2025-09-12 14:56:42] [INFO] vm endpoint: testuser retrieved VM info successfully
[2025-09-12 14:56:51] [INFO] vm endpoint: testuser retrieved VM info successfully
[2025-09-12 14:56:54] [INFO] vm state endpoint: testuser change state of vm linux-clone1 to start
[2025-09-12 14:56:55] [INFO] vm state endpoint: testuser change state of vm linux-clone2 to start
[2025-09-12 14:56:56] [INFO] vm state endpoint: testuser change state of vm linux-clone4 to start
[2025-09-12 14:56:59] [INFO] vm state endpoint: testuser change state of vm linux-template to start
[2025-09-12 14:57:55] [INFO] vm endpoint: testuser retrieved VM info successfully
[2025-09-12 14:57:55] [INFO] vm endpoint: testuser retrieved VM info successfully
[2025-09-12 14:57:57] [INFO] vm endpoint: testuser retrieved VM info successfully
[2025-09-12 14:57:59] [INFO] vm endpoint: testuser retrieved VM info successfully
[2025-09-12 14:58:11] [INFO] vm state endpoint: testuser change state of vm linux-clone1 to shutdown
[2025-09-12 14:58:13] [INFO] vm state endpoint: testuser change state of vm linux-clone2 to shutdown
[2025-09-12 14:58:14] [INFO] vm state endpoint: testuser change state of vm linux-template to shutdown
[2025-09-12 14:58:15] [INFO] vm state endpoint: testuser change state of vm linux-clone4 to shutdown
[2025-09-12 14:59:12] [INFO] vm endpoint: testuser retrieved VM info successfully
[2025-09-12 14:59:13] [INFO] vm endpoint: testuser retrieved VM info successfully
[2025-09-12 14:59:14] [INFO] vm endpoint: testuser retrieved VM info successfully
[2025-09-12 14:59:15] [INFO] vm endpoint: testuser retrieved VM info successfully
[2025-09-12 15:05:12] [INFO] vm state endpoint: testuser change state of vm linux-clone1 to start
[2025-09-12 15:05:13] [INFO] vm state endpoint: testuser change state of vm win-clone1 to start
[2025-09-12 15:05:14] [INFO] vm state endpoint: testuser change state of vm win-clone2 to start
[2025-09-12 15:06:12] [INFO] vm endpoint: testuser retrieved VM info successfully
[2025-09-12 15:06:13] [INFO] vm endpoint: testuser retrieved VM info successfully
[2025-09-12 15:06:15] [INFO] vm endpoint: testuser retrieved VM info successfully
[2025-09-12 15:07:24] [INFO] vm state endpoint: testuser change state of vm linux-clone1 to shutdown
[2025-09-12 15:07:25] [INFO] vm state endpoint: testuser change state of vm win-clone1 to shutdown
[2025-09-12 15:07:26] [INFO] vm state endpoint: testuser change state of vm win-clone2 to shutdown
[2025-09-12 15:08:24] [INFO] vm endpoint: testuser retrieved VM info successfully
[2025-09-12 15:08:25] [INFO] vm endpoint: testuser retrieved VM info successfully
[2025-09-12 15:08:27] [INFO] vm endpoint: testuser retrieved VM info successfully
[2025-09-12 15:14:47] [INFO] vm state endpoint: testuser change state of vm linux-clone2 to start
[2025-09-12 15:14:49] [INFO] vm state endpoint: testuser change state of vm linux-clone4 to start
[2025-09-12 15:14:50] [INFO] vm state endpoint: testuser change state of vm win-clone1 to start
[2025-09-12 15:14:52] [INFO] vm state endpoint: testuser change state of vm win-clone3 to start
[2025-09-12 15:15:48] [INFO] vm endpoint: testuser retrieved VM info successfully
[2025-09-12 15:15:49] [INFO] vm endpoint: testuser retrieved VM info successfully
[2025-09-12 15:15:51] [INFO] vm endpoint: testuser retrieved VM info successfully
[2025-09-12 15:15:53] [INFO] vm endpoint: testuser retrieved VM info successfully
[2025-09-12 15:16:46] [INFO] vm endpoint: testuser retrieved VM info successfully
[2025-09-12 15:17:06] [INFO] vm endpoint: testuser retrieved VM info successfully
[2025-09-12 15:17:17] [INFO] vm state endpoint: testuser change state of vm linux-clone2 to shutdown
[2025-09-12 15:17:19] [INFO] vm state endpoint: testuser change state of vm win-clone1 to shutdown
[2025-09-12 15:17:20] [INFO] vm state endpoint: testuser change state of vm linux-clone4 to shutdown
[2025-09-12 15:17:21] [INFO] vm state endpoint: testuser change state of vm win-clone3 to shutdown
[2025-09-12 15:17:24] [INFO] vm state endpoint: testuser change state of vm linux-clone3 to start
[2025-09-12 15:17:28] [INFO] vm state endpoint: testuser change state of vm win-template to start
[2025-09-12 15:18:03] [INFO] vm endpoint: testuser retrieved VM info successfully
[2025-09-12 15:18:07] [INFO] vm state endpoint: testuser change state of vm linux-clone3 to shutdown
[2025-09-12 15:18:12] [INFO] vm state endpoint: testuser change state of vm win-template to shutdown
[2025-09-12 15:19:07] [INFO] vm endpoint: testuser retrieved VM info successfully
[2025-09-12 15:19:12] [INFO] vm endpoint: testuser retrieved VM info successfully
[2025-09-12 15:20:54] [INFO] vm endpoint: testuser retrieved VM info successfully
[2025-09-12 15:21:56] [INFO] vm endpoint: testuser retrieved VM info successfully
[2025-09-12 15:23:05] [INFO] vm state endpoint: testuser change state of vm linux-clone2 to start
[2025-09-12 15:23:07] [INFO] vm state endpoint: testuser change state of vm win-clone1 to start
[2025-09-12 15:24:05] [INFO] vm endpoint: testuser retrieved VM info successfully
[2025-09-12 15:24:08] [INFO] vm endpoint: testuser retrieved VM info successfully
[2025-09-12 15:24:33] [INFO] vm endpoint: testuser retrieved VM info successfully
[2025-09-12 15:24:35] [INFO] vm state endpoint: testuser change state of vm win-clone1 to shutdown
[2025-09-12 15:24:59] [INFO] vm endpoint: testuser retrieved VM info successfully
[2025-09-12 15:25:00] [INFO] vm state endpoint: testuser change state of vm linux-clone2 to shutdown
[2025-09-12 15:25:30] [INFO] vm endpoint: testuser retrieved VM info successfully
[2025-09-12 15:25:32] [INFO] vm state endpoint: testuser change state of vm linux-clone2 to start
[2025-09-12 15:25:33] [INFO] vm state endpoint: testuser change state of vm linux-clone3 to start
[2025-09-12 15:25:47] [INFO] vm endpoint: testuser retrieved VM info successfully
[2025-09-12 15:25:48] [INFO] vm state endpoint: testuser change state of vm linux-clone2 to shutdown
[2025-09-12 15:25:49] [INFO] vm state endpoint: testuser change state of vm linux-clone3 to shutdown
[2025-09-12 15:25:57] [ERROR] vm state endpoint: testuser got error: Failed to shutdown domain 'linux-clone2'
error: Requested operation is not valid: domain is not running when changing state of vm linux-clone2 to shutdown
[2025-09-12 15:25:59] [INFO] vm endpoint: testuser retrieved VM info successfully
[2025-09-12 15:26:01] [INFO] vm state endpoint: testuser change state of vm linux-clone2 to start
[2025-09-12 15:26:14] [INFO] vm endpoint: testuser retrieved VM info successfully
[2025-09-12 15:26:16] [INFO] vm state endpoint: testuser change state of vm linux-clone2 to shutdown
[2025-09-12 15:26:18] [INFO] vm endpoint: testuser retrieved VM info successfully
[2025-09-12 15:26:24] [INFO] vm endpoint: testuser retrieved VM info successfully
[2025-09-12 15:26:26] [INFO] vm endpoint: testuser retrieved VM info successfully
[2025-09-12 15:27:16] [INFO] vm endpoint: testuser retrieved VM info successfully
[2025-09-12 15:27:19] [INFO] vm state endpoint: testuser change state of vm linux-clone2 to start
[2025-09-12 15:28:19] [INFO] vm endpoint: testuser retrieved VM info successfully
[2025-09-12 15:28:51] [INFO] vm state endpoint: testuser change state of vm linux-clone2 to shutdown
[2025-09-12 15:29:52] [INFO] vm endpoint: testuser retrieved VM info successfully
[2025-09-12 15:30:22] [INFO] vm endpoint: testuser retrieved VM info successfully
[2025-09-12 15:30:24] [INFO] vm state endpoint: testuser change state of vm linux-clone2 to start
[2025-09-12 15:30:25] [INFO] vm state endpoint: testuser change state of vm linux-clone3 to start
[2025-09-12 15:30:29] [INFO] vm state endpoint: testuser change state of vm linux-template to start
[2025-09-12 15:30:52] [INFO] vm endpoint: testuser retrieved VM info successfully
[2025-09-12 15:30:54] [INFO] vm state endpoint: testuser change state of vm linux-clone2 to shutdown
[2025-09-12 15:31:05] [INFO] vm endpoint: testuser retrieved VM info successfully
[2025-09-12 15:31:06] [INFO] vm state endpoint: testuser change state of vm linux-clone3 to shutdown
[2025-09-12 15:31:09] [INFO] vm state endpoint: testuser change state of vm linux-template to shutdown
[2025-09-12 15:31:28] [INFO] vm endpoint: testuser retrieved VM info successfully
[2025-09-12 15:31:30] [INFO] vm state endpoint: testuser change state of vm linux-clone2 to start
[2025-09-12 15:31:44] [INFO] vm endpoint: testuser retrieved VM info successfully
[2025-09-12 15:31:45] [INFO] vm state endpoint: testuser change state of vm linux-clone2 to shutdown
[2025-09-12 15:31:56] [INFO] vm endpoint: testuser retrieved VM info successfully
[2025-09-12 15:31:58] [INFO] vm state endpoint: testuser change state of vm linux-clone2 to start
[2025-09-12 15:31:59] [INFO] vm state endpoint: testuser change state of vm linux-clone3 to start
[2025-09-12 15:32:01] [INFO] vm state endpoint: testuser change state of vm linux-template to start
[2025-09-12 15:32:08] [INFO] vm state endpoint: testuser change state of vm win-clone1 to start
[2025-09-12 15:32:11] [INFO] vm state endpoint: testuser change state of vm win-clone3 to start
[2025-09-12 15:32:39] [INFO] vm endpoint: testuser retrieved VM info successfully
[2025-09-12 15:32:41] [INFO] vm state endpoint: testuser change state of vm linux-clone3 to shutdown
[2025-09-12 15:32:43] [INFO] vm state endpoint: testuser change state of vm linux-template to shutdown
[2025-09-12 15:32:57] [INFO] vm endpoint: testuser retrieved VM info successfully
[2025-09-12 15:32:59] [INFO] vm state endpoint: testuser change state of vm linux-clone2 to shutdown
[2025-09-12 15:33:13] [INFO] vm endpoint: testuser retrieved VM info successfully
[2025-09-12 15:33:15] [INFO] vm state endpoint: testuser change state of vm win-clone1 to shutdown
[2025-09-12 15:34:15] [INFO] vm endpoint: testuser retrieved VM info successfully
[2025-09-12 15:34:21] [INFO] vm state endpoint: testuser change state of vm linux-clone3 to start
[2025-09-12 15:34:23] [INFO] vm state endpoint: testuser change state of vm win-clone3 to shutdown
[2025-09-12 15:35:21] [INFO] vm endpoint: testuser retrieved VM info successfully
[2025-09-12 15:35:24] [INFO] vm endpoint: testuser retrieved VM info successfully
[2025-09-12 15:35:27] [INFO] vm state endpoint: testuser change state of vm linux-clone3 to shutdown
[2025-09-12 15:35:51] [INFO] vm endpoint: testuser retrieved VM info successfully
[2025-09-12 15:35:55] [INFO] vm state endpoint: testuser change state of vm linux-clone2 to start
[2025-09-12 15:35:57] [ERROR] vm state endpoint: testuser got error: Domain is already active when changing state of vm linux-clone2 to start
[2025-09-12 15:36:13] [INFO] vm endpoint: testuser retrieved VM info successfully
[2025-09-12 15:44:40] [INFO] vm state endpoint: testuser change state of vm linux-clone2 to shutdown
[2025-09-12 15:44:53] [ERROR] vm state endpoint: testuser got error: Failed to shutdown domain 'linux-clone2'
error: Requested operation is not valid: domain is not running when changing state of vm linux-clone2 to shutdown
[2025-09-12 15:44:58] [INFO] vm endpoint: testuser retrieved VM info successfully
[2025-09-12 15:45:02] [INFO] vm state endpoint: testuser change state of vm linux-clone2 to start
[2025-09-12 15:45:03] [INFO] vm state endpoint: testuser change state of vm linux-clone3 to start
[2025-09-12 15:45:05] [INFO] vm state endpoint: testuser change state of vm win-clone1 to start
[2025-09-12 15:46:03] [INFO] vm endpoint: testuser retrieved VM info successfully
[2025-09-12 15:46:04] [INFO] vm endpoint: testuser retrieved VM info successfully
[2025-09-12 15:46:06] [INFO] vm endpoint: testuser retrieved VM info successfully
[2025-09-12 16:52:09] [INFO] vm state endpoint: testuser change state of vm linux-clone3 to shutdown
[2025-09-12 16:52:11] [INFO] vm state endpoint: testuser change state of vm win-clone1 to shutdown
[2025-09-12 16:53:10] [INFO] vm endpoint: testuser retrieved VM info successfully
[2025-09-12 16:53:12] [INFO] vm endpoint: testuser retrieved VM info successfully
[2025-09-12 16:53:53] [INFO] vm endpoint: testuser retrieved VM info successfully
[2025-09-12 16:53:54] [INFO] vm state endpoint: testuser change state of vm linux-clone2 to shutdown
[2025-09-12 16:53:56] [INFO] vm state endpoint: testuser change state of vm win-clone1 to shutdown
[2025-09-12 16:54:06] [INFO] vm endpoint: testuser retrieved VM info successfully
[2025-09-12 17:01:15] [INFO] vm endpoint: testuser retrieved VM info successfully
[2025-09-12 17:01:17] [INFO] vm state endpoint: testuser change state of vm linux-clone1 to start
[2025-09-12 17:01:18] [INFO] vm state endpoint: testuser change state of vm linux-clone2 to start
[2025-09-12 17:01:21] [INFO] vm state endpoint: testuser change state of vm win-clone1 to start
[2025-09-12 17:02:18] [INFO] vm endpoint: testuser retrieved VM info successfully
[2025-09-12 17:02:19] [INFO] vm endpoint: testuser retrieved VM info successfully
[2025-09-12 17:02:21] [INFO] vm endpoint: testuser retrieved VM info successfully
[2025-09-12 17:03:47] [INFO] vm endpoint: testuser retrieved VM info successfully
[2025-09-12 17:03:49] [INFO] vm state endpoint: testuser change state of vm linux-clone1 to shutdown
[2025-09-12 17:03:54] [ERROR] vm state endpoint: testuser got error: Failed to reboot domain 'linux-clone1'
error: Requested operation is not valid: domain is not running when changing state of vm linux-clone1 to reboot
[2025-09-12 17:03:55] [ERROR] vm state endpoint: testuser got error: Failed to shutdown domain 'linux-clone1'
error: Requested operation is not valid: domain is not running when changing state of vm linux-clone1 to shutdown
[2025-09-12 17:03:57] [INFO] vm state endpoint: testuser change state of vm linux-clone2 to shutdown
[2025-09-12 17:03:58] [INFO] vm state endpoint: testuser change state of vm win-clone1 to shutdown
[2025-09-12 17:04:40] [INFO] vm endpoint: testuser retrieved VM info successfully
[2025-09-12 17:04:42] [INFO] vm state endpoint: testuser change state of vm linux-clone1 to start
[2025-09-12 17:04:57] [INFO] vm state endpoint: testuser change state of vm linux-template to start
[2025-09-12 17:04:59] [INFO] vm state endpoint: testuser change state of vm linux-clone4 to start
[2025-09-12 17:05:01] [INFO] vm state endpoint: testuser change state of vm win-clone3 to start
[2025-09-12 17:05:03] [INFO] vm state endpoint: testuser change state of vm linux-clone3 to start
[2025-09-12 17:05:05] [INFO] vm state endpoint: testuser change state of vm linux-clone2 to start
[2025-09-12 17:05:42] [INFO] vm endpoint: testuser retrieved VM info successfully
[2025-09-12 17:05:49] [INFO] vm state endpoint: testuser change state of vm linux-clone1 to shutdown
[2025-09-12 17:05:57] [INFO] vm endpoint: testuser retrieved VM info successfully
[2025-09-12 17:05:59] [INFO] vm endpoint: testuser retrieved VM info successfully
[2025-09-12 17:06:01] [INFO] vm endpoint: testuser retrieved VM info successfully
[2025-09-12 17:06:03] [INFO] vm endpoint: testuser retrieved VM info successfully
[2025-09-12 17:06:06] [INFO] vm endpoint: testuser retrieved VM info successfully
[2025-09-12 17:06:09] [INFO] vm state endpoint: testuser change state of vm linux-template to shutdown
[2025-09-12 17:06:12] [INFO] vm state endpoint: testuser change state of vm win-clone3 to shutdown
[2025-09-12 17:06:14] [INFO] vm state endpoint: testuser change state of vm linux-clone4 to shutdown
[2025-09-12 17:06:16] [INFO] vm state endpoint: testuser change state of vm linux-clone3 to shutdown
[2025-09-12 17:06:17] [INFO] vm state endpoint: testuser change state of vm linux-clone2 to shutdown
[2025-09-12 17:06:19] [INFO] vm state endpoint: testuser change state of vm win-clone1 to start
[2025-09-12 17:06:19] [INFO] vm state endpoint: testuser change state of vm win-template to start
[2025-09-12 17:06:21] [INFO] vm state endpoint: testuser change state of vm win-clone2 to start
[2025-09-12 17:06:49] [INFO] vm endpoint: testuser retrieved VM info successfully
[2025-09-12 17:07:09] [INFO] vm endpoint: testuser retrieved VM info successfully
[2025-09-12 17:07:12] [INFO] vm endpoint: testuser retrieved VM info successfully
[2025-09-12 17:07:14] [INFO] vm endpoint: testuser retrieved VM info successfully
[2025-09-12 17:07:17] [INFO] vm endpoint: testuser retrieved VM info successfully
[2025-09-12 17:07:17] [INFO] vm endpoint: testuser retrieved VM info successfully
[2025-09-12 17:07:19] [INFO] vm endpoint: testuser retrieved VM info successfully
[2025-09-12 17:07:20] [INFO] vm endpoint: testuser retrieved VM info successfully
[2025-09-12 17:07:21] [INFO] vm endpoint: testuser retrieved VM info successfully
[2025-09-12 17:08:50] [INFO] vm state endpoint: testuser change state of vm win-clone1 to shutdown
[2025-09-12 17:08:51] [INFO] vm state endpoint: testuser change state of vm win-template to shutdown
[2025-09-12 17:08:53] [INFO] vm state endpoint: testuser change state of vm win-clone2 to shutdown
[2025-09-12 17:09:51] [INFO] vm endpoint: testuser retrieved VM info successfully
[2025-09-12 17:09:52] [INFO] vm endpoint: testuser retrieved VM info successfully
[2025-09-12 17:09:54] [INFO] vm endpoint: testuser retrieved VM info successfully
[2025-09-12 17:11:27] [INFO] vm endpoint: testuser retrieved VM info successfully
[2025-09-12 17:12:52] [INFO] vm endpoint: testuser retrieved VM info successfully
[2025-09-12 17:18:42] [INFO] vm state endpoint: testuser change state of vm linux-clone2 to start
[2025-09-12 17:19:42] [INFO] vm endpoint: testuser retrieved VM info successfully
[2025-09-12 17:20:56] [INFO] vm state endpoint: testuser change state of vm linux-clone2 to shutdown
[2025-09-12 17:28:07] [INFO] vm endpoint: testuser retrieved VM info successfully
[2025-09-12 17:28:36] [INFO] vm endpoint: testuser retrieved VM info successfully
[2025-09-15 14:38:28] [INFO] login endpoint: User 'testadmin' logged in successfully
[2025-09-15 14:38:28] [INFO] vm endpoint: testadmin retrieved VM info successfully
[2025-09-15 14:38:33] [INFO] vm endpoint: testadmin retrieved VM info successfully
[2025-09-15 14:38:37] [INFO] vm endpoint: testadmin retrieved VM info successfully
[2025-09-15 14:51:06] [INFO] vm endpoint: testadmin retrieved VM info successfully
[2025-09-15 14:52:10] [INFO] vm endpoint: testadmin retrieved VM info successfully
[2025-09-15 15:01:44] [INFO] vm endpoint: testadmin retrieved VM info successfully
[2025-09-15 15:01:59] [INFO] vm endpoint: testadmin retrieved VM info successfully
[2025-09-15 15:02:29] [INFO] login endpoint: User 'testadmin' logged in successfully
[2025-09-15 15:02:29] [INFO] vm endpoint: testadmin retrieved VM info successfully
[2025-09-15 15:03:50] [INFO] login endpoint: User 'testadmin' logged in successfully
[2025-09-15 15:03:50] [INFO] vm endpoint: testadmin retrieved VM info successfully
[2025-09-15 15:04:01] [INFO] vm endpoint: testadmin retrieved VM info successfully
[2025-09-15 15:47:33] [INFO] login endpoint: User 'testuser' logged in successfully
[2025-09-15 15:47:33] [INFO] vm endpoint: testuser retrieved VM info successfully
[2025-09-15 15:55:45] [INFO] login endpoint: User 'testuser' logged in successfully
[2025-09-15 15:55:46] [INFO] vm endpoint: testuser retrieved VM info successfully
[2025-09-15 15:56:13] [INFO] login endpoint: User 'testuser' logged in successfully
[2025-09-15 15:56:13] [INFO] vm endpoint: testuser retrieved VM info successfully
[2025-09-15 15:58:35] [INFO] login endpoint: User 'testuser' logged in successfully
[2025-09-15 15:58:36] [INFO] vm endpoint: testuser retrieved VM info successfully
[2025-09-16 10:03:13] [INFO] login endpoint: User 'testadmin' logged in successfully
[2025-09-16 10:03:14] [INFO] vm endpoint: testadmin retrieved VM info successfully
[2025-09-16 10:08:55] [ERROR] login endpoint: Unexpected error in login API
Traceback (most recent call last):
  File "C:\Users\mdudi\OneDrive - WatchGuard Technologies Inc\Desktop\KVM-Server\.venv\Lib\site-packages\mysql\connector\connection_cext.py", line 772, in cmd_query
    self._cmysql.query(
    ~~~~~~~~~~~~~~~~~~^
        query,
        ^^^^^^
    ...<3 lines>...
        query_attrs=self.query_attrs,
        ^^^^^^^^^^^^^^^^^^^^^^^^^^^^^
    )
    ^
_mysql_connector.MySQLInterfaceError: Unknown column 'role_id' in 'where clause'

The above exception was the direct cause of the following exception:

Traceback (most recent call last):
  File "C:\Users\mdudi\OneDrive - WatchGuard Technologies Inc\Desktop\KVM-Server\backend\src\services\login.py", line 32, in login
    cursor.execute(
    ~~~~~~~~~~~~~~^
        "SELECT role FROM roles WHERE role_id = %s",
        ^^^^^^^^^^^^^^^^^^^^^^^^^^^^^^^^^^^^^^^^^^^^
        (result[3],)
        ^^^^^^^^^^^^
    )
    ^
  File "C:\Users\mdudi\OneDrive - WatchGuard Technologies Inc\Desktop\KVM-Server\.venv\Lib\site-packages\mysql\connector\cursor_cext.py", line 353, in execute
    self._connection.cmd_query(
    ~~~~~~~~~~~~~~~~~~~~~~~~~~^
        self._stmt_partition["mappable_stmt"],
        ^^^^^^^^^^^^^^^^^^^^^^^^^^^^^^^^^^^^^^
    ...<2 lines>...
        raw_as_string=self._raw_as_string,
        ^^^^^^^^^^^^^^^^^^^^^^^^^^^^^^^^^^
    )
    ^
  File "C:\Users\mdudi\OneDrive - WatchGuard Technologies Inc\Desktop\KVM-Server\.venv\Lib\site-packages\mysql\connector\opentelemetry\context_propagation.py", line 97, in wrapper
    return method(cnx, *args, **kwargs)
  File "C:\Users\mdudi\OneDrive - WatchGuard Technologies Inc\Desktop\KVM-Server\.venv\Lib\site-packages\mysql\connector\connection_cext.py", line 781, in cmd_query
    raise get_mysql_exception(
        err.errno, msg=err.msg, sqlstate=err.sqlstate
    ) from err
mysql.connector.errors.ProgrammingError: 1054 (42S22): Unknown column 'role_id' in 'where clause'
[2025-09-16 10:09:07] [ERROR] login endpoint: Unexpected error in login API
Traceback (most recent call last):
  File "C:\Users\mdudi\OneDrive - WatchGuard Technologies Inc\Desktop\KVM-Server\.venv\Lib\site-packages\mysql\connector\connection_cext.py", line 772, in cmd_query
    self._cmysql.query(
    ~~~~~~~~~~~~~~~~~~^
        query,
        ^^^^^^
    ...<3 lines>...
        query_attrs=self.query_attrs,
        ^^^^^^^^^^^^^^^^^^^^^^^^^^^^^
    )
    ^
_mysql_connector.MySQLInterfaceError: Unknown column 'role_id' in 'where clause'

The above exception was the direct cause of the following exception:

Traceback (most recent call last):
  File "C:\Users\mdudi\OneDrive - WatchGuard Technologies Inc\Desktop\KVM-Server\backend\src\services\login.py", line 32, in login
    cursor.execute(
    ~~~~~~~~~~~~~~^
        "SELECT role FROM roles WHERE role_id = %s",
        ^^^^^^^^^^^^^^^^^^^^^^^^^^^^^^^^^^^^^^^^^^^^
        (result[3],)
        ^^^^^^^^^^^^
    )
    ^
  File "C:\Users\mdudi\OneDrive - WatchGuard Technologies Inc\Desktop\KVM-Server\.venv\Lib\site-packages\mysql\connector\cursor_cext.py", line 353, in execute
    self._connection.cmd_query(
    ~~~~~~~~~~~~~~~~~~~~~~~~~~^
        self._stmt_partition["mappable_stmt"],
        ^^^^^^^^^^^^^^^^^^^^^^^^^^^^^^^^^^^^^^
    ...<2 lines>...
        raw_as_string=self._raw_as_string,
        ^^^^^^^^^^^^^^^^^^^^^^^^^^^^^^^^^^
    )
    ^
  File "C:\Users\mdudi\OneDrive - WatchGuard Technologies Inc\Desktop\KVM-Server\.venv\Lib\site-packages\mysql\connector\opentelemetry\context_propagation.py", line 97, in wrapper
    return method(cnx, *args, **kwargs)
  File "C:\Users\mdudi\OneDrive - WatchGuard Technologies Inc\Desktop\KVM-Server\.venv\Lib\site-packages\mysql\connector\connection_cext.py", line 781, in cmd_query
    raise get_mysql_exception(
        err.errno, msg=err.msg, sqlstate=err.sqlstate
    ) from err
mysql.connector.errors.ProgrammingError: 1054 (42S22): Unknown column 'role_id' in 'where clause'
[2025-09-16 10:09:09] [WARNING] login endpoint: Failed login attempt for username: 
[2025-09-16 10:10:33] [INFO] login endpoint: User 'testadmin' logged in successfully
[2025-09-16 10:10:34] [INFO] vm endpoint: testadmin retrieved VM info successfully
[2025-09-16 10:11:12] [INFO] login endpoint: User 'testadmin' logged in successfully
[2025-09-16 10:11:14] [INFO] vm endpoint: testadmin retrieved VM info successfully
[2025-09-16 10:11:54] [INFO] login endpoint: User 'testadmin' logged in successfully
[2025-09-16 10:26:49] [INFO] vm endpoint: testadmin retrieved VM info successfully
[2025-09-16 10:28:14] [WARNING] login endpoint: Failed login attempt for username: testadmin
[2025-09-16 10:28:23] [INFO] login endpoint: User 'testadmin' logged in successfully
[2025-09-16 10:28:23] [INFO] vm endpoint: testadmin retrieved VM info successfully
[2025-09-16 10:33:48] [INFO] login endpoint: User 'testadmin' logged in successfully
[2025-09-16 10:33:48] [INFO] vm endpoint: testadmin retrieved VM info successfully
[2025-09-16 10:34:13] [INFO] vm endpoint: testadmin retrieved VM info successfully
[2025-09-16 10:37:49] [INFO] vm endpoint: testadmin retrieved VM info successfully
[2025-09-16 10:38:21] [INFO] login endpoint: User 'testuser' logged in successfully
[2025-09-16 10:38:21] [INFO] vm endpoint: testuser retrieved VM info successfully
[2025-09-16 10:38:51] [INFO] vm endpoint: testuser retrieved VM info successfully
[2025-09-16 10:39:24] [INFO] vm endpoint: testuser retrieved VM info successfully
[2025-09-16 10:39:56] [INFO] vm endpoint: testuser retrieved VM info successfully
[2025-09-16 11:04:55] [WARNING] login endpoint: Failed login attempt for username: testuser
[2025-09-16 11:05:05] [INFO] login endpoint: User 'testuser' logged in successfully
[2025-09-16 11:05:05] [INFO] vm endpoint: testuser retrieved VM info successfully
[2025-09-16 13:13:59] [WARNING] login endpoint: Failed login attempt for username: 
[2025-09-16 13:14:02] [WARNING] login endpoint: Failed login attempt for username: 
[2025-09-16 13:14:02] [WARNING] login endpoint: Failed login attempt for username: 
[2025-09-16 13:14:03] [WARNING] login endpoint: Failed login attempt for username: 
[2025-09-16 13:14:03] [WARNING] login endpoint: Failed login attempt for username: 
[2025-09-16 13:14:03] [WARNING] login endpoint: Failed login attempt for username: 
[2025-09-16 13:14:09] [WARNING] login endpoint: Failed login attempt for username: testadmin
[2025-09-16 13:14:10] [WARNING] login endpoint: Failed login attempt for username: 
[2025-09-16 13:14:10] [WARNING] login endpoint: Failed login attempt for username: 
[2025-09-16 13:14:10] [WARNING] login endpoint: Failed login attempt for username: 
[2025-09-16 13:14:10] [WARNING] login endpoint: Failed login attempt for username: 
[2025-09-16 13:14:10] [WARNING] login endpoint: Failed login attempt for username: 
[2025-09-16 13:14:11] [WARNING] login endpoint: Failed login attempt for username: 
[2025-09-16 13:14:11] [WARNING] login endpoint: Failed login attempt for username: 
[2025-09-16 13:14:11] [WARNING] login endpoint: Failed login attempt for username: 
[2025-09-16 13:14:23] [INFO] login endpoint: User 'testadmin' logged in successfully
[2025-09-16 13:14:23] [INFO] vm endpoint: testadmin retrieved VM info successfully
[2025-09-16 13:14:32] [INFO] vm state endpoint: testadmin change state of vm linux-clone1 to start
[2025-09-16 13:14:42] [INFO] vm state endpoint: testadmin change state of vm win-clone2 to start
[2025-09-16 13:14:52] [INFO] vm state endpoint: testadmin change state of vm win-clone1 to start
[2025-09-16 13:15:32] [INFO] vm endpoint: testadmin retrieved VM info successfully
[2025-09-16 13:15:42] [INFO] vm endpoint: testadmin retrieved VM info successfully
[2025-09-16 13:15:52] [INFO] vm endpoint: testadmin retrieved VM info successfully
[2025-09-16 13:21:57] [INFO] vm state endpoint: testadmin change state of vm win-template to start
[2025-09-16 13:22:58] [INFO] vm endpoint: testadmin retrieved VM info successfully
[2025-09-16 13:25:27] [INFO] vm endpoint: testadmin retrieved VM info successfully
[2025-09-16 13:25:32] [INFO] vm state endpoint: testadmin change state of vm linux-clone1 to shutdown
[2025-09-16 13:25:38] [INFO] vm state endpoint: testadmin change state of vm win-clone1 to shutdown
[2025-09-16 13:25:39] [INFO] vm state endpoint: testadmin change state of vm win-clone2 to shutdown
[2025-09-16 13:25:40] [INFO] vm state endpoint: testadmin change state of vm win-template to shutdown
[2025-09-16 13:25:43] [INFO] vm state endpoint: testadmin change state of vm linux-clone2 to start
[2025-09-16 13:26:32] [INFO] vm endpoint: testadmin retrieved VM info successfully
[2025-09-16 13:26:38] [INFO] vm endpoint: testadmin retrieved VM info successfully
[2025-09-16 13:26:40] [INFO] vm endpoint: testadmin retrieved VM info successfully
[2025-09-16 13:26:40] [INFO] vm endpoint: testadmin retrieved VM info successfully
[2025-09-16 13:26:43] [INFO] vm endpoint: testadmin retrieved VM info successfully
[2025-09-16 13:26:50] [INFO] vm state endpoint: testadmin change state of vm linux-clone2 to shutdown
[2025-09-16 13:27:50] [INFO] vm endpoint: testadmin retrieved VM info successfully
[2025-09-16 13:29:57] [INFO] vm endpoint: testadmin retrieved VM info successfully
[2025-09-16 13:30:04] [INFO] vm state endpoint: testadmin change state of vm win-clone1 to shutdown
[2025-09-16 13:30:07] [INFO] vm state endpoint: testadmin change state of vm win-clone2 to shutdown
[2025-09-16 13:31:05] [INFO] vm endpoint: testadmin retrieved VM info successfully
[2025-09-16 13:31:08] [INFO] vm endpoint: testadmin retrieved VM info successfully
[2025-09-16 13:37:39] [INFO] vm endpoint: testadmin retrieved VM info successfully
[2025-09-16 13:38:00] [INFO] vm endpoint: testadmin retrieved VM info successfully
[2025-09-16 13:38:04] [INFO] vm endpoint: testadmin retrieved VM info successfully
[2025-09-16 13:38:05] [INFO] vm endpoint: testadmin retrieved VM info successfully
[2025-09-16 13:38:13] [INFO] vm endpoint: testadmin retrieved VM info successfully
[2025-09-16 13:38:18] [INFO] vm endpoint: testadmin retrieved VM info successfully
[2025-09-16 16:27:01] [INFO] vm state endpoint: testadmin change state of vm linux-clone2 to start
[2025-09-16 16:28:02] [INFO] vm endpoint: testadmin retrieved VM info successfully
[2025-09-16 16:28:57] [INFO] vm endpoint: testadmin retrieved VM info successfully
[2025-09-16 16:31:01] [INFO] vm endpoint: testadmin retrieved VM info successfully
[2025-09-16 16:31:02] [INFO] vm state endpoint: testadmin change state of vm linux-clone2 to shutdown
[2025-09-16 16:31:11] [INFO] vm state endpoint: testadmin change state of vm linux-clone1 to start
[2025-09-16 16:31:29] [INFO] vm state endpoint: testadmin change state of vm linux-clone3 to start
[2025-09-16 16:31:34] [INFO] vm state endpoint: testadmin change state of vm linux-clone4 to start
[2025-09-16 16:31:48] [INFO] vm state endpoint: testadmin change state of vm win-clone1 to start
[2025-09-16 16:31:50] [INFO] vm state endpoint: testadmin change state of vm linux-template to start
[2025-09-16 16:31:54] [INFO] vm state endpoint: testadmin change state of vm win-clone2 to start
[2025-09-16 16:32:01] [INFO] vm state endpoint: testadmin change state of vm win-clone3 to start
[2025-09-16 16:32:03] [INFO] vm endpoint: testadmin retrieved VM info successfully
[2025-09-16 16:32:06] [INFO] vm state endpoint: testadmin change state of vm win-template to start
[2025-09-16 16:32:14] [INFO] vm endpoint: testadmin retrieved VM info successfully
[2025-09-16 16:32:33] [INFO] vm endpoint: testadmin retrieved VM info successfully
[2025-09-16 16:32:38] [INFO] vm endpoint: testadmin retrieved VM info successfully
[2025-09-16 16:32:50] [INFO] vm endpoint: testadmin retrieved VM info successfully
[2025-09-16 16:32:52] [INFO] vm endpoint: testadmin retrieved VM info successfully
[2025-09-16 16:33:01] [INFO] vm endpoint: testadmin retrieved VM info successfully
[2025-09-16 16:33:01] [INFO] vm state endpoint: testadmin change state of vm linux-clone1 to shutdown
[2025-09-16 16:33:03] [INFO] vm endpoint: testadmin retrieved VM info successfully
[2025-09-16 16:33:04] [ERROR] vm state endpoint: testadmin got error: Failed to shutdown domain 'win-clone1'
error: Requested operation is not valid: domain is not running when changing state of vm win-clone1 to shutdown
[2025-09-16 16:33:06] [INFO] vm state endpoint: testadmin change state of vm linux-clone4 to shutdown
[2025-09-16 16:33:06] [INFO] vm state endpoint: testadmin change state of vm linux-clone3 to shutdown
[2025-09-16 16:33:07] [INFO] vm endpoint: testadmin retrieved VM info successfully
[2025-09-16 16:33:07] [INFO] vm state endpoint: testadmin change state of vm linux-template to shutdown
[2025-09-16 16:33:08] [INFO] vm state endpoint: testadmin change state of vm win-clone2 to shutdown
[2025-09-16 16:33:09] [INFO] vm state endpoint: testadmin change state of vm win-clone3 to shutdown
[2025-09-16 16:33:09] [INFO] vm state endpoint: testadmin change state of vm win-template to shutdown
[2025-09-16 16:33:45] [INFO] vm endpoint: testadmin retrieved VM info successfully
[2025-09-16 16:33:53] [INFO] vm endpoint: testadmin retrieved VM info successfully
[2025-09-16 16:35:10] [INFO] vm endpoint: testadmin retrieved VM info successfully
[2025-09-16 16:35:12] [INFO] vm state endpoint: testadmin change state of vm win-clone3 to shutdown
[2025-09-16 16:35:13] [INFO] vm state endpoint: testadmin change state of vm win-clone2 to shutdown
[2025-09-16 16:35:14] [INFO] vm state endpoint: testadmin change state of vm win-template to shutdown
[2025-09-16 16:36:12] [INFO] vm endpoint: testadmin retrieved VM info successfully
[2025-09-16 16:36:14] [INFO] vm endpoint: testadmin retrieved VM info successfully
[2025-09-16 16:36:15] [INFO] vm endpoint: testadmin retrieved VM info successfully
[2025-09-16 16:36:19] [INFO] vm endpoint: testadmin retrieved VM info successfully
[2025-09-16 16:36:55] [INFO] vm state endpoint: testadmin change state of vm win-template to start
[2025-09-16 16:36:59] [ERROR] vm state endpoint: testadmin got error: Domain is already active when changing state of vm win-template to start
[2025-09-16 16:37:56] [INFO] vm endpoint: testadmin retrieved VM info successfully
[2025-09-16 16:38:11] [INFO] vm endpoint: testadmin retrieved VM info successfully
[2025-09-16 16:38:15] [INFO] vm state endpoint: testadmin change state of vm win-template to shutdown
[2025-09-16 16:39:15] [INFO] vm endpoint: testadmin retrieved VM info successfully
[2025-09-16 16:43:59] [INFO] vm endpoint: testadmin retrieved VM info successfully
[2025-09-16 16:44:01] [INFO] vm state endpoint: testadmin change state of vm linux-clone1 to start
[2025-09-16 16:44:04] [INFO] vm state endpoint: testadmin change state of vm win-clone3 to start
[2025-09-16 16:45:01] [INFO] vm endpoint: testadmin retrieved VM info successfully
[2025-09-16 16:45:05] [INFO] vm endpoint: testadmin retrieved VM info successfully
[2025-09-16 16:45:08] [INFO] vm state endpoint: testadmin change state of vm linux-clone1 to reboot
[2025-09-16 16:45:26] [INFO] vm state endpoint: testadmin change state of vm win-clone3 to shutdown
[2025-09-16 16:46:08] [INFO] vm endpoint: testadmin retrieved VM info successfully
[2025-09-16 16:46:12] [INFO] vm state endpoint: testadmin change state of vm linux-clone1 to shutdown
[2025-09-16 16:46:27] [INFO] vm endpoint: testadmin retrieved VM info successfully
[2025-09-16 16:47:13] [INFO] vm endpoint: testadmin retrieved VM info successfully
[2025-09-16 17:01:52] [WARNING] login endpoint: Failed login attempt for username: testadmin
[2025-09-16 17:02:09] [WARNING] login endpoint: Failed login attempt for username: 
[2025-09-16 17:02:56] [WARNING] login endpoint: Failed login attempt for username: 
[2025-09-16 17:03:05] [WARNING] login endpoint: Failed login attempt for username: testadmin
[2025-09-16 17:04:33] [WARNING] login endpoint: Failed login attempt for username: testadmin
[2025-09-16 17:04:54] [WARNING] login endpoint: Failed login attempt for username: testadmin
[2025-09-16 17:05:01] [INFO] login endpoint: User 'testadmin' logged in successfully
[2025-09-16 17:05:02] [INFO] vm endpoint: testadmin retrieved VM info successfully
[2025-09-16 17:05:12] [WARNING] login endpoint: Failed login attempt for username: 
[2025-09-16 17:05:21] [ERROR] login endpoint: Unexpected error in login API
Traceback (most recent call last):
  File "C:\Users\mdudi\OneDrive - WatchGuard Technologies Inc\Desktop\KVM-Server\.venv\Lib\site-packages\mysql\connector\connection_cext.py", line 772, in cmd_query
    self._cmysql.query(
    ~~~~~~~~~~~~~~~~~~^
        query,
        ^^^^^^
    ...<3 lines>...
        query_attrs=self.query_attrs,
        ^^^^^^^^^^^^^^^^^^^^^^^^^^^^^
    )
    ^
_mysql_connector.MySQLInterfaceError: Unknown column 'igd' in 'where clause'

The above exception was the direct cause of the following exception:

Traceback (most recent call last):
  File "C:\Users\mdudi\OneDrive - WatchGuard Technologies Inc\Desktop\KVM-Server\backend\src\services\login.py", line 32, in login
    cursor.execute(
    ~~~~~~~~~~~~~~^
        "SELECT role FROM roles WHERE igd = %s",
        ^^^^^^^^^^^^^^^^^^^^^^^^^^^^^^^^^^^^^^^^
        (result[3],)
        ^^^^^^^^^^^^
    )
    ^
  File "C:\Users\mdudi\OneDrive - WatchGuard Technologies Inc\Desktop\KVM-Server\.venv\Lib\site-packages\mysql\connector\cursor_cext.py", line 353, in execute
    self._connection.cmd_query(
    ~~~~~~~~~~~~~~~~~~~~~~~~~~^
        self._stmt_partition["mappable_stmt"],
        ^^^^^^^^^^^^^^^^^^^^^^^^^^^^^^^^^^^^^^
    ...<2 lines>...
        raw_as_string=self._raw_as_string,
        ^^^^^^^^^^^^^^^^^^^^^^^^^^^^^^^^^^
    )
    ^
  File "C:\Users\mdudi\OneDrive - WatchGuard Technologies Inc\Desktop\KVM-Server\.venv\Lib\site-packages\mysql\connector\opentelemetry\context_propagation.py", line 97, in wrapper
    return method(cnx, *args, **kwargs)
  File "C:\Users\mdudi\OneDrive - WatchGuard Technologies Inc\Desktop\KVM-Server\.venv\Lib\site-packages\mysql\connector\connection_cext.py", line 781, in cmd_query
    raise get_mysql_exception(
        err.errno, msg=err.msg, sqlstate=err.sqlstate
    ) from err
mysql.connector.errors.ProgrammingError: 1054 (42S22): Unknown column 'igd' in 'where clause'
[2025-09-16 17:05:25] [WARNING] login endpoint: Failed login attempt for username: testadmin
[2025-09-16 17:05:29] [WARNING] login endpoint: Failed login attempt for username: testadmin
[2025-09-16 17:05:34] [ERROR] login endpoint: Unexpected error in login API
Traceback (most recent call last):
  File "C:\Users\mdudi\OneDrive - WatchGuard Technologies Inc\Desktop\KVM-Server\.venv\Lib\site-packages\mysql\connector\connection_cext.py", line 772, in cmd_query
    self._cmysql.query(
    ~~~~~~~~~~~~~~~~~~^
        query,
        ^^^^^^
    ...<3 lines>...
        query_attrs=self.query_attrs,
        ^^^^^^^^^^^^^^^^^^^^^^^^^^^^^
    )
    ^
_mysql_connector.MySQLInterfaceError: Unknown column 'igd' in 'where clause'

The above exception was the direct cause of the following exception:

Traceback (most recent call last):
  File "C:\Users\mdudi\OneDrive - WatchGuard Technologies Inc\Desktop\KVM-Server\backend\src\services\login.py", line 32, in login
    cursor.execute(
    ~~~~~~~~~~~~~~^
        "SELECT role FROM roles WHERE igd = %s",
        ^^^^^^^^^^^^^^^^^^^^^^^^^^^^^^^^^^^^^^^^
        (result[3],)
        ^^^^^^^^^^^^
    )
    ^
  File "C:\Users\mdudi\OneDrive - WatchGuard Technologies Inc\Desktop\KVM-Server\.venv\Lib\site-packages\mysql\connector\cursor_cext.py", line 353, in execute
    self._connection.cmd_query(
    ~~~~~~~~~~~~~~~~~~~~~~~~~~^
        self._stmt_partition["mappable_stmt"],
        ^^^^^^^^^^^^^^^^^^^^^^^^^^^^^^^^^^^^^^
    ...<2 lines>...
        raw_as_string=self._raw_as_string,
        ^^^^^^^^^^^^^^^^^^^^^^^^^^^^^^^^^^
    )
    ^
  File "C:\Users\mdudi\OneDrive - WatchGuard Technologies Inc\Desktop\KVM-Server\.venv\Lib\site-packages\mysql\connector\opentelemetry\context_propagation.py", line 97, in wrapper
    return method(cnx, *args, **kwargs)
  File "C:\Users\mdudi\OneDrive - WatchGuard Technologies Inc\Desktop\KVM-Server\.venv\Lib\site-packages\mysql\connector\connection_cext.py", line 781, in cmd_query
    raise get_mysql_exception(
        err.errno, msg=err.msg, sqlstate=err.sqlstate
    ) from err
mysql.connector.errors.ProgrammingError: 1054 (42S22): Unknown column 'igd' in 'where clause'
[2025-09-16 17:05:43] [WARNING] login endpoint: Failed login attempt for username: testadmin
[2025-09-16 17:05:48] [INFO] login endpoint: User 'testadmin' logged in successfully
[2025-09-16 17:05:48] [INFO] vm endpoint: testadmin retrieved VM info successfully
[2025-09-16 17:07:22] [WARNING] login endpoint: Failed login attempt for username:   cDxvBSdv 
[2025-09-16 17:07:32] [WARNING] login endpoint: Failed login attempt for username: cDxvBSdv 
[2025-09-16 17:08:26] [WARNING] login endpoint: Failed login attempt for username: testadmin
[2025-09-16 17:09:34] [WARNING] login endpoint: Failed login attempt for username: testadmin
[2025-09-16 17:11:09] [ERROR] login endpoint: Unexpected error in login API
Traceback (most recent call last):
  File "C:\Users\mdudi\OneDrive - WatchGuard Technologies Inc\Desktop\KVM-Server\backend\src\services\login.py", line 20, in login
    raise Exception()
Exception
[2025-09-16 17:15:32] [INFO] login endpoint: User 'testadmin' logged in successfully
